Microchip MPLAB XC8 Compiler V1.45 ()

Linker command line:

-W-3 --edf=C:\Program Files (x86)\Microchip\xc8\v1.45\dat\en_msgs.txt -cs \
  -h+dist/default/production\MccCode.X.production.sym \
  --cmf=dist/default/production\MccCode.X.production.cmf -z -Q16F1509 \
  -oC:\Users\zkata\AppData\Local\Temp\s6dk.2 \
  -Mdist/default/production/MccCode.X.production.map -E1 -ver=XC8 \
  -ASTACK=02028h-021efh -pstack=STACK -ACODE=00h-07FFhx4 \
  -ASTRCODE=00h-01FFFh -ASTRING=00h-0FFhx32 -ACONST=00h-0FFhx32 \
  -AENTRY=00h-0FFhx32 -ACOMMON=070h-07Fh -ABANK0=020h-06Fh \
  -ABANK1=0A0h-0EFh -ABANK2=0120h-016Fh -ABANK3=01A0h-01EFh \
  -ABANK4=0220h-026Fh -ABANK5=02A0h-02EFh -ABANK6=0320h-032Fh \
  -ABIGRAM=02000h-021EFh \
  -ARAM=020h-06Fh,0A0h-0EFh,0120h-016Fh,01A0h-01EFh,0220h-026Fh,02A0h-02EFh,0320h-032Fh \
  -AABS1=020h-07Fh,0A0h-0EFh,0120h-016Fh,01A0h-01EFh,0220h-026Fh,02A0h-02EFh,0320h-032Fh \
  -ASFR0=00h-01Fh -ASFR1=080h-09Fh -ASFR2=0100h-011Fh -ASFR3=0180h-019Fh \
  -ASFR4=0200h-021Fh -ASFR5=0280h-029Fh -ASFR6=0300h-031Fh \
  -ASFR7=0380h-03EFh -ASFR8=0400h-046Fh -ASFR9=0480h-04EFh \
  -ASFR10=0500h-056Fh -ASFR11=0580h-05EFh -ASFR12=0600h-066Fh \
  -ASFR13=0680h-06EFh -ASFR14=0700h-076Fh -ASFR15=0780h-07EFh \
  -ASFR16=0800h-086Fh -ASFR17=0880h-08EFh -ASFR18=0900h-096Fh \
  -ASFR19=0980h-09EFh -ASFR20=0A00h-0A6Fh -ASFR21=0A80h-0AEFh \
  -ASFR22=0B00h-0B6Fh -ASFR23=0B80h-0BEFh -ASFR24=0C00h-0C6Fh \
  -ASFR25=0C80h-0CEFh -ASFR26=0D00h-0D6Fh -ASFR27=0D80h-0DEFh \
  -ASFR28=0E00h-0E6Fh -ASFR29=0E80h-0EEFh -ASFR30=0F00h-0F6Fh \
  -ASFR31=0F80h-0FEFh -preset_vec=00h,intentry=04h,init,end_init \
  -ppowerup=CODE -pcinit=CODE -pfunctab=ENTRY -ACONFIG=08007h-08008h \
  -pconfig=CONFIG -DCONFIG=2 -AIDLOC=08000h-08003h -pidloc=IDLOC -DIDLOC=2 \
  -DCODE=2 -DSTRCODE=2 -DSTRING=2 -DCONST=2 -DENTRY=2 -k \
  C:\Users\zkata\AppData\Local\Temp\s6dk.obj \
  dist/default/production\MccCode.X.production.obj 

Object code version is 3.11

Machine type is 16F1509



                Name                               Link     Load   Length Selector   Space Scale
C:\Users\zkata\AppData\Local\Temp\s6dk.obj
                end_init                             30       30        2        8       0
                reset_vec                             0        0        2        0       0
                config                             8007     8007        2    1000E       0
dist/default/production\MccCode.X.production.obj
                cinit                                32       32       11        8       0
                intentry                              4        4       2C        8       0
                text55                              31D      31D        3      340       0
                text54                              31A      31A        3      340       0
                text53                              251      251        E      340       0
                text52                              139      139       24        8       0
                text51                              25F      25F        D      340       0
                text50                              240      240       11      340       0
                text49                              322      322        2      340       0
                text48                              320      320        2      340       0
                text47                              22F      22F       11      340       0
                text46                              21E      21E       11      340       0
                text45                              20D      20D       11      340       0
                text44                              1D1      1D1       18      340       0
                text43                              317      317        3      340       0
                text42                              307      307        4      340       0
                text41                              314      314        3      340       0
                text40                              303      303        4      340       0
                text39                              2DA      2DA        5      340       0
                text38                              2CA      2CA        6      340       0
                text37                              311      311        3      340       0
                text36                              114      114       25        8       0
                text35                              2D5      2D5        5      340       0
                text34                              291      291        8      340       0
                text33                              299      299        7      340       0
                text32                               43       43       4B        8       0
                text31                               8E       8E       3A        8       0
                text30                              2C4      2C4        6      340       0
                text29                              2FF      2FF        4      340       0
                text28                              2FB      2FB        4      340       0
                text27                              2F7      2F7        4      340       0
                text26                              2F3      2F3        4      340       0
                text25                              2EF      2EF        4      340       0
                text24                              2EB      2EB        4      340       0
                text23                              2E7      2E7        4      340       0
                text22                              2D0      2D0        5      340       0
                text21                              15D      15D       23        8       0
                text20                              30E      30E        3      340       0
                text19                               C8       C8       27        8       0
                text18                              30B      30B        3      340       0
                text17                              324      324        1      340       0
                text16                              26C      26C        B      340       0
                text15                              1FB      1FB       12      340       0
                text13                              280      280        9      340       0
                text12                              2BE      2BE        6      340       0
                text11                              2B8      2B8        6      340       0
                text10                              2B2      2B2        6      340       0
                text9                                EF       EF       25        8       0
                text8                               277      277        9      340       0
                text7                               2AC      2AC        6      340       0
                text6                               1A0      1A0       19      340       0
                text5                               289      289        8      340       0
                text4                               2A6      2A6        6      340       0
                text3                               1E9      1E9       12      340       0
                text2                               2E3      2E3        4      340       0
                text1                               1B9      1B9       18      340       0
                maintext                            2DF      2DF        4      340       0
                cstackBANK0                          46       46        2       20       1
                cstackCOMMON                         70       70        8       70       1
                clrtext                             2A0      2A0        6      340       0
                bssBANK0                             20       20       1E       20       1
                bssCOMMON                            78       78        6       70       1
                nvBANK0                              3E       3E        8       20       1
                stringtext1                         180      180       20      300       0

TOTAL           Name                               Link     Load   Length     Space
        CLASS   STACK          

        CLASS   CODE           
                end_init                             30       30        2         0
                cinit                                32       32       11         0
                intentry                              4        4       2C         0
                reset_vec                             0        0        2         0
                text55                              31D      31D        3         0
                text54                              31A      31A        3         0
                text53                              251      251        E         0
                text52                              139      139       24         0
                text51                              25F      25F        D         0
                text50                              240      240       11         0
                text49                              322      322        2         0
                text48                              320      320        2         0
                text47                              22F      22F       11         0
                text46                              21E      21E       11         0
                text45                              20D      20D       11         0
                text44                              1D1      1D1       18         0
                text43                              317      317        3         0
                text42                              307      307        4         0
                text41                              314      314        3         0
                text40                              303      303        4         0
                text39                              2DA      2DA        5         0
                text38                              2CA      2CA        6         0
                text37                              311      311        3         0
                text36                              114      114       25         0
                text35                              2D5      2D5        5         0
                text34                              291      291        8         0
                text33                              299      299        7         0
                text32                               43       43       4B         0
                text31                               8E       8E       3A         0
                text30                              2C4      2C4        6         0
                text29                              2FF      2FF        4         0
                text28                              2FB      2FB        4         0
                text27                              2F7      2F7        4         0
                text26                              2F3      2F3        4         0
                text25                              2EF      2EF        4         0
                text24                              2EB      2EB        4         0
                text23                              2E7      2E7        4         0
                text22                              2D0      2D0        5         0
                text21                              15D      15D       23         0
                text20                              30E      30E        3         0
                text19                               C8       C8       27         0
                text18                              30B      30B        3         0
                text17                              324      324        1         0
                text16                              26C      26C        B         0
                text15                              1FB      1FB       12         0
                text13                              280      280        9         0
                text12                              2BE      2BE        6         0
                text11                              2B8      2B8        6         0
                text10                              2B2      2B2        6         0
                text9                                EF       EF       25         0
                text8                               277      277        9         0
                text7                               2AC      2AC        6         0
                text6                               1A0      1A0       19         0
                text5                               289      289        8         0
                text4                               2A6      2A6        6         0
                text3                               1E9      1E9       12         0
                text2                               2E3      2E3        4         0
                text1                               1B9      1B9       18         0
                maintext                            2DF      2DF        4         0
                clrtext                             2A0      2A0        6         0

        CLASS   STRCODE        
                stringtext1                         180      180       20         0

        CLASS   STRING         

        CLASS   CONST          

        CLASS   ENTRY          

        CLASS   COMMON         
                cstackCOMMON                         70       70        8         1
                bssCOMMON                            78       78        6         1

        CLASS   BANK0          
                cstackBANK0                          46       46        2         1
                bssBANK0                             20       20       1E         1
                nvBANK0                              3E       3E        8         1

        CLASS   BANK1          

        CLASS   BANK2          

        CLASS   BANK3          

        CLASS   BANK4          

        CLASS   BANK5          

        CLASS   BANK6          

        CLASS   BIGRAM         

        CLASS   RAM            

        CLASS   ABS1           
                abs_s1                               7E       7E        2         1

        CLASS   SFR0           

        CLASS   SFR1           

        CLASS   SFR2           

        CLASS   SFR3           

        CLASS   SFR4           

        CLASS   SFR5           

        CLASS   SFR6           

        CLASS   SFR7           

        CLASS   SFR8           

        CLASS   SFR9           

        CLASS   SFR10          

        CLASS   SFR11          

        CLASS   SFR12          

        CLASS   SFR13          

        CLASS   SFR14          

        CLASS   SFR15          

        CLASS   SFR16          

        CLASS   SFR17          

        CLASS   SFR18          

        CLASS   SFR19          

        CLASS   SFR20          

        CLASS   SFR21          

        CLASS   SFR22          

        CLASS   SFR23          

        CLASS   SFR24          

        CLASS   SFR25          

        CLASS   SFR26          

        CLASS   SFR27          

        CLASS   SFR28          

        CLASS   SFR29          

        CLASS   SFR30          

        CLASS   SFR31          

        CLASS   CONFIG         
                config                             8007     8007        2         0

        CLASS   IDLOC          

        CLASS   BANK31         

        CLASS   BANK30         

        CLASS   BANK29         

        CLASS   BANK28         

        CLASS   BANK27         

        CLASS   BANK26         

        CLASS   BANK25         

        CLASS   BANK24         

        CLASS   BANK23         

        CLASS   BANK22         

        CLASS   BANK21         

        CLASS   BANK20         

        CLASS   BANK19         

        CLASS   BANK18         

        CLASS   BANK17         

        CLASS   BANK16         

        CLASS   BANK15         

        CLASS   BANK14         

        CLASS   BANK13         

        CLASS   BANK12         

        CLASS   BANK11         

        CLASS   BANK10         

        CLASS   BANK9          

        CLASS   BANK8          

        CLASS   BANK7          

        CLASS   EEDATA         



SEGMENTS        Name                           Load    Length   Top    Selector   Space  Class     Delta

                reset_vec                      000000  000002  000002         0       0  CODE        2
                intentry                       000004  00017C  000180         8       0  CODE        2
                bssBANK0                       000020  000028  000048        20       1  BANK0       1
                cstackCOMMON                   000070  00000E  00007E        70       1  COMMON      1
                stringtext1                    000180  000020  0001A0       300       0  STRCODE     2
                text6                          0001A0  000185  000325       340       0  CODE        2
                config                         008007  000002  008009     1000E       0  CONFIG      2


UNUSED ADDRESS RANGES

        Name                Unused          Largest block    Delta
        BANK0            00048-0006F              28           1
        BANK1            000A0-000EF              50           1
        BANK2            00120-0016F              50           1
        BANK3            001A0-001EF              50           1
        BANK4            00220-0026F              50           1
        BANK5            002A0-002EF              50           1
        BANK6            00320-0032F              10           1
        BIGRAM           02000-021EF             1F0           1
        CODE             00002-00003               2           2
                         00325-01FFF             800
        CONST            00002-00003               2           2
                         00325-01FFF             100
        ENTRY            00002-00003               2           2
                         00325-01FFF             100
        IDLOC            08000-08003               4           2
        RAM              00048-0006F              28           1
                         000A0-000EF              50
                         00120-0016F              50
                         001A0-001EF              50
                         00220-0026F              50
                         002A0-002EF              50
                         00320-0032F              10
        SFR0             00000-0001F              20           1
        SFR1             00080-0009F              20           1
        SFR10            00500-0056F              70           1
        SFR11            00580-005EF              70           1
        SFR12            00600-0066F              70           1
        SFR13            00680-006EF              70           1
        SFR14            00700-0076F              70           1
        SFR15            00780-007EF              70           1
        SFR16            00800-0086F              70           1
        SFR17            00880-008EF              70           1
        SFR18            00900-0096F              70           1
        SFR19            00980-009EF              70           1
        SFR2             00100-0011F              20           1
        SFR20            00A00-00A6F              70           1
        SFR21            00A80-00AEF              70           1
        SFR22            00B00-00B6F              70           1
        SFR23            00B80-00BEF              70           1
        SFR24            00C00-00C6F              70           1
        SFR25            00C80-00CEF              70           1
        SFR26            00D00-00D6F              70           1
        SFR27            00D80-00DEF              70           1
        SFR28            00E00-00E6F              70           1
        SFR29            00E80-00EEF              70           1
        SFR3             00180-0019F              20           1
        SFR30            00F00-00F6F              70           1
        SFR31            00F80-00FEF              70           1
        SFR4             00200-0021F              20           1
        SFR5             00280-0029F              20           1
        SFR6             00300-0031F              20           1
        SFR7             00380-003EF              70           1
        SFR8             00400-0046F              70           1
        SFR9             00480-004EF              70           1
        STACK            02028-021EF             1C8           1
        STRCODE          00002-00003               2           2
                         00325-01FFF            1CDB
        STRING           00002-00003               2           2
                         00325-01FFF             100

                                  Symbol Table

EUSART_SetErrorHandler@interruptHandler        cstackBANK0  00046
EUSART_SetFramingErrorHandler@interruptHandler cstackBANK0  00046
EUSART_SetOverrunErrorHandler@interruptHandler cstackBANK0  00046
I2C_MasterSendTxData@data                      cstackCOMMON 00070
I2C_SetBuffer@buffer                           cstackCOMMON 00073
I2C_SetBuffer@bufferSize                       cstackCOMMON 00070
I2C_SetCallback@cb                             cstackCOMMON 00070
I2C_SetCallback@idx                            cstackCOMMON 00074
I2C_SetCallback@ptr                            cstackCOMMON 00072
I2C_SetDataCompleteCallback@cb                 cstackCOMMON 00075
I2C_SetDataCompleteCallback@ptr                cstackCOMMON 00077
TMR2_ISR@CountCallBack                         bssCOMMON    0007A
TMR2_SetInterruptHandler@InterruptHandler      cstackBANK0  00046
_ADCON0                                        (abs)        0009D
_ADCON0bits                                    (abs)        0009D
_ADCON1                                        (abs)        0009E
_ADCON2                                        (abs)        0009F
_ADC_Initialize                                text13       00280
_ADRESH                                        (abs)        0009C
_ADRESL                                        (abs)        0009B
_ANSELA                                        (abs)        0018C
_ANSELB                                        (abs)        0018D
_ANSELC                                        (abs)        0018E
_APFCON                                        (abs)        0011D
_BAUDCON                                       (abs)        0019F
_BORCON                                        (abs)        00116
_EUSART_DefaultErrorHandler                    (abs)        00000
_EUSART_DefaultFramingErrorHandler             (abs)        00000
_EUSART_DefaultOverrunErrorHandler             (abs)        00000
_EUSART_ErrorHandler                           nvBANK0      00040
_EUSART_FramingErrorHandler                    nvBANK0      00044
_EUSART_Initialize                             text9        000EF
_EUSART_OverrunErrorHandler                    nvBANK0      00042
_EUSART_SetErrorHandler                        text12       002BE
_EUSART_SetFramingErrorHandler                 text11       002B8
_EUSART_SetOverrunErrorHandler                 text10       002B2
_I2C_CallbackReturnReset                       text48       00320
_I2C_CallbackReturnStop                        text49       00322
_I2C_DO_ADDRESS_NACK                           text21       0015D
_I2C_DO_IDLE                                   text35       002D5
_I2C_DO_RCEN                                   text30       002C4
_I2C_DO_RESET                                  text22       002D0
_I2C_DO_RX                                     text31       0008E
_I2C_DO_RX_ACK                                 text25       002EF
_I2C_DO_RX_NACK_RESTART                        text23       002E7
_I2C_DO_RX_NACK_STOP                           text24       002EB
_I2C_DO_SEND_ADR_READ                          text34       00291
_I2C_DO_SEND_ADR_WRITE                         text33       00299
_I2C_DO_SEND_RESTART                           text27       002F7
_I2C_DO_SEND_RESTART_READ                      text29       002FF
_I2C_DO_SEND_RESTART_WRITE                     text28       002FB
_I2C_DO_SEND_STOP                              text26       002F3
_I2C_DO_TX                                     text32       00043
_I2C_DO_TX$872                                 cstackCOMMON 00072
_I2C_DO_TX_EMPTY                               text36       00114
_I2C_Initialize                                text8        00277
_I2C_MasterClearIrq                            text20       0030E
_I2C_MasterEnableRestart                       text55       0031D
_I2C_MasterFsm                                 text19       000C8
_I2C_MasterGetRxData                           text41       00314
_I2C_MasterIsNack                              text38       002CA
_I2C_MasterIsr                                 text18       0030B
_I2C_MasterSendAck                             text40       00303
_I2C_MasterSendNack                            text42       00307
_I2C_MasterSendTxData                          text39       002DA
_I2C_MasterSetIrq                              text37       00311
_I2C_MasterStartRx                             text43       00317
_I2C_MasterStop                                text54       0031A
_I2C_SetBuffer                                 text53       00251
_I2C_SetCallback                               text52       00139
_I2C_SetDataCompleteCallback                   text51       0025F
_I2C_Status                                    bssBANK0     00020
_INTCONbits                                    (abs)        0000B
_INTERRUPT_InterruptManager                    intentry     00004
_LATA                                          (abs)        0010C
_LATB                                          (abs)        0010D
_LATC                                          (abs)        0010E
_MSSP_InterruptHandler                         bssCOMMON    0007C
_OPTION_REGbits                                (abs)        00095
_OSCCON                                        (abs)        00099
_OSCILLATOR_Initialize                         text7        002AC
_PIE1bits                                      (abs)        00091
_PIE2bits                                      (abs)        00092
_PIN_MANAGER_Initialize                        text6        001A0
_PIR1bits                                      (abs)        00011
_PIR2bits                                      (abs)        00012
_PMADRH                                        (abs)        00192
_PMADRL                                        (abs)        00191
_PMCON1bits                                    (abs)        00195
_PMCON2                                        (abs)        00196
_PMDATH                                        (abs)        00194
_PMDATL                                        (abs)        00193
_PR2                                           (abs)        0001B
_PWM1CON                                       (abs)        00613
_PWM1DCH                                       (abs)        00612
_PWM1DCL                                       (abs)        00611
_PWM1_Initialize                               text5        00289
_RCREG                                         (abs)        00199
_RCSTA                                         (abs)        0019D
_RCSTAbits                                     (abs)        0019D
_SPBRGH                                        (abs)        0019C
_SPBRGL                                        (abs)        0019B
_SSP1ADD                                       (abs)        00212
_SSP1BUF                                       (abs)        00211
_SSP1CON1                                      (abs)        00215
_SSP1CON1bits                                  (abs)        00215
_SSP1CON2                                      (abs)        00216
_SSP1CON2bits                                  (abs)        00216
_SSP1STAT                                      (abs)        00214
_SSP1STATbits                                  (abs)        00214
_SYSTEM_Initialize                             text1        001B9
_T2CON                                         (abs)        0001C
_T2CONbits                                     (abs)        0001C
_TMR2                                          (abs)        0001A
_TMR2_CallBack                                 text16       0026C
_TMR2_DefaultInterruptHandler                  text17       00324
_TMR2_ISR                                      text15       001FB
_TMR2_Initialize                               text3        001E9
_TMR2_InterruptHandler                         nvBANK0      0003E
_TMR2_SetInterruptHandler                      text4        002A6
_TRISA                                         (abs)        0008C
_TRISB                                         (abs)        0008D
_TRISC                                         (abs)        0008E
_TXREG                                         (abs)        0019A
_TXSTA                                         (abs)        0019E
_TXSTAbits                                     (abs)        0019E
_WDTCON                                        (abs)        00097
_WDT_Initialize                                text2        002E3
_WPUA                                          (abs)        0020C
_WPUB                                          (abs)        0020D
__CFG_BOREN$ON                                 (abs)        00000
__CFG_BORV$LO                                  (abs)        00000
__CFG_CLKOUTEN$OFF                             (abs)        00000
__CFG_CP$OFF                                   (abs)        00000
__CFG_FCMEN$ON                                 (abs)        00000
__CFG_FOSC$INTOSC                              (abs)        00000
__CFG_IESO$ON                                  (abs)        00000
__CFG_LPBOR$OFF                                (abs)        00000
__CFG_LVP$ON                                   (abs)        00000
__CFG_MCLRE$ON                                 (abs)        00000
__CFG_PWRTE$OFF                                (abs)        00000
__CFG_STVREN$ON                                (abs)        00000
__CFG_WDTE$OFF                                 (abs)        00000
__CFG_WRT$OFF                                  (abs)        00000
__Habs1                                        abs1         00000
__Hbank0                                       bank0        00000
__Hbank1                                       bank1        00000
__Hbank10                                      bank10       00000
__Hbank11                                      bank11       00000
__Hbank12                                      bank12       00000
__Hbank13                                      bank13       00000
__Hbank14                                      bank14       00000
__Hbank15                                      bank15       00000
__Hbank16                                      bank16       00000
__Hbank17                                      bank17       00000
__Hbank18                                      bank18       00000
__Hbank19                                      bank19       00000
__Hbank2                                       bank2        00000
__Hbank20                                      bank20       00000
__Hbank21                                      bank21       00000
__Hbank22                                      bank22       00000
__Hbank23                                      bank23       00000
__Hbank24                                      bank24       00000
__Hbank25                                      bank25       00000
__Hbank26                                      bank26       00000
__Hbank27                                      bank27       00000
__Hbank28                                      bank28       00000
__Hbank29                                      bank29       00000
__Hbank3                                       bank3        00000
__Hbank30                                      bank30       00000
__Hbank31                                      bank31       00000
__Hbank4                                       bank4        00000
__Hbank5                                       bank5        00000
__Hbank6                                       bank6        00000
__Hbank7                                       bank7        00000
__Hbank8                                       bank8        00000
__Hbank9                                       bank9        00000
__Hbigram                                      bigram       00000
__HbssBANK0                                    bssBANK0     00000
__HbssCOMMON                                   bssCOMMON    00000
__Hcinit                                       cinit        00043
__Hclrtext                                     clrtext      00000
__Hcode                                        code         00000
__Hcommon                                      common       00000
__Hconfig                                      config       08009
__HcstackBANK0                                 cstackBANK0  00000
__HcstackCOMMON                                cstackCOMMON 00000
__Heeprom_data                                 eeprom_data  00000
__Hend_init                                    end_init     00032
__Hfunctab                                     functab      00000
__Hidloc                                       idloc        00000
__Hinit                                        init         00030
__Hintentry                                    intentry     00030
__Hmaintext                                    maintext     00000
__HnvBANK0                                     nvBANK0      00000
__Hpowerup                                     powerup      00000
__Hram                                         ram          00000
__Hreset_vec                                   reset_vec    00002
__Hsfr0                                        sfr0         00000
__Hsfr1                                        sfr1         00000
__Hsfr10                                       sfr10        00000
__Hsfr11                                       sfr11        00000
__Hsfr12                                       sfr12        00000
__Hsfr13                                       sfr13        00000
__Hsfr14                                       sfr14        00000
__Hsfr15                                       sfr15        00000
__Hsfr16                                       sfr16        00000
__Hsfr17                                       sfr17        00000
__Hsfr18                                       sfr18        00000
__Hsfr19                                       sfr19        00000
__Hsfr2                                        sfr2         00000
__Hsfr20                                       sfr20        00000
__Hsfr21                                       sfr21        00000
__Hsfr22                                       sfr22        00000
__Hsfr23                                       sfr23        00000
__Hsfr24                                       sfr24        00000
__Hsfr25                                       sfr25        00000
__Hsfr26                                       sfr26        00000
__Hsfr27                                       sfr27        00000
__Hsfr28                                       sfr28        00000
__Hsfr29                                       sfr29        00000
__Hsfr3                                        sfr3         00000
__Hsfr30                                       sfr30        00000
__Hsfr31                                       sfr31        00000
__Hsfr4                                        sfr4         00000
__Hsfr5                                        sfr5         00000
__Hsfr6                                        sfr6         00000
__Hsfr7                                        sfr7         00000
__Hsfr8                                        sfr8         00000
__Hsfr9                                        sfr9         00000
__Hspace_0                                     (abs)        08009
__Hspace_1                                     (abs)        0007E
__Hspace_2                                     (abs)        00000
__Hspace_3                                     (abs)        00000
__Hstack                                       stack        00000
__Hstrings                                     strings      00000
__Hstringtext1                                 stringtext1  00000
__Htext                                        text         00000
__Labs1                                        abs1         00000
__Lbank0                                       bank0        00000
__Lbank1                                       bank1        00000
__Lbank10                                      bank10       00000
__Lbank11                                      bank11       00000
__Lbank12                                      bank12       00000
__Lbank13                                      bank13       00000
__Lbank14                                      bank14       00000
__Lbank15                                      bank15       00000
__Lbank16                                      bank16       00000
__Lbank17                                      bank17       00000
__Lbank18                                      bank18       00000
__Lbank19                                      bank19       00000
__Lbank2                                       bank2        00000
__Lbank20                                      bank20       00000
__Lbank21                                      bank21       00000
__Lbank22                                      bank22       00000
__Lbank23                                      bank23       00000
__Lbank24                                      bank24       00000
__Lbank25                                      bank25       00000
__Lbank26                                      bank26       00000
__Lbank27                                      bank27       00000
__Lbank28                                      bank28       00000
__Lbank29                                      bank29       00000
__Lbank3                                       bank3        00000
__Lbank30                                      bank30       00000
__Lbank31                                      bank31       00000
__Lbank4                                       bank4        00000
__Lbank5                                       bank5        00000
__Lbank6                                       bank6        00000
__Lbank7                                       bank7        00000
__Lbank8                                       bank8        00000
__Lbank9                                       bank9        00000
__Lbigram                                      bigram       00000
__LbssBANK0                                    bssBANK0     00000
__LbssCOMMON                                   bssCOMMON    00000
__Lcinit                                       cinit        00032
__Lclrtext                                     clrtext      00000
__Lcode                                        code         00000
__Lcommon                                      common       00000
__Lconfig                                      config       08007
__LcstackBANK0                                 cstackBANK0  00000
__LcstackCOMMON                                cstackCOMMON 00000
__Leeprom_data                                 eeprom_data  00000
__Lend_init                                    end_init     00030
__Lfunctab                                     functab      00000
__Lidloc                                       idloc        00000
__Linit                                        init         00030
__Lintentry                                    intentry     00004
__Lmaintext                                    maintext     00000
__LnvBANK0                                     nvBANK0      00000
__Lpowerup                                     powerup      00000
__Lram                                         ram          00000
__Lreset_vec                                   reset_vec    00000
__Lsfr0                                        sfr0         00000
__Lsfr1                                        sfr1         00000
__Lsfr10                                       sfr10        00000
__Lsfr11                                       sfr11        00000
__Lsfr12                                       sfr12        00000
__Lsfr13                                       sfr13        00000
__Lsfr14                                       sfr14        00000
__Lsfr15                                       sfr15        00000
__Lsfr16                                       sfr16        00000
__Lsfr17                                       sfr17        00000
__Lsfr18                                       sfr18        00000
__Lsfr19                                       sfr19        00000
__Lsfr2                                        sfr2         00000
__Lsfr20                                       sfr20        00000
__Lsfr21                                       sfr21        00000
__Lsfr22                                       sfr22        00000
__Lsfr23                                       sfr23        00000
__Lsfr24                                       sfr24        00000
__Lsfr25                                       sfr25        00000
__Lsfr26                                       sfr26        00000
__Lsfr27                                       sfr27        00000
__Lsfr28                                       sfr28        00000
__Lsfr29                                       sfr29        00000
__Lsfr3                                        sfr3         00000
__Lsfr30                                       sfr30        00000
__Lsfr31                                       sfr31        00000
__Lsfr4                                        sfr4         00000
__Lsfr5                                        sfr5         00000
__Lsfr6                                        sfr6         00000
__Lsfr7                                        sfr7         00000
__Lsfr8                                        sfr8         00000
__Lsfr9                                        sfr9         00000
__Lspace_0                                     (abs)        00000
__Lspace_1                                     (abs)        00000
__Lspace_2                                     (abs)        00000
__Lspace_3                                     (abs)        00000
__Lstack                                       stack        00000
__Lstrings                                     strings      00000
__Lstringtext1                                 stringtext1  00000
__Ltext                                        text         00000
__S0                                           (abs)        08009
__S1                                           (abs)        0007E
__S2                                           (abs)        00000
___int_sp                                      stack        00000
___latbits                                     (abs)        00002
___sp                                          stack        00000
__end_of_ADC_Initialize                        text13       00289
__end_of_EUSART_Initialize                     text9        00114
__end_of_EUSART_SetErrorHandler                text12       002C4
__end_of_EUSART_SetFramingErrorHandler         text11       002BE
__end_of_EUSART_SetOverrunErrorHandler         text10       002B8
__end_of_I2C_CallbackReturnReset               text48       00322
__end_of_I2C_CallbackReturnStop                text49       00324
__end_of_I2C_DO_ADDRESS_NACK                   text21       00180
__end_of_I2C_DO_IDLE                           text35       002DA
__end_of_I2C_DO_RCEN                           text30       002CA
__end_of_I2C_DO_RESET                          text22       002D5
__end_of_I2C_DO_RX                             text31       000C8
__end_of_I2C_DO_RX_ACK                         text25       002F3
__end_of_I2C_DO_RX_NACK_RESTART                text23       002EB
__end_of_I2C_DO_RX_NACK_STOP                   text24       002EF
__end_of_I2C_DO_SEND_ADR_READ                  text34       00299
__end_of_I2C_DO_SEND_ADR_WRITE                 text33       002A0
__end_of_I2C_DO_SEND_RESTART                   text27       002FB
__end_of_I2C_DO_SEND_RESTART_READ              text29       00303
__end_of_I2C_DO_SEND_RESTART_WRITE             text28       002FF
__end_of_I2C_DO_SEND_STOP                      text26       002F7
__end_of_I2C_DO_TX                             text32       0008E
__end_of_I2C_DO_TX_EMPTY                       text36       00139
__end_of_I2C_Initialize                        text8        00280
__end_of_I2C_MasterClearIrq                    text20       00311
__end_of_I2C_MasterEnableRestart               text55       00320
__end_of_I2C_MasterFsm                         text19       000EF
__end_of_I2C_MasterGetRxData                   text41       00317
__end_of_I2C_MasterIsNack                      text38       002D0
__end_of_I2C_MasterIsr                         text18       0030E
__end_of_I2C_MasterSendAck                     text40       00307
__end_of_I2C_MasterSendNack                    text42       0030B
__end_of_I2C_MasterSendTxData                  text39       002DF
__end_of_I2C_MasterSetIrq                      text37       00314
__end_of_I2C_MasterStartRx                     text43       0031A
__end_of_I2C_MasterStop                        text54       0031D
__end_of_I2C_SetBuffer                         text53       0025F
__end_of_I2C_SetCallback                       text52       0015D
__end_of_I2C_SetDataCompleteCallback           text51       0026C
__end_of_INTERRUPT_InterruptManager            intentry     00030
__end_of_OSCILLATOR_Initialize                 text7        002B2
__end_of_PIN_MANAGER_Initialize                text6        001B9
__end_of_PWM1_Initialize                       text5        00291
__end_of_SYSTEM_Initialize                     text1        001D1
__end_of_TMR2_CallBack                         text16       00277
__end_of_TMR2_DefaultInterruptHandler          text17       00325
__end_of_TMR2_ISR                              text15       0020D
__end_of_TMR2_Initialize                       text3        001FB
__end_of_TMR2_SetInterruptHandler              text4        002AC
__end_of_WDT_Initialize                        text2        002E7
__end_of__initialization                       cinit        0003F
__end_of_fsmStateTable                         stringtext1  001A0
__end_of_main                                  maintext     002E3
__end_of_rd1RegCompleteHandler                 text47       00240
__end_of_rd2RegCompleteHandler                 text46       0022F
__end_of_rdBlkRegCompleteHandler               text44       001E9
__end_of_wr1RegCompleteHandler                 text45       0021E
__end_of_wr2RegCompleteHandler                 text50       00251
__initialization                               cinit        00032
__pbssBANK0                                    bssBANK0     00020
__pbssCOMMON                                   bssCOMMON    00078
__pcstackBANK0                                 cstackBANK0  00046
__pcstackCOMMON                                cstackCOMMON 00070
__pintentry                                    intentry     00004
__pmaintext                                    maintext     002DF
__pnvBANK0                                     nvBANK0      0003E
__pstringtext1                                 stringtext1  00180
__ptext1                                       text1        001B9
__ptext10                                      text10       002B2
__ptext11                                      text11       002B8
__ptext12                                      text12       002BE
__ptext13                                      text13       00280
__ptext15                                      text15       001FB
__ptext16                                      text16       0026C
__ptext17                                      text17       00324
__ptext18                                      text18       0030B
__ptext19                                      text19       000C8
__ptext2                                       text2        002E3
__ptext20                                      text20       0030E
__ptext21                                      text21       0015D
__ptext22                                      text22       002D0
__ptext23                                      text23       002E7
__ptext24                                      text24       002EB
__ptext25                                      text25       002EF
__ptext26                                      text26       002F3
__ptext27                                      text27       002F7
__ptext28                                      text28       002FB
__ptext29                                      text29       002FF
__ptext3                                       text3        001E9
__ptext30                                      text30       002C4
__ptext31                                      text31       0008E
__ptext32                                      text32       00043
__ptext33                                      text33       00299
__ptext34                                      text34       00291
__ptext35                                      text35       002D5
__ptext36                                      text36       00114
__ptext37                                      text37       00311
__ptext38                                      text38       002CA
__ptext39                                      text39       002DA
__ptext4                                       text4        002A6
__ptext40                                      text40       00303
__ptext41                                      text41       00314
__ptext42                                      text42       00307
__ptext43                                      text43       00317
__ptext44                                      text44       001D1
__ptext45                                      text45       0020D
__ptext46                                      text46       0021E
__ptext47                                      text47       0022F
__ptext48                                      text48       00320
__ptext49                                      text49       00322
__ptext5                                       text5        00289
__ptext50                                      text50       00240
__ptext51                                      text51       0025F
__ptext52                                      text52       00139
__ptext53                                      text53       00251
__ptext54                                      text54       0031A
__ptext55                                      text55       0031D
__ptext6                                       text6        001A0
__ptext7                                       text7        002AC
__ptext8                                       text8        00277
__ptext9                                       text9        000EF
__size_of_ADC_Initialize                       (abs)        00000
__size_of_EUSART_Initialize                    (abs)        00000
__size_of_EUSART_SetErrorHandler               (abs)        00000
__size_of_EUSART_SetFramingErrorHandler        (abs)        00000
__size_of_EUSART_SetOverrunErrorHandler        (abs)        00000
__size_of_I2C_CallbackReturnReset              (abs)        00000
__size_of_I2C_CallbackReturnStop               (abs)        00000
__size_of_I2C_DO_ADDRESS_NACK                  (abs)        00000
__size_of_I2C_DO_IDLE                          (abs)        00000
__size_of_I2C_DO_RCEN                          (abs)        00000
__size_of_I2C_DO_RESET                         (abs)        00000
__size_of_I2C_DO_RX                            (abs)        00000
__size_of_I2C_DO_RX_ACK                        (abs)        00000
__size_of_I2C_DO_RX_NACK_RESTART               (abs)        00000
__size_of_I2C_DO_RX_NACK_STOP                  (abs)        00000
__size_of_I2C_DO_SEND_ADR_READ                 (abs)        00000
__size_of_I2C_DO_SEND_ADR_WRITE                (abs)        00000
__size_of_I2C_DO_SEND_RESTART                  (abs)        00000
__size_of_I2C_DO_SEND_RESTART_READ             (abs)        00000
__size_of_I2C_DO_SEND_RESTART_WRITE            (abs)        00000
__size_of_I2C_DO_SEND_STOP                     (abs)        00000
__size_of_I2C_DO_TX                            (abs)        00000
__size_of_I2C_DO_TX_EMPTY                      (abs)        00000
__size_of_I2C_Initialize                       (abs)        00000
__size_of_I2C_MasterClearIrq                   (abs)        00000
__size_of_I2C_MasterEnableRestart              (abs)        00000
__size_of_I2C_MasterFsm                        (abs)        00000
__size_of_I2C_MasterGetRxData                  (abs)        00000
__size_of_I2C_MasterIsNack                     (abs)        00000
__size_of_I2C_MasterIsr                        (abs)        00000
__size_of_I2C_MasterSendAck                    (abs)        00000
__size_of_I2C_MasterSendNack                   (abs)        00000
__size_of_I2C_MasterSendTxData                 (abs)        00000
__size_of_I2C_MasterSetIrq                     (abs)        00000
__size_of_I2C_MasterStartRx                    (abs)        00000
__size_of_I2C_MasterStop                       (abs)        00000
__size_of_I2C_SetBuffer                        (abs)        00000
__size_of_I2C_SetCallback                      (abs)        00000
__size_of_I2C_SetDataCompleteCallback          (abs)        00000
__size_of_INTERRUPT_InterruptManager           (abs)        00000
__size_of_OSCILLATOR_Initialize                (abs)        00000
__size_of_PIN_MANAGER_Initialize               (abs)        00000
__size_of_PWM1_Initialize                      (abs)        00000
__size_of_SYSTEM_Initialize                    (abs)        00000
__size_of_TMR2_CallBack                        (abs)        00000
__size_of_TMR2_DefaultInterruptHandler         (abs)        00000
__size_of_TMR2_ISR                             (abs)        00000
__size_of_TMR2_Initialize                      (abs)        00000
__size_of_TMR2_SetInterruptHandler             (abs)        00000
__size_of_WDT_Initialize                       (abs)        00000
__size_of_main                                 (abs)        00000
__size_of_rd1RegCompleteHandler                (abs)        00000
__size_of_rd2RegCompleteHandler                (abs)        00000
__size_of_rdBlkRegCompleteHandler              (abs)        00000
__size_of_wr1RegCompleteHandler                (abs)        00000
__size_of_wr2RegCompleteHandler                (abs)        00000
_eusartRxLastError                             bssBANK0     0003D
_fsmStateTable                                 stringtext1  00180
_main                                          maintext     002DF
_rd1RegCompleteHandler                         text47       0022F
_rd2RegCompleteHandler                         text46       0021E
_rdBlkRegCompleteHandler                       text44       001D1
_wr1RegCompleteHandler                         text45       0020D
_wr2RegCompleteHandler                         text50       00240
btemp                                          (abs)        0007E
clear_ram0                                     clrtext      002A0
end_of_initialization                          cinit        0003F
int$flags                                      (abs)        0007E
intlevel0                                      functab      00000
intlevel1                                      functab      00000
intlevel2                                      functab      00000
intlevel3                                      functab      00000
intlevel4                                      functab      00000
intlevel5                                      functab      00000
rd1RegCompleteHandler@ptr                      cstackBANK0  00047
rd2RegCompleteHandler@ptr                      cstackBANK0  00047
rdBlkRegCompleteHandler@ptr                    cstackBANK0  00047
reset_vec                                      reset_vec    00000
stackhi                                        (abs)        021EF
stacklo                                        (abs)        02028
start                                          init         00030
start_initialization                           cinit        00032
wr1RegCompleteHandler@ptr                      cstackBANK0  00047
wr2RegCompleteHandler@ptr                      cstackBANK0  00047
wtemp0                                         (abs)        0007E


FUNCTION INFORMATION:

 *************** function _main *****************
 Defined at:
		line 49 in file "main.c"
 Parameters:    Size  Location     Type
		None
 Auto vars:     Size  Location     Type
		None
 Return value:  Size  Location     Type
                  1    wreg      void 
 Registers used:
		wreg, status,2, status,0, pclath, cstack
 Tracked objects:
		On entry : 
		On exit  : 
		Unchanged: 
 Data sizes:     COMMON   BANK0   BANK1   BANK2   BANK3   BANK4   BANK5   BANK6
      Params:         0       0       0       0       0       0       0       0
      Locals:         0       0       0       0       0       0       0       0
      Temps:          0       0       0       0       0       0       0       0
      Totals:         0       0       0       0       0       0       0       0
Total ram usage:        0 bytes
 Hardware stack levels required when called:   10
 This function calls:
		_SYSTEM_Initialize
 This function is called by:
		Startup code after reset
 This function uses a non-reentrant model


 *************** function _SYSTEM_Initialize *****************
 Defined at:
		line 50 in file "mcc_generated_files/mcc.c"
 Parameters:    Size  Location     Type
		None
 Auto vars:     Size  Location     Type
		None
 Return value:  Size  Location     Type
                  1    wreg      void 
 Registers used:
		wreg, status,2, status,0, pclath, cstack
 Tracked objects:
		On entry : 
		On exit  : 
		Unchanged: 
 Data sizes:     COMMON   BANK0   BANK1   BANK2   BANK3   BANK4   BANK5   BANK6
      Params:         0       0       0       0       0       0       0       0
      Locals:         0       0       0       0       0       0       0       0
      Temps:          0       0       0       0       0       0       0       0
      Totals:         0       0       0       0       0       0       0       0
Total ram usage:        0 bytes
 Hardware stack levels used:    1
 Hardware stack levels required when called:    9
 This function calls:
		_ADC_Initialize
		_EUSART_Initialize
		_I2C_Initialize
		_OSCILLATOR_Initialize
		_PIN_MANAGER_Initialize
		_PWM1_Initialize
		_TMR2_Initialize
		_WDT_Initialize
 This function is called by:
		_main
 This function uses a non-reentrant model


 *************** function _WDT_Initialize *****************
 Defined at:
		line 71 in file "mcc_generated_files/mcc.c"
 Parameters:    Size  Location     Type
		None
 Auto vars:     Size  Location     Type
		None
 Return value:  Size  Location     Type
                  1    wreg      void 
 Registers used:
		wreg
 Tracked objects:
		On entry : 
		On exit  : 
		Unchanged: 
 Data sizes:     COMMON   BANK0   BANK1   BANK2   BANK3   BANK4   BANK5   BANK6
      Params:         0       0       0       0       0       0       0       0
      Locals:         0       0       0       0       0       0       0       0
      Temps:          0       0       0       0       0       0       0       0
      Totals:         0       0       0       0       0       0       0       0
Total ram usage:        0 bytes
 Hardware stack levels used:    1
 Hardware stack levels required when called:    7
 This function calls:
		Nothing
 This function is called by:
		_SYSTEM_Initialize
 This function uses a non-reentrant model


 *************** function _TMR2_Initialize *****************
 Defined at:
		line 64 in file "mcc_generated_files/tmr2.c"
 Parameters:    Size  Location     Type
		None
 Auto vars:     Size  Location     Type
		None
 Return value:  Size  Location     Type
                  1    wreg      void 
 Registers used:
		wreg, status,2, status,0, pclath, cstack
 Tracked objects:
		On entry : 
		On exit  : 
		Unchanged: 
 Data sizes:     COMMON   BANK0   BANK1   BANK2   BANK3   BANK4   BANK5   BANK6
      Params:         0       0       0       0       0       0       0       0
      Locals:         0       0       0       0       0       0       0       0
      Temps:          0       0       0       0       0       0       0       0
      Totals:         0       0       0       0       0       0       0       0
Total ram usage:        0 bytes
 Hardware stack levels used:    1
 Hardware stack levels required when called:    8
 This function calls:
		_TMR2_SetInterruptHandler
 This function is called by:
		_SYSTEM_Initialize
 This function uses a non-reentrant model


 *************** function _TMR2_SetInterruptHandler *****************
 Defined at:
		line 147 in file "mcc_generated_files/tmr2.c"
 Parameters:    Size  Location     Type
  InterruptHan    2    0[BANK0 ] PTR FTN()void 
		 -> TMR2_DefaultInterruptHandler(1), 
 Auto vars:     Size  Location     Type
		None
 Return value:  Size  Location     Type
                  1    wreg      void 
 Registers used:
		wreg
 Tracked objects:
		On entry : 
		On exit  : 
		Unchanged: 
 Data sizes:     COMMON   BANK0   BANK1   BANK2   BANK3   BANK4   BANK5   BANK6
      Params:         0       2       0       0       0       0       0       0
      Locals:         0       0       0       0       0       0       0       0
      Temps:          0       0       0       0       0       0       0       0
      Totals:         0       2       0       0       0       0       0       0
Total ram usage:        2 bytes
 Hardware stack levels used:    1
 Hardware stack levels required when called:    7
 This function calls:
		Nothing
 This function is called by:
		_TMR2_Initialize
 This function uses a non-reentrant model


 *************** function _PWM1_Initialize *****************
 Defined at:
		line 58 in file "mcc_generated_files/pwm1.c"
 Parameters:    Size  Location     Type
		None
 Auto vars:     Size  Location     Type
		None
 Return value:  Size  Location     Type
                  1    wreg      void 
 Registers used:
		wreg
 Tracked objects:
		On entry : 
		On exit  : 
		Unchanged: 
 Data sizes:     COMMON   BANK0   BANK1   BANK2   BANK3   BANK4   BANK5   BANK6
      Params:         0       0       0       0       0       0       0       0
      Locals:         0       0       0       0       0       0       0       0
      Temps:          0       0       0       0       0       0       0       0
      Totals:         0       0       0       0       0       0       0       0
Total ram usage:        0 bytes
 Hardware stack levels used:    1
 Hardware stack levels required when called:    7
 This function calls:
		Nothing
 This function is called by:
		_SYSTEM_Initialize
 This function uses a non-reentrant model


 *************** function _PIN_MANAGER_Initialize *****************
 Defined at:
		line 55 in file "mcc_generated_files/pin_manager.c"
 Parameters:    Size  Location     Type
		None
 Auto vars:     Size  Location     Type
		None
 Return value:  Size  Location     Type
                  1    wreg      void 
 Registers used:
		wreg, status,2
 Tracked objects:
		On entry : 
		On exit  : 
		Unchanged: 
 Data sizes:     COMMON   BANK0   BANK1   BANK2   BANK3   BANK4   BANK5   BANK6
      Params:         0       0       0       0       0       0       0       0
      Locals:         0       0       0       0       0       0       0       0
      Temps:          0       0       0       0       0       0       0       0
      Totals:         0       0       0       0       0       0       0       0
Total ram usage:        0 bytes
 Hardware stack levels used:    1
 Hardware stack levels required when called:    7
 This function calls:
		Nothing
 This function is called by:
		_SYSTEM_Initialize
 This function uses a non-reentrant model


 *************** function _OSCILLATOR_Initialize *****************
 Defined at:
		line 63 in file "mcc_generated_files/mcc.c"
 Parameters:    Size  Location     Type
		None
 Auto vars:     Size  Location     Type
		None
 Return value:  Size  Location     Type
                  1    wreg      void 
 Registers used:
		wreg, status,2
 Tracked objects:
		On entry : 
		On exit  : 
		Unchanged: 
 Data sizes:     COMMON   BANK0   BANK1   BANK2   BANK3   BANK4   BANK5   BANK6
      Params:         0       0       0       0       0       0       0       0
      Locals:         0       0       0       0       0       0       0       0
      Temps:          0       0       0       0       0       0       0       0
      Totals:         0       0       0       0       0       0       0       0
Total ram usage:        0 bytes
 Hardware stack levels used:    1
 Hardware stack levels required when called:    7
 This function calls:
		Nothing
 This function is called by:
		_SYSTEM_Initialize
 This function uses a non-reentrant model


 *************** function _I2C_Initialize *****************
 Defined at:
		line 167 in file "mcc_generated_files/i2c_master.c"
 Parameters:    Size  Location     Type
		None
 Auto vars:     Size  Location     Type
		None
 Return value:  Size  Location     Type
                  1    wreg      void 
 Registers used:
		wreg, status,2
 Tracked objects:
		On entry : 
		On exit  : 
		Unchanged: 
 Data sizes:     COMMON   BANK0   BANK1   BANK2   BANK3   BANK4   BANK5   BANK6
      Params:         0       0       0       0       0       0       0       0
      Locals:         0       0       0       0       0       0       0       0
      Temps:          0       0       0       0       0       0       0       0
      Totals:         0       0       0       0       0       0       0       0
Total ram usage:        0 bytes
 Hardware stack levels used:    1
 Hardware stack levels required when called:    7
 This function calls:
		Nothing
 This function is called by:
		_SYSTEM_Initialize
 This function uses a non-reentrant model


 *************** function _EUSART_Initialize *****************
 Defined at:
		line 66 in file "mcc_generated_files/eusart.c"
 Parameters:    Size  Location     Type
		None
 Auto vars:     Size  Location     Type
		None
 Return value:  Size  Location     Type
                  1    wreg      void 
 Registers used:
		wreg, status,2, status,0, pclath, cstack
 Tracked objects:
		On entry : 
		On exit  : 
		Unchanged: 
 Data sizes:     COMMON   BANK0   BANK1   BANK2   BANK3   BANK4   BANK5   BANK6
      Params:         0       0       0       0       0       0       0       0
      Locals:         0       0       0       0       0       0       0       0
      Temps:          0       0       0       0       0       0       0       0
      Totals:         0       0       0       0       0       0       0       0
Total ram usage:        0 bytes
 Hardware stack levels used:    1
 Hardware stack levels required when called:    8
 This function calls:
		_EUSART_SetErrorHandler
		_EUSART_SetFramingErrorHandler
		_EUSART_SetOverrunErrorHandler
 This function is called by:
		_SYSTEM_Initialize
 This function uses a non-reentrant model


 *************** function _EUSART_SetOverrunErrorHandler *****************
 Defined at:
		line 161 in file "mcc_generated_files/eusart.c"
 Parameters:    Size  Location     Type
  interruptHan    2    0[BANK0 ] PTR FTN()void 
		 -> EUSART_DefaultOverrunErrorHandler(1), 
 Auto vars:     Size  Location     Type
		None
 Return value:  Size  Location     Type
                  1    wreg      void 
 Registers used:
		wreg
 Tracked objects:
		On entry : 
		On exit  : 
		Unchanged: 
 Data sizes:     COMMON   BANK0   BANK1   BANK2   BANK3   BANK4   BANK5   BANK6
      Params:         0       2       0       0       0       0       0       0
      Locals:         0       0       0       0       0       0       0       0
      Temps:          0       0       0       0       0       0       0       0
      Totals:         0       2       0       0       0       0       0       0
Total ram usage:        2 bytes
 Hardware stack levels used:    1
 Hardware stack levels required when called:    7
 This function calls:
		Nothing
 This function is called by:
		_EUSART_Initialize
 This function uses a non-reentrant model


 *************** function _EUSART_SetFramingErrorHandler *****************
 Defined at:
		line 157 in file "mcc_generated_files/eusart.c"
 Parameters:    Size  Location     Type
  interruptHan    2    0[BANK0 ] PTR FTN()void 
		 -> EUSART_DefaultFramingErrorHandler(1), 
 Auto vars:     Size  Location     Type
		None
 Return value:  Size  Location     Type
                  1    wreg      void 
 Registers used:
		wreg
 Tracked objects:
		On entry : 
		On exit  : 
		Unchanged: 
 Data sizes:     COMMON   BANK0   BANK1   BANK2   BANK3   BANK4   BANK5   BANK6
      Params:         0       2       0       0       0       0       0       0
      Locals:         0       0       0       0       0       0       0       0
      Temps:          0       0       0       0       0       0       0       0
      Totals:         0       2       0       0       0       0       0       0
Total ram usage:        2 bytes
 Hardware stack levels used:    1
 Hardware stack levels required when called:    7
 This function calls:
		Nothing
 This function is called by:
		_EUSART_Initialize
 This function uses a non-reentrant model


 *************** function _EUSART_SetErrorHandler *****************
 Defined at:
		line 165 in file "mcc_generated_files/eusart.c"
 Parameters:    Size  Location     Type
  interruptHan    2    0[BANK0 ] PTR FTN()void 
		 -> EUSART_DefaultErrorHandler(1), 
 Auto vars:     Size  Location     Type
		None
 Return value:  Size  Location     Type
                  1    wreg      void 
 Registers used:
		wreg
 Tracked objects:
		On entry : 
		On exit  : 
		Unchanged: 
 Data sizes:     COMMON   BANK0   BANK1   BANK2   BANK3   BANK4   BANK5   BANK6
      Params:         0       2       0       0       0       0       0       0
      Locals:         0       0       0       0       0       0       0       0
      Temps:          0       0       0       0       0       0       0       0
      Totals:         0       2       0       0       0       0       0       0
Total ram usage:        2 bytes
 Hardware stack levels used:    1
 Hardware stack levels required when called:    7
 This function calls:
		Nothing
 This function is called by:
		_EUSART_Initialize
 This function uses a non-reentrant model


 *************** function _ADC_Initialize *****************
 Defined at:
		line 67 in file "mcc_generated_files/adc.c"
 Parameters:    Size  Location     Type
		None
 Auto vars:     Size  Location     Type
		None
 Return value:  Size  Location     Type
                  1    wreg      void 
 Registers used:
		wreg, status,2
 Tracked objects:
		On entry : 
		On exit  : 
		Unchanged: 
 Data sizes:     COMMON   BANK0   BANK1   BANK2   BANK3   BANK4   BANK5   BANK6
      Params:         0       0       0       0       0       0       0       0
      Locals:         0       0       0       0       0       0       0       0
      Temps:          0       0       0       0       0       0       0       0
      Totals:         0       0       0       0       0       0       0       0
Total ram usage:        0 bytes
 Hardware stack levels used:    1
 Hardware stack levels required when called:    7
 This function calls:
		Nothing
 This function is called by:
		_SYSTEM_Initialize
 This function uses a non-reentrant model


 *************** function _INTERRUPT_InterruptManager *****************
 Defined at:
		line 52 in file "mcc_generated_files/interrupt_manager.c"
 Parameters:    Size  Location     Type
		None
 Auto vars:     Size  Location     Type
		None
 Return value:  Size  Location     Type
                  1    wreg      void 
 Registers used:
		wreg, fsr0l, fsr0h, fsr1l, fsr1h, status,2, status,0, pclath, cstack
 Tracked objects:
		On entry : 
		On exit  : 
		Unchanged: 
 Data sizes:     COMMON   BANK0   BANK1   BANK2   BANK3   BANK4   BANK5   BANK6
      Params:         0       0       0       0       0       0       0       0
      Locals:         0       0       0       0       0       0       0       0
      Temps:          1       0       0       0       0       0       0       0
      Totals:         1       0       0       0       0       0       0       0
Total ram usage:        1 bytes
 Hardware stack levels used:    1
 Hardware stack levels required when called:    6
 This function calls:
		Absolute function
		_I2C_MasterIsr
		_TMR2_ISR
 This function is called by:
		Interrupt level 1
 This function uses a non-reentrant model


 *************** function _TMR2_ISR *****************
 Defined at:
		line 119 in file "mcc_generated_files/tmr2.c"
 Parameters:    Size  Location     Type
		None
 Auto vars:     Size  Location     Type
		None
 Return value:  Size  Location     Type
                  1    wreg      void 
 Registers used:
		wreg, status,2, status,0, pclath, cstack
 Tracked objects:
		On entry : 
		On exit  : 
		Unchanged: 
 Data sizes:     COMMON   BANK0   BANK1   BANK2   BANK3   BANK4   BANK5   BANK6
      Params:         0       0       0       0       0       0       0       0
      Locals:         0       0       0       0       0       0       0       0
      Temps:          0       0       0       0       0       0       0       0
      Totals:         0       0       0       0       0       0       0       0
Total ram usage:        0 bytes
 Hardware stack levels used:    1
 Hardware stack levels required when called:    2
 This function calls:
		_TMR2_CallBack
 This function is called by:
		_INTERRUPT_InterruptManager
 This function uses a non-reentrant model


 *************** function _TMR2_CallBack *****************
 Defined at:
		line 137 in file "mcc_generated_files/tmr2.c"
 Parameters:    Size  Location     Type
		None
 Auto vars:     Size  Location     Type
		None
 Return value:  Size  Location     Type
                  1    wreg      void 
 Registers used:
		wreg, status,2, status,0, pclath, cstack
 Tracked objects:
		On entry : 
		On exit  : 
		Unchanged: 
 Data sizes:     COMMON   BANK0   BANK1   BANK2   BANK3   BANK4   BANK5   BANK6
      Params:         0       0       0       0       0       0       0       0
      Locals:         0       0       0       0       0       0       0       0
      Temps:          0       0       0       0       0       0       0       0
      Totals:         0       0       0       0       0       0       0       0
Total ram usage:        0 bytes
 Hardware stack levels used:    1
 Hardware stack levels required when called:    1
 This function calls:
		Absolute function
		_TMR2_DefaultInterruptHandler
 This function is called by:
		_TMR2_ISR
 This function uses a non-reentrant model


 *************** function _TMR2_DefaultInterruptHandler *****************
 Defined at:
		line 151 in file "mcc_generated_files/tmr2.c"
 Parameters:    Size  Location     Type
		None
 Auto vars:     Size  Location     Type
		None
 Return value:  Size  Location     Type
                  1    wreg      void 
 Registers used:
		None
 Tracked objects:
		On entry : 
		On exit  : 
		Unchanged: 
 Data sizes:     COMMON   BANK0   BANK1   BANK2   BANK3   BANK4   BANK5   BANK6
      Params:         0       0       0       0       0       0       0       0
      Locals:         0       0       0       0       0       0       0       0
      Temps:          0       0       0       0       0       0       0       0
      Totals:         0       0       0       0       0       0       0       0
Total ram usage:        0 bytes
 Hardware stack levels used:    1
 This function calls:
		Nothing
 This function is called by:
		_TMR2_Initialize
		_TMR2_CallBack
 This function uses a non-reentrant model


 *************** function _I2C_MasterIsr *****************
 Defined at:
		line 318 in file "mcc_generated_files/i2c_master.c"
 Parameters:    Size  Location     Type
		None
 Auto vars:     Size  Location     Type
		None
 Return value:  Size  Location     Type
                  1    wreg      void 
 Registers used:
		wreg, fsr0l, fsr0h, fsr1l, fsr1h, status,2, status,0, pclath, cstack
 Tracked objects:
		On entry : 
		On exit  : 
		Unchanged: 
 Data sizes:     COMMON   BANK0   BANK1   BANK2   BANK3   BANK4   BANK5   BANK6
      Params:         0       0       0       0       0       0       0       0
      Locals:         0       0       0       0       0       0       0       0
      Temps:          0       0       0       0       0       0       0       0
      Totals:         0       0       0       0       0       0       0       0
Total ram usage:        0 bytes
 Hardware stack levels used:    1
 Hardware stack levels required when called:    5
 This function calls:
		_I2C_MasterFsm
 This function is called by:
		_I2C_Open
		_INTERRUPT_InterruptManager
 This function uses a non-reentrant model


 *************** function _I2C_MasterFsm *****************
 Defined at:
		line 323 in file "mcc_generated_files/i2c_master.c"
 Parameters:    Size  Location     Type
		None
 Auto vars:     Size  Location     Type
		None
 Return value:  Size  Location     Type
                  1    wreg      void 
 Registers used:
		wreg, fsr0l, fsr0h, fsr1l, fsr1h, status,2, status,0, pclath, cstack
 Tracked objects:
		On entry : 
		On exit  : 
		Unchanged: 
 Data sizes:     COMMON   BANK0   BANK1   BANK2   BANK3   BANK4   BANK5   BANK6
      Params:         0       0       0       0       0       0       0       0
      Locals:         0       0       0       0       0       0       0       0
      Temps:          3       0       0       0       0       0       0       0
      Totals:         3       0       0       0       0       0       0       0
Total ram usage:        3 bytes
 Hardware stack levels used:    1
 Hardware stack levels required when called:    4
 This function calls:
		_I2C_DO_ADDRESS_NACK
		_I2C_DO_IDLE
		_I2C_DO_RCEN
		_I2C_DO_RESET
		_I2C_DO_RX
		_I2C_DO_RX_ACK
		_I2C_DO_RX_NACK_RESTART
		_I2C_DO_RX_NACK_STOP
		_I2C_DO_SEND_ADR_READ
		_I2C_DO_SEND_ADR_WRITE
		_I2C_DO_SEND_RESTART
		_I2C_DO_SEND_RESTART_READ
		_I2C_DO_SEND_RESTART_WRITE
		_I2C_DO_SEND_STOP
		_I2C_DO_TX
		_I2C_DO_TX_EMPTY
		_I2C_MasterClearIrq
		_I2C_MasterIsNack
 This function is called by:
		_I2C_MasterIsr
 This function uses a non-reentrant model


 *************** function _I2C_MasterClearIrq *****************
 Defined at:
		line 642 in file "mcc_generated_files/i2c_master.c"
 Parameters:    Size  Location     Type
		None
 Auto vars:     Size  Location     Type
		None
 Return value:  Size  Location     Type
                  1    wreg      void 
 Registers used:
		None
 Tracked objects:
		On entry : 
		On exit  : 
		Unchanged: 
 Data sizes:     COMMON   BANK0   BANK1   BANK2   BANK3   BANK4   BANK5   BANK6
      Params:         0       0       0       0       0       0       0       0
      Locals:         0       0       0       0       0       0       0       0
      Temps:          0       0       0       0       0       0       0       0
      Totals:         0       0       0       0       0       0       0       0
Total ram usage:        0 bytes
 Hardware stack levels used:    1
[...]


 *************** function _wr1RegCompleteHandler *****************
 Defined at:
		line 156 in file "mcc_generated_files/examples/i2c_master_example.c"
 Parameters:    Size  Location     Type
  ptr             1    1[BANK0 ] PTR void 
		 -> I2C_ReadDataBlock@bufferBlock(3), I2C_Write2ByteRegister@data(2), I2C_Write1ByteRegister@data(1), I2C_Read2ByteRegister@returnValue(2), 
		 -> I2C_Read1ByteRegister@returnValue(1), NULL(0), 
 Auto vars:     Size  Location     Type
		None
 Return value:  Size  Location     Type
                  1    wreg      enum E97
 Registers used:
		wreg, fsr1l, fsr1h, status,2, status,0, pclath, cstack
 Tracked objects:
		On entry : 
		On exit  : 
		Unchanged: 
 Data sizes:     COMMON   BANK0   BANK1   BANK2   BANK3   BANK4   BANK5   BANK6
      Params:         0       1       0       0       0       0       0       0
      Locals:         0       0       0       0       0       0       0       0
      Temps:          0       0       0       0       0       0       0       0
      Totals:         0       1       0       0       0       0       0       0
Total ram usage:        1 bytes
 Hardware stack levels used:    1
 Hardware stack levels required when called:    2
 This function calls:
		_I2C_SetBuffer
		_I2C_SetDataCompleteCallback
 This function is called by:
		_I2C_Write1ByteRegister
		_I2C_DO_TX
		_I2C_DO_RX
		_I2C_DO_TX_EMPTY
		_I2C_DO_ADDRESS_NACK
		_I2C_DO_RX_EMPTY
 This function uses a non-reentrant model


 *************** function _rd2RegCompleteHandler *****************
 Defined at:
		line 149 in file "mcc_generated_files/examples/i2c_master_example.c"
 Parameters:    Size  Location     Type
  ptr             1    1[BANK0 ] PTR void 
		 -> I2C_ReadDataBlock@bufferBlock(3), I2C_Write2ByteRegister@data(2), I2C_Write1ByteRegister@data(1), I2C_Read2ByteRegister@returnValue(2), 
		 -> I2C_Read1ByteRegister@returnValue(1), NULL(0), 
 Auto vars:     Size  Location     Type
		None
 Return value:  Size  Location     Type
                  1    wreg      enum E97
 Registers used:
		wreg, fsr1l, fsr1h, status,2, status,0, pclath, cstack
 Tracked objects:
		On entry : 
		On exit  : 
		Unchanged: 
 Data sizes:     COMMON   BANK0   BANK1   BANK2   BANK3   BANK4   BANK5   BANK6
      Params:         0       1       0       0       0       0       0       0
      Locals:         0       0       0       0       0       0       0       0
      Temps:          0       0       0       0       0       0       0       0
      Totals:         0       1       0       0       0       0       0       0
Total ram usage:        1 bytes
 Hardware stack levels used:    1
 Hardware stack levels required when called:    2
 This function calls:
		_I2C_SetBuffer
		_I2C_SetDataCompleteCallback
 This function is called by:
		_I2C_Read2ByteRegister
		_I2C_DO_TX
		_I2C_DO_RX
		_I2C_DO_TX_EMPTY
		_I2C_DO_ADDRESS_NACK
		_I2C_DO_RX_EMPTY
 This function uses a non-reentrant model


 *************** function _rd1RegCompleteHandler *****************
 Defined at:
		line 142 in file "mcc_generated_files/examples/i2c_master_example.c"
 Parameters:    Size  Location     Type
  ptr             1    1[BANK0 ] PTR void 
		 -> I2C_ReadDataBlock@bufferBlock(3), I2C_Write2ByteRegister@data(2), I2C_Write1ByteRegister@data(1), I2C_Read2ByteRegister@returnValue(2), 
		 -> I2C_Read1ByteRegister@returnValue(1), NULL(0), 
 Auto vars:     Size  Location     Type
		None
 Return value:  Size  Location     Type
                  1    wreg      enum E97
 Registers used:
		wreg, fsr1l, fsr1h, status,2, status,0, pclath, cstack
 Tracked objects:
		On entry : 
		On exit  : 
		Unchanged: 
 Data sizes:     COMMON   BANK0   BANK1   BANK2   BANK3   BANK4   BANK5   BANK6
      Params:         0       1       0       0       0       0       0       0
      Locals:         0       0       0       0       0       0       0       0
      Temps:          0       0       0       0       0       0       0       0
      Totals:         0       1       0       0       0       0       0       0
Total ram usage:        1 bytes
 Hardware stack levels used:    1
 Hardware stack levels required when called:    2
 This function calls:
		_I2C_SetBuffer
		_I2C_SetDataCompleteCallback
 This function is called by:
		_I2C_Read1ByteRegister
		_I2C_DO_TX
		_I2C_DO_RX
		_I2C_DO_TX_EMPTY
		_I2C_DO_ADDRESS_NACK
		_I2C_DO_RX_EMPTY
 This function uses a non-reentrant model


 *************** function _I2C_CallbackReturnReset *****************
 Defined at:
		line 526 in file "mcc_generated_files/i2c_master.c"
 Parameters:    Size  Location     Type
  funPtr          1    1[BANK0 ] PTR void 
		 -> I2C_ReadDataBlock@bufferBlock(3), I2C_Write2ByteRegister@data(2), I2C_Write1ByteRegister@data(1), I2C_Read2ByteRegister@returnValue(2), 
		 -> I2C_Read1ByteRegister@returnValue(1), NULL(0), 
 Auto vars:     Size  Location     Type
		None
 Return value:  Size  Location     Type
                  1    wreg      enum E97
 Registers used:
		wreg
 Tracked objects:
		On entry : 
		On exit  : 
		Unchanged: 
 Data sizes:     COMMON   BANK0   BANK1   BANK2   BANK3   BANK4   BANK5   BANK6
      Params:         0       1       0       0       0       0       0       0
      Locals:         0       0       0       0       0       0       0       0
      Temps:          0       0       0       0       0       0       0       0
      Totals:         0       1       0       0       0       0       0       0
Total ram usage:        1 bytes
 Hardware stack levels used:    1
 This function calls:
		Nothing
 This function is called by:
		_I2C_Open
		_I2C_DO_TX
		_I2C_DO_RX
		_I2C_DO_TX_EMPTY
		_I2C_DO_ADDRESS_NACK
		_I2C_DO_RX_EMPTY
 This function uses a non-reentrant model


 *************** function _I2C_CallbackReturnStop *****************
 Defined at:
		line 521 in file "mcc_generated_files/i2c_master.c"
 Parameters:    Size  Location     Type
  funPtr          1    1[BANK0 ] PTR void 
		 -> I2C_ReadDataBlock@bufferBlock(3), I2C_Write2ByteRegister@data(2), I2C_Write1ByteRegister@data(1), I2C_Read2ByteRegister@returnValue(2), 
		 -> I2C_Read1ByteRegister@returnValue(1), NULL(0), 
 Auto vars:     Size  Location     Type
		None
 Return value:  Size  Location     Type
                  1    wreg      enum E97
 Registers used:
		wreg
 Tracked objects:
		On entry : 
		On exit  : 
		Unchanged: 
 Data sizes:     COMMON   BANK0   BANK1   BANK2   BANK3   BANK4   BANK5   BANK6
      Params:         0       1       0       0       0       0       0       0
      Locals:         0       0       0       0       0       0       0       0
      Temps:          0       0       0       0       0       0       0       0
      Totals:         0       1       0       0       0       0       0       0
Total ram usage:        1 bytes
 Hardware stack levels used:    1
 This function calls:
		Nothing
 This function is called by:
		_I2C_SetCallback
		_I2C_Open
		_I2C_DO_TX
		_I2C_DO_RX
		_I2C_DO_TX_EMPTY
		_I2C_DO_ADDRESS_NACK
		_I2C_DO_RX_EMPTY
 This function uses a non-reentrant model


 *************** function _wr2RegCompleteHandler *****************
 Defined at:
		line 163 in file "mcc_generated_files/examples/i2c_master_example.c"
 Parameters:    Size  Location     Type
  ptr             1    1[BANK0 ] PTR void 
		 -> I2C_ReadDataBlock@bufferBlock(3), I2C_Write2ByteRegister@data(2), I2C_Write1ByteRegister@data(1), I2C_Read2ByteRegister@returnValue(2), 
		 -> I2C_Read1ByteRegister@returnValue(1), NULL(0), 
 Auto vars:     Size  Location     Type
		None
 Return value:  Size  Location     Type
                  1    wreg      enum E97
 Registers used:
		wreg, fsr1l, fsr1h, status,2, status,0, pclath, cstack
 Tracked objects:
		On entry : 
		On exit  : 
		Unchanged: 
 Data sizes:     COMMON   BANK0   BANK1   BANK2   BANK3   BANK4   BANK5   BANK6
      Params:         0       1       0       0       0       0       0       0
      Locals:         0       0       0       0       0       0       0       0
      Temps:          0       0       0       0       0       0       0       0
      Totals:         0       1       0       0       0       0       0       0
Total ram usage:        1 bytes
 Hardware stack levels used:    1
 Hardware stack levels required when called:    2
 This function calls:
		_I2C_SetBuffer
		_I2C_SetDataCompleteCallback
 This function is called by:
		_I2C_Write2ByteRegister
		_I2C_DO_TX
		_I2C_DO_RX
		_I2C_DO_TX_EMPTY
		_I2C_DO_ADDRESS_NACK
		_I2C_DO_RX_EMPTY
 This function uses a non-reentrant model


 *************** function _I2C_SetDataCompleteCallback *****************
 Defined at:
		line 274 in file "mcc_generated_files/i2c_master.c"
 Parameters:    Size  Location     Type
  cb              2    5[COMMON] PTR FTN(PTR void ,)enum 
		 -> rdBlkRegCompleteHandler(1), wr2RegCompleteHandler(1), wr1RegCompleteHandler(1), rd2RegCompleteHandler(1), 
		 -> rd1RegCompleteHandler(1), Absolute function(1), 
  ptr             1    7[COMMON] PTR void 
		 -> I2C_ReadDataBlock@bufferBlock(3), I2C_Write2ByteRegister@data(2), I2C_Write1ByteRegister@data(1), I2C_Read2ByteRegister@returnValue(2), 
		 -> I2C_Read1ByteRegister@returnValue(1), NULL(0), 
 Auto vars:     Size  Location     Type
		None
 Return value:  Size  Location     Type
                  1    wreg      void 
 Registers used:
		wreg, fsr1l, fsr1h, status,2, status,0, pclath, cstack
 Tracked objects:
		On entry : 
		On exit  : 
		Unchanged: 
 Data sizes:     COMMON   BANK0   BANK1   BANK2   BANK3   BANK4   BANK5   BANK6
      Params:         3       0       0       0       0       0       0       0
      Locals:         0       0       0       0       0       0       0       0
      Temps:          0       1       0       0       0       0       0       0
      Totals:         3       1       0       0       0       0       0       0
Total ram usage:        4 bytes
 Hardware stack levels used:    1
 Hardware stack levels required when called:    1
 This function calls:
		_I2C_SetCallback
 This function is called by:
		_rd1RegCompleteHandler
		_rd2RegCompleteHandler
		_wr1RegCompleteHandler
		_wr2RegCompleteHandler
		_rdBlkRegCompleteHandler
		_I2C_Read1ByteRegister
		_I2C_Read2ByteRegister
		_I2C_Write1ByteRegister
		_I2C_Write2ByteRegister
		_I2C_ReadDataBlock
 This function uses a non-reentrant model


 *************** function _I2C_SetCallback *****************
 Defined at:
		line 304 in file "mcc_generated_files/i2c_master.c"
 Parameters:    Size  Location     Type
  idx             1    wreg     enum E4239
  cb              2    0[COMMON] PTR FTN(PTR void ,)enum 
		 -> rdBlkRegCompleteHandler(1), wr2RegCompleteHandler(1), wr1RegCompleteHandler(1), rd2RegCompleteHandler(1), 
		 -> rd1RegCompleteHandler(1), Absolute function(1), 
  ptr             1    2[COMMON] PTR void 
		 -> I2C_ReadDataBlock@bufferBlock(3), I2C_Write2ByteRegister@data(2), I2C_Write1ByteRegister@data(1), I2C_Read2ByteRegister@returnValue(2), 
		 -> I2C_Read1ByteRegister@returnValue(1), NULL(0), 
 Auto vars:     Size  Location     Type
  idx             1    4[COMMON] enum E4239
 Return value:  Size  Location     Type
                  1    wreg      void 
 Registers used:
		wreg, fsr1l, fsr1h, status,2, status,0
 Tracked objects:
		On entry : 
		On exit  : 
		Unchanged: 
 Data sizes:     COMMON   BANK0   BANK1   BANK2   BANK3   BANK4   BANK5   BANK6
      Params:         3       0       0       0       0       0       0       0
      Locals:         1       0       0       0       0       0       0       0
      Temps:          1       0       0       0       0       0       0       0
      Totals:         5       0       0       0       0       0       0       0
Total ram usage:        5 bytes
 Hardware stack levels used:    1
 This function calls:
		Nothing
 This function is called by:
		_I2C_SetDataCompleteCallback
		_I2C_SetWriteCollisionCallback
		_I2C_SetAddressNackCallback
		_I2C_SetDataNackCallback
		_I2C_SetTimeoutCallback
 This function uses a non-reentrant model


 *************** function _I2C_SetBuffer *****************
 Defined at:
		line 264 in file "mcc_generated_files/i2c_master.c"
 Parameters:    Size  Location     Type
  buffer          1    wreg     PTR void 
		 -> I2C_ReadDataBlock@reg(1), I2C_ReadDataBlock@bufferBlock(3), I2C_Write2ByteRegister@reg(1), I2C_Write2ByteRegister@data(2), 
		 -> I2C_Write1ByteRegister@reg(1), I2C_Write1ByteRegister@data(1), I2C_Read2ByteRegister@reg(1), I2C_Read2ByteRegister@returnValue(2), 
		 -> I2C_Read1ByteRegister@reg(1), I2C_Read1ByteRegister@returnValue(1), NULL(0), 
  bufferSize      2    0[COMMON] unsigned int 
 Auto vars:     Size  Location     Type
  buffer          1    3[COMMON] PTR void 
		 -> I2C_ReadDataBlock@reg(1), I2C_ReadDataBlock@bufferBlock(3), I2C_Write2ByteRegister@reg(1), I2C_Write2ByteRegister@data(2), 
		 -> I2C_Write1ByteRegister@reg(1), I2C_Write1ByteRegister@data(1), I2C_Read2ByteRegister@reg(1), I2C_Read2ByteRegister@returnValue(2), 
		 -> I2C_Read1ByteRegister@reg(1), I2C_Read1ByteRegister@returnValue(1), NULL(0), 
 Return value:  Size  Location     Type
                  1    wreg      void 
 Registers used:
		wreg
 Tracked objects:
		On entry : 
		On exit  : 
		Unchanged: 
 Data sizes:     COMMON   BANK0   BANK1   BANK2   BANK3   BANK4   BANK5   BANK6
      Params:         2       0       0       0       0       0       0       0
      Locals:         1       0       0       0       0       0       0       0
      Temps:          1       0       0       0       0       0       0       0
      Totals:         4       0       0       0       0       0       0       0
Total ram usage:        4 bytes
 Hardware stack levels used:    1
 This function calls:
		Nothing
 This function is called by:
		_rd1RegCompleteHandler
		_rd2RegCompleteHandler
		_wr1RegCompleteHandler
		_wr2RegCompleteHandler
		_rdBlkRegCompleteHandler
		_I2C_Read1ByteRegister
		_I2C_Read2ByteRegister
		_I2C_Write1ByteRegister
		_I2C_Write2ByteRegister
		_I2C_WriteNBytes
		_I2C_ReadNBytes
		_I2C_ReadDataBlock
 This function uses a non-reentrant model


 *************** function _I2C_MasterStop *****************
 Defined at:
		line 594 in file "mcc_generated_files/i2c_master.c"
 Parameters:    Size  Location     Type
		None
 Auto vars:     Size  Location     Type
		None
 Return value:  Size  Location     Type
                  1    wreg      void 
 Registers used:
		None
 Tracked objects:
		On entry : 
		On exit  : 
		Unchanged: 
 Data sizes:     COMMON   BANK0   BANK1   BANK2   BANK3   BANK4   BANK5   BANK6
      Params:         0       0       0       0       0       0       0       0
      Locals:         0       0       0       0       0       0       0       0
      Temps:          0       0       0       0       0       0       0       0
      Totals:         0       0       0       0       0       0       0       0
Total ram usage:        0 bytes
 Hardware stack levels used:    1
 This function calls:
		Nothing
 This function is called by:
		_I2C_DO_SEND_STOP
 This function uses a non-reentrant model


 *************** function _I2C_MasterEnableRestart *****************
 Defined at:
		line 574 in file "mcc_generated_files/i2c_master.c"
 Parameters:    Size  Location     Type
		None
 Auto vars:     Size  Location     Type
		None
 Return value:  Size  Location     Type
                  1    wreg      void 
 Registers used:
		None
 Tracked objects:
		On entry : 
		On exit  : 
		Unchanged: 
 Data sizes:     COMMON   BANK0   BANK1   BANK2   BANK3   BANK4   BANK5   BANK6
      Params:         0       0       0       0       0       0       0       0
      Locals:         0       0       0       0       0       0       0       0
      Temps:          0       0       0       0       0       0       0       0
      Totals:         0       0       0       0       0       0       0       0
Total ram usage:        0 bytes
 Hardware stack levels used:    1
 This function calls:
		Nothing
 This function is called by:
		_I2C_DO_SEND_RESTART_READ
		_I2C_DO_SEND_RESTART_WRITE
		_I2C_DO_SEND_RESTART
		_I2C_DO_RX_EMPTY
 This function uses a non-reentrant model



MODULE INFORMATION

Module		Function		Class		Link	Load	Size
mcc_generated_files/tmr2.c
		_TMR2_ISR      		CODE           	01FB	0000	19
		_TMR2_Initialize		CODE           	01E9	0000	19
		_TMR2_SetInterruptHandler		CODE           	02A6	0000	7
		_TMR2_DefaultInterruptHandler		CODE           	0324	0000	2
		_TMR2_CallBack 		CODE           	026C	0000	12

mcc_generated_files/tmr2.c estimated size: 59

mcc_generated_files/interrupt_manager.c
		_INTERRUPT_InterruptManager		CODE           	0004	0000	45

mcc_generated_files/interrupt_manager.c estimated size: 45

mcc_generated_files/examples/i2c_master_example.c
		_wr1RegCompleteHandler		CODE           	020D	0000	18
		_wr2RegCompleteHandler		CODE           	0240	0000	18
		_rdBlkRegCompleteHandler		CODE           	01D1	0000	25
		_rd1RegCompleteHandler		CODE           	022F	0000	18
		_rd2RegCompleteHandler		CODE           	021E	0000	18

mcc_generated_files/examples/i2c_master_example.c estimated size: 97

mcc_generated_files/pin_manager.c
		_PIN_MANAGER_Initialize		CODE           	01A0	0000	26

mcc_generated_files/pin_manager.c estimated size: 26

mcc_generated_files/adc.c
		_ADC_Initialize		CODE           	0280	0000	10

mcc_generated_files/adc.c estimated size: 10

shared
		__initialization		CODE           	0032	0000	14
		_fsmStateTable 		STRCODE        	0180	0000	33

shared estimated size: 47

mcc_generated_files/mcc.c
		_WDT_Initialize		CODE           	02E3	0000	5
		_OSCILLATOR_Initialize		CODE           	02AC	0000	7
		_SYSTEM_Initialize		CODE           	01B9	0000	25

mcc_generated_files/mcc.c estimated size: 37

mcc_generated_files/pwm1.c
		_PWM1_Initialize		CODE           	0289	0000	9

mcc_generated_files/pwm1.c estimated size: 9

mcc_generated_files/i2c_master.c
		_I2C_MasterStartRx		CODE           	0317	0000	4
		_I2C_DO_SEND_ADR_WRITE		CODE           	0299	0000	8
		_I2C_DO_SEND_STOP		CODE           	02F3	0000	5
		_I2C_MasterSendNack		CODE           	0307	0000	5
		_I2C_CallbackReturnStop		CODE           	0322	0000	3
		_I2C_DO_SEND_ADR_READ		CODE           	0291	0000	9
		_I2C_DO_RX_NACK_STOP		CODE           	02EB	0000	5
		_I2C_DO_SEND_RESTART		CODE           	02F7	0000	5
		_I2C_DO_RX     		CODE           	008E	0000	59
		_I2C_DO_TX     		CODE           	0043	0000	76
		_I2C_DO_IDLE   		CODE           	02D5	0000	6
		_I2C_DO_RCEN   		CODE           	02C4	0000	7
		_I2C_DO_RESET  		CODE           	02D0	0000	6
		_I2C_DO_RX_ACK 		CODE           	02EF	0000	5
		_I2C_MasterClearIrq		CODE           	030E	0000	4
		_I2C_MasterGetRxData		CODE           	0314	0000	4
		_I2C_SetCallback		CODE           	0139	0000	37
		_I2C_DO_ADDRESS_NACK		CODE           	015D	0000	36
		_I2C_MasterEnableRestart		CODE           	031D	0000	4
		_I2C_CallbackReturnReset		CODE           	0320	0000	3
		_I2C_DO_TX_EMPTY		CODE           	0114	0000	38
		_I2C_DO_SEND_RESTART_WRITE		CODE           	02FB	0000	5
		_I2C_MasterIsNack		CODE           	02CA	0000	7
		_I2C_SetDataCompleteCallback		CODE           	025F	0000	14
		_I2C_DO_RX_NACK_RESTART		CODE           	02E7	0000	5
		_I2C_MasterSendAck		CODE           	0303	0000	5
		_I2C_MasterFsm 		CODE           	00C8	0000	40
		_I2C_MasterIsr 		CODE           	030B	0000	4
		_I2C_MasterSetIrq		CODE           	0311	0000	4
		_I2C_DO_SEND_RESTART_READ		CODE           	02FF	0000	5
		_I2C_Initialize		CODE           	0277	0000	10
		_I2C_SetBuffer 		CODE           	0251	0000	15
		_I2C_MasterSendTxData		CODE           	02DA	0000	6
		_I2C_MasterStop		CODE           	031A	0000	4

mcc_generated_files/i2c_master.c estimated size: 453

mcc_generated_files/eusart.c
		_EUSART_Initialize		CODE           	00EF	0000	38
		_EUSART_SetFramingErrorHandler		CODE           	02B8	0000	7
		_EUSART_SetErrorHandler		CODE           	02BE	0000	7
		_EUSART_SetOverrunErrorHandler		CODE           	02B2	0000	7

mcc_generated_files/eusart.c estimated size: 59

main.c
		_main          		CODE           	02DF	0000	5

main.c estimated size: 5

