Microchip MPLAB XC8 Compiler V2.20

Linker command line:

-W-3 --edf=C:\Program Files\Microchip\xc8\v2.20\pic\dat\en_msgs.txt -cn \
  -h+dist/default/production\Mcc_1509.X.production.sym \
  --cmf=dist/default/production\Mcc_1509.X.production.cmf -z -Q16F1509 \
  -oC:\Users\zkata\AppData\Local\Temp\sbdk.2 --defsym=__MPLAB_BUILD=1 \
  -Mdist/default/production/Mcc_1509.X.production.map -E1 -ver=XC8 Compiler \
  --acfsm=1493 -ASTACK=0205Bh-021EFh -pstack=STACK -ACODE=00h-07FFhx4 \
  -ASTRCODE=00h-01FFFh -ASTRING=00h-0FFhx32 -ACONST=00h-0FFhx32 \
  -AENTRY=00h-0FFhx32 -ACOMMON=070h-07Fh -ABANK0=020h-06Fh \
  -ABANK1=0A0h-0EFh -ABANK2=0120h-016Fh -ABANK3=01A0h-01EFh \
  -ABANK4=0220h-026Fh -ABANK5=02A0h-02EFh -ABANK6=0320h-032Fh \
  -ABIGRAM=02000h-021EFh \
  -ARAM=020h-06Fh,0A0h-0EFh,0120h-016Fh,01A0h-01EFh,0220h-026Fh,02A0h-02EFh,0320h-032Fh \
  -AABS1=020h-07Fh,0A0h-0EFh,0120h-016Fh,01A0h-01EFh,0220h-026Fh,02A0h-02EFh,0320h-032Fh \
  -ASFR0=00h-01Fh -ASFR1=080h-09Fh -ASFR2=0100h-011Fh -ASFR3=0180h-019Fh \
  -ASFR4=0200h-021Fh -ASFR5=0280h-029Fh -ASFR6=0300h-031Fh \
  -ASFR7=0380h-03EFh -ASFR8=0400h-046Fh -ASFR9=0480h-04EFh \
  -ASFR10=0500h-056Fh -ASFR11=0580h-05EFh -ASFR12=0600h-066Fh \
  -ASFR13=0680h-06EFh -ASFR14=0700h-076Fh -ASFR15=0780h-07EFh \
  -ASFR16=0800h-086Fh -ASFR17=0880h-08EFh -ASFR18=0900h-096Fh \
  -ASFR19=0980h-09EFh -ASFR20=0A00h-0A6Fh -ASFR21=0A80h-0AEFh \
  -ASFR22=0B00h-0B6Fh -ASFR23=0B80h-0BEFh -ASFR24=0C00h-0C6Fh \
  -ASFR25=0C80h-0CEFh -ASFR26=0D00h-0D6Fh -ASFR27=0D80h-0DEFh \
  -ASFR28=0E00h-0E6Fh -ASFR29=0E80h-0EEFh -ASFR30=0F00h-0F6Fh \
  -ASFR31=0F80h-0FEFh -ACONFIG=08007h-08008h -DCONFIG=2 \
  -AIDLOC=08000h-08003h -DIDLOC=2 \
  -preset_vec=00h,intentry=04h,init,end_init -ppowerup=CODE -pcinit=CODE \
  -pfunctab=ENTRY -DCODE=2 -DSTRCODE=2 -DSTRING=2 -DCONST=2 -DENTRY=2 -k \
  C:\Users\zkata\AppData\Local\Temp\sbdk.o \
  dist/default/production\Mcc_1509.X.production.o 

Object code version is 3.11

Machine type is 16F1509



                Name                               Link     Load   Length Selector   Space Scale
C:\Users\zkata\AppData\Local\Temp\sbdk.o
                end_init                             12       12        2        8       0
                reset_vec                             0        0        2        0       0
                config                             8007     8007        2        0       4
dist/default/production\Mcc_1509.X.production.o
                cinit                                14       14       1B        8       0
                intentry                              4        4        E        8       0
                config                             8007     8007        2        0       4
                text76                              46C      46C       16      766       0
                text75                              63B      63B        1      A46       0
                text74                               AD       AD       66        8       0
                text73                              549      549        B      A46       0
                text72                              497      497       13      766       0
                text70                              5D9      5D9        6      A46       0
                text69                              256      256       3D        8       0
                text68                              113      113       60        8       0
                text67                              504      504       10      766       0
                text66                              631      631        3      A46       0
                text65                              62E      62E        3      A46       0
                text64                              62B      62B        3      A46       0
                text63                              453      453       19      766       0
                text62                              628      628        3      A46       0
                text61                              625      625        3      A46       0
                text60                              622      622        3      A46       0
                text59                              523      523        E      A46       0
                text58                              34A      34A       25        8       0
                text57                              531      531        D      A46       0
                text56                              4F2      4F2       12      766       0
                text55                              4E0      4E0       12      766       0
                text54                              4CE      4CE       12      766       0
                text53                              4BC      4BC       12      766       0
                text52                              43A      43A       19      766       0
                text51                              638      638        2      A46       0
                text50                              636      636        2      A46       0
                text49                              61F      61F        3      A46       0
                text48                              615      615        4      A46       0
                text47                              61C      61C        3      A46       0
                text46                              611      611        4      A46       0
                text45                              5D3      5D3        6      A46       0
                text44                              5CD      5CD        6      A46       0
                text43                              619      619        3      A46       0
                text42                              2CB      2CB       2D        8       0
                text41                              5E4      5E4        5      A46       0
                text40                              5AC      5AC        8      A46       0
                text39                              5B4      5B4        7      A46       0
                text38                              1C5      1C5       4F        8       0
                text37                              214      214       42        8       0
                text36                              5C7      5C7        6      A46       0
                text35                              60D      60D        4      A46       0
                text34                              609      609        4      A46       0
                text33                              605      605        4      A46       0
                text32                              601      601        4      A46       0
                text31                              5FD      5FD        4      A46       0
                text30                              5F9      5F9        4      A46       0
                text29                              5F5      5F5        4      A46       0
                text28                              5DF      5DF        5      A46       0
                text27                              2F8      2F8       2B        8       0
                text26                              323      323       27        8       0
                text25                              5F1      5F1        4      A46       0
                text24                              554      554        A      A46       0
                text23                              407      407       1A      766       0
                text22                              5ED      5ED        4      A46       0
                text21                              53E      53E        B      A46       0
                text20                              293      293       38        8       0
                text19                              3B3      3B3       1D      766       0
                text18                              58B      58B        9      A46       0
                text17                              5A4      5A4        8      A46       0
                text16                              59C      59C        8      A46       0
                text15                              173      173       52        8       0
                text14                              3D0      3D0       1C      766       0
                text13                               2F       2F       7E        8       0
                text12                              582      582        9      A46       0
                text11                              579      579        9      A46       0
                text10                              570      570        9      A46       0
                text9                               36F      36F       24        8       0
                text8                               567      567        9      A46       0
                text7                               5C1      5C1        6      A46       0
                text6                               421      421       19      766       0
                text5                               594      594        8      A46       0
                text4                               55E      55E        9      A46       0
                text3                               4AA      4AA       12      766       0
                text2                               5E9      5E9        4      A46       0
                text1                               482      482       15      766       0
                maintext                            3EC      3EC       1B      766       0
                cstackBANK0                          55       55       19       20       1
                cstackCOMMON                         70       70        6       70       1
                cstackBANK1                          A9       A9        2       A0       1
                clrtext                             5BB      5BB        6      A46       0
                dataBANK0                            6F       6F        1       20       1
                bssBANK0                             20       20       35       20       1
                dataCOMMON                           7A       7A        2       70       1
                bssCOMMON                            76       76        4       70       1
                nvBANK1                              A0       A0        9       A0       1
                nvBANK0                              6E       6E        1       20       1
                stringtext2                         514      514        F      A28       0
                stringtext1                         393      393       20      726       0
                idataBANK0                          63A      63A        1      A46       0
                idataCOMMON                         634      634        2      A46       0

TOTAL           Name                               Link     Load   Length     Space
        CLASS   STACK          

        CLASS   CODE           
                end_init                             12       12        2         0
                cinit                                14       14       1B         0
                intentry                              4        4        E         0
                reset_vec                             0        0        2         0
                text76                              46C      46C       16         0
                text75                              63B      63B        1         0
                text74                               AD       AD       66         0
                text73                              549      549        B         0
                text72                              497      497       13         0
                text70                              5D9      5D9        6         0
                text69                              256      256       3D         0
                text68                              113      113       60         0
                text67                              504      504       10         0
                text66                              631      631        3         0
                text65                              62E      62E        3         0
                text64                              62B      62B        3         0
                text63                              453      453       19         0
                text62                              628      628        3         0
                text61                              625      625        3         0
                text60                              622      622        3         0
                text59                              523      523        E         0
                text58                              34A      34A       25         0
                text57                              531      531        D         0
                text56                              4F2      4F2       12         0
                text55                              4E0      4E0       12         0
                text54                              4CE      4CE       12         0
                text53                              4BC      4BC       12         0
                text52                              43A      43A       19         0
                text51                              638      638        2         0
                text50                              636      636        2         0
                text49                              61F      61F        3         0
                text48                              615      615        4         0
                text47                              61C      61C        3         0
                text46                              611      611        4         0
                text45                              5D3      5D3        6         0
                text44                              5CD      5CD        6         0
                text43                              619      619        3         0
                text42                              2CB      2CB       2D         0
                text41                              5E4      5E4        5         0
                text40                              5AC      5AC        8         0
                text39                              5B4      5B4        7         0
                text38                              1C5      1C5       4F         0
                text37                              214      214       42         0
                text36                              5C7      5C7        6         0
                text35                              60D      60D        4         0
                text34                              609      609        4         0
                text33                              605      605        4         0
                text32                              601      601        4         0
                text31                              5FD      5FD        4         0
                text30                              5F9      5F9        4         0
                text29                              5F5      5F5        4         0
                text28                              5DF      5DF        5         0
                text27                              2F8      2F8       2B         0
                text26                              323      323       27         0
                text25                              5F1      5F1        4         0
                text24                              554      554        A         0
                text23                              407      407       1A         0
                text22                              5ED      5ED        4         0
                text21                              53E      53E        B         0
                text20                              293      293       38         0
                text19                              3B3      3B3       1D         0
                text18                              58B      58B        9         0
                text17                              5A4      5A4        8         0
                text16                              59C      59C        8         0
                text15                              173      173       52         0
                text14                              3D0      3D0       1C         0
                text13                               2F       2F       7E         0
                text12                              582      582        9         0
                text11                              579      579        9         0
                text10                              570      570        9         0
                text9                               36F      36F       24         0
                text8                               567      567        9         0
                text7                               5C1      5C1        6         0
                text6                               421      421       19         0
                text5                               594      594        8         0
                text4                               55E      55E        9         0
                text3                               4AA      4AA       12         0
                text2                               5E9      5E9        4         0
                text1                               482      482       15         0
                maintext                            3EC      3EC       1B         0
                clrtext                             5BB      5BB        6         0
                idataBANK0                          63A      63A        1         0
                idataCOMMON                         634      634        2         0

        CLASS   STRCODE        
                stringtext2                         514      514        F         0
                stringtext1                         393      393       20         0

        CLASS   STRING         

        CLASS   CONST          

        CLASS   ENTRY          

        CLASS   COMMON         
                cstackCOMMON                         70       70        6         1
                dataCOMMON                           7A       7A        2         1
                bssCOMMON                            76       76        4         1

        CLASS   BANK0          
                cstackBANK0                          55       55       19         1
                dataBANK0                            6F       6F        1         1
                bssBANK0                             20       20       35         1
                nvBANK0                              6E       6E        1         1

        CLASS   BANK1          
                cstackBANK1                          A9       A9        2         1
                nvBANK1                              A0       A0        9         1

        CLASS   BANK2          

        CLASS   BANK3          

        CLASS   BANK4          

        CLASS   BANK5          

        CLASS   BANK6          

        CLASS   BIGRAM         

        CLASS   RAM            

        CLASS   ABS1           
                abs_s1                               7E       7E        2         1

        CLASS   SFR0           

        CLASS   SFR1           

        CLASS   SFR2           

        CLASS   SFR3           

        CLASS   SFR4           

        CLASS   SFR5           

        CLASS   SFR6           

        CLASS   SFR7           

        CLASS   SFR8           

        CLASS   SFR9           

        CLASS   SFR10          

        CLASS   SFR11          

        CLASS   SFR12          

        CLASS   SFR13          

        CLASS   SFR14          

        CLASS   SFR15          

        CLASS   SFR16          

        CLASS   SFR17          

        CLASS   SFR18          

        CLASS   SFR19          

        CLASS   SFR20          

        CLASS   SFR21          

        CLASS   SFR22          

        CLASS   SFR23          

        CLASS   SFR24          

        CLASS   SFR25          

        CLASS   SFR26          

        CLASS   SFR27          

        CLASS   SFR28          

        CLASS   SFR29          

        CLASS   SFR30          

        CLASS   SFR31          

        CLASS   CONFIG         
                config                             8007     8007        2         4

        CLASS   IDLOC          

        CLASS   BANK31         

        CLASS   BANK30         

        CLASS   BANK29         

        CLASS   BANK28         

        CLASS   BANK27         

        CLASS   BANK26         

        CLASS   BANK25         

        CLASS   BANK24         

        CLASS   BANK23         

        CLASS   BANK22         

        CLASS   BANK21         

        CLASS   BANK20         

        CLASS   BANK19         

        CLASS   BANK18         

        CLASS   BANK17         

        CLASS   BANK16         

        CLASS   BANK15         

        CLASS   BANK14         

        CLASS   BANK13         

        CLASS   BANK12         

        CLASS   BANK11         

        CLASS   BANK10         

        CLASS   BANK9          

        CLASS   BANK8          

        CLASS   BANK7          

        CLASS   EEDATA         



SEGMENTS        Name                           Load    Length   Top    Selector   Space  Class     Delta

                reset_vec                      000000  000002  000002         0       0  CODE        2
                intentry                       000004  00038F  000393         8       0  CODE        2
                bssBANK0                       000020  000050  000070        20       1  BANK0       1
                cstackCOMMON                   000070  00000C  00007C        70       1  COMMON      1
                nvBANK1                        0000A0  00000B  0000AB        A0       1  BANK1       1
                stringtext1                    000393  000020  0003B3       726       0  STRCODE     2
                text19                         0003B3  000161  000514       766       0  CODE        2
                stringtext2                    000514  00000F  000523       A28       0  STRCODE     2
                text59                         000523  000119  00063C       A46       0  CODE        2


UNUSED ADDRESS RANGES

        Name                Unused          Largest block    Delta
        BANK1            000AB-000EF              45           1
        BANK2            00120-0016F              50           1
        BANK3            001A0-001EF              50           1
        BANK4            00220-0026F              50           1
        BANK5            002A0-002EF              50           1
        BANK6            00320-0032F              10           1
        BIGRAM           02000-021EF             1F0           1
        CODE             00002-00003               2           2
                         0063C-01FFF             800
        COMMON           0007C-0007D               2           1
        CONST            00002-00003               2           2
                         0063C-01FFF             100
        ENTRY            00002-00003               2           2
                         0063C-01FFF             100
        IDLOC            08000-08003               4           2
        RAM              000AB-000EF              45           1
                         00120-0016F              50
                         001A0-001EF              50
                         00220-0026F              50
                         002A0-002EF              50
                         00320-0032F              10
        SFR0             00000-0001F              20           1
        SFR1             00080-0009F              20           1
        SFR10            00500-0056F              70           1
        SFR11            00580-005EF              70           1
        SFR12            00600-0066F              70           1
        SFR13            00680-006EF              70           1
        SFR14            00700-0076F              70           1
        SFR15            00780-007EF              70           1
        SFR16            00800-0086F              70           1
        SFR17            00880-008EF              70           1
        SFR18            00900-0096F              70           1
        SFR19            00980-009EF              70           1
        SFR2             00100-0011F              20           1
        SFR20            00A00-00A6F              70           1
        SFR21            00A80-00AEF              70           1
        SFR22            00B00-00B6F              70           1
        SFR23            00B80-00BEF              70           1
        SFR24            00C00-00C6F              70           1
        SFR25            00C80-00CEF              70           1
        SFR26            00D00-00D6F              70           1
        SFR27            00D80-00DEF              70           1
        SFR28            00E00-00E6F              70           1
        SFR29            00E80-00EEF              70           1
        SFR3             00180-0019F              20           1
        SFR30            00F00-00F6F              70           1
        SFR31            00F80-00FEF              70           1
        SFR4             00200-0021F              20           1
        SFR5             00280-0029F              20           1
        SFR6             00300-0031F              20           1
        SFR7             00380-003EF              70           1
        SFR8             00400-0046F              70           1
        SFR9             00480-004EF              70           1
        STACK            0205B-021EF             195           1
        STRCODE          00002-00003               2           2
                         0063C-01FFF            19C4
        STRING           00002-00003               2           2
                         0063C-01FFF             100

                                  Symbol Table

?___wmul                                       cstackBANK0  00055
COS_Init@tempbyte1                             cstackBANK0  00058
COS_Init@tempbyte2                             cstackBANK0  00059
COS_TmrHandler@tempbyte1                       cstackBANK0  00058
COS_TmrHandler@tempbyte2                       cstackBANK0  00059
Delay@Timecounter                              cstackBANK0  00055
Delay@i                                        cstackBANK0  00057
EUSART_SetErrorHandler@interruptHandler        cstackBANK0  00055
EUSART_SetFramingErrorHandler@interruptHandler cstackBANK0  00055
EUSART_SetOverrunErrorHandler@interruptHandler cstackBANK0  00055
EUSART_Write@txData                            cstackBANK0  00055
I2C_CallbackReturnReset@funPtr                 cstackBANK0  0005E
I2C_Close@returnValue                          cstackBANK0  00056
I2C_MasterOperation@read                       cstackBANK0  00066
I2C_MasterOperation@returnValue                cstackBANK0  00067
I2C_MasterSendTxData@data                      cstackBANK0  00055
I2C_Open@address                               cstackBANK0  00056
I2C_Open@returnValue                           cstackBANK0  00057
I2C_ReadNBytes@address                         cstackBANK0  0006B
I2C_ReadNBytes@data                            cstackBANK0  00068
I2C_ReadNBytes@len                             cstackBANK0  00069
I2C_SetBuffer@buffer                           cstackBANK0  00058
I2C_SetBuffer@bufferSize                       cstackBANK0  00055
I2C_SetCallback@cb                             cstackBANK0  00055
I2C_SetCallback@idx                            cstackBANK0  00059
I2C_SetCallback@ptr                            cstackBANK0  00057
I2C_SetDataCompleteCallback@cb                 cstackBANK0  0005A
I2C_SetDataCompleteCallback@ptr                cstackBANK0  0005C
PWM1_LoadDutyValue@dutyValue                   cstackCOMMON 00070
SendByUart@Txt                                 cstackBANK0  00056
TMR2_ISR@CountCallBack                         bssBANK0     00043
TMR2_SetInterruptHandler@InterruptHandler      cstackBANK0  00055
_ANSELA                                        (abs)        0018C
_ANSELB                                        (abs)        0018D
_ANSELC                                        (abs)        0018E
_APFCON                                        (abs)        0011D
_BAUDCON                                       (abs)        0019F
_BORCON                                        (abs)        00116
_BreathState                                   dataCOMMON   0007B
_COS_Init                                      text69       00256
_COS_TimerSetup                                text70       005D9
_COS_TmrHandler                                text68       00113
_COS_TskMan                                    text13       0002F
_COS_ms_tmr                                    bssBANK0     0004B
_COS_sec_tmr                                   bssBANK0     00049
_COS_tcnt_lst                                  bssBANK0     00045
_COS_tcnt_val                                  bssCOMMON    00076
_COS_tsk                                       stringtext2  00514
_COS_tsk_ena                                   nvBANK1      000A8
_COS_tsk_ind                                   bssBANK0     00052
_COS_tsk_msk                                   nvBANK0      0006E
_COS_tsk_tmr                                   bssBANK0     00047
_Delay                                         text67       00504
_EUSART_DefaultErrorHandler                    (abs)        00000
_EUSART_DefaultFramingErrorHandler             (abs)        00000
_EUSART_DefaultOverrunErrorHandler             (abs)        00000
_EUSART_ErrorHandler                           nvBANK1      000A0
_EUSART_FramingErrorHandler                    nvBANK1      000A4
_EUSART_Initialize                             text9        0036F
_EUSART_OverrunErrorHandler                    nvBANK1      000A2
_EUSART_SetErrorHandler                        text12       00582
_EUSART_SetFramingErrorHandler                 text11       00579
_EUSART_SetOverrunErrorHandler                 text10       00570
_EUSART_Write                                  text17       005A4
_GetTemp                                       text15       00173
_I2C_CallbackReturnReset                       text50       00636
_I2C_CallbackReturnStop                        text51       00638
_I2C_Close                                     text63       00453
_I2C_DO_ADDRESS_NACK                           text27       002F8
_I2C_DO_IDLE                                   text41       005E4
_I2C_DO_RCEN                                   text36       005C7
_I2C_DO_RESET                                  text28       005DF
_I2C_DO_RX                                     text37       00214
_I2C_DO_RX_ACK                                 text31       005FD
_I2C_DO_RX_NACK_RESTART                        text29       005F5
_I2C_DO_RX_NACK_STOP                           text30       005F9
_I2C_DO_SEND_ADR_READ                          text40       005AC
_I2C_DO_SEND_ADR_WRITE                         text39       005B4
_I2C_DO_SEND_RESTART                           text33       00605
_I2C_DO_SEND_RESTART_READ                      text35       0060D
_I2C_DO_SEND_RESTART_WRITE                     text34       00609
_I2C_DO_SEND_STOP                              text32       00601
_I2C_DO_TX                                     text38       001C5
_I2C_DO_TX_EMPTY                               text42       002CB
_I2C_Initialize                                text8        00567
_I2C_MasterClearIrq                            text66       00631
_I2C_MasterClose                               text65       0062E
_I2C_MasterDisableIrq                          text64       0062B
_I2C_MasterEnableRestart                       text61       00625
_I2C_MasterFsm                                 text26       00323
_I2C_MasterGetRxData                           text47       0061C
_I2C_MasterIsNack                              text44       005CD
_I2C_MasterOpen                                text21       0053E
_I2C_MasterOperation                           text23       00407
_I2C_MasterRead                                text22       005ED
_I2C_MasterSendAck                             text46       00611
_I2C_MasterSendNack                            text48       00615
_I2C_MasterSendTxData                          text45       005D3
_I2C_MasterSetIrq                              text43       00619
_I2C_MasterStart                               text62       00628
_I2C_MasterStartRx                             text49       0061F
_I2C_MasterStop                                text60       00622
_I2C_MasterWaitForEvent                        text25       005F1
_I2C_Open                                      text20       00293
_I2C_Poller                                    text24       00554
_I2C_ReadNBytes                                text19       003B3
_I2C_SetBuffer                                 text59       00523
_I2C_SetCallback                               text58       0034A
_I2C_SetDataCompleteCallback                   text57       00531
_I2C_Status                                    bssBANK0     00020
_I2cState                                      dataBANK0    0006F
_INTCONbits                                    (abs)        0000B
_INTERRUPT_InterruptManager                    intentry     00004
_LATA                                          (abs)        0010C
_LATB                                          (abs)        0010D
_LATC                                          (abs)        0010E
_LATCbits                                      (abs)        0010E
_Led2_PWM                                      text74       000AD
_NewMessageFlag                                bssCOMMON    00078
_OPTION_REGbits                                (abs)        00095
_OSCCON                                        (abs)        00099
_OSCILLATOR_Initialize                         text7        005C1
_PIE1bits                                      (abs)        00091
_PIN_MANAGER_Initialize                        text6        00421
_PIR1bits                                      (abs)        00011
_PIR2bits                                      (abs)        00012
_PR2                                           (abs)        0001B
_PWM1CON                                       (abs)        00613
_PWM1DCH                                       (abs)        00612
_PWM1DCL                                       (abs)        00611
_PWM1_Initialize                               text5        00594
_PWM1_LoadDutyValue                            text76       0046C
_RCREG                                         (abs)        00199
_RCSTA                                         (abs)        0019D
_RCSTAbits                                     (abs)        0019D
_SPBRGH                                        (abs)        0019C
_SPBRGL                                        (abs)        0019B
_SSP1ADD                                       (abs)        00212
_SSP1BUF                                       (abs)        00211
_SSP1CON1                                      (abs)        00215
_SSP1CON1bits                                  (abs)        00215
_SSP1CON2                                      (abs)        00216
_SSP1CON2bits                                  (abs)        00216
_SSP1STAT                                      (abs)        00214
_SSP1STATbits                                  (abs)        00214
_SYSTEM_Initialize                             text1        00482
_SendByUart                                    text18       0058B
_T1CON                                         (abs)        00018
_T2CON                                         (abs)        0001C
_T2CONbits                                     (abs)        0001C
_TMR1H                                         (abs)        00017
_TMR1L                                         (abs)        00016
_TMR2                                          (abs)        0001A
_TMR2_CallBack                                 text73       00549
_TMR2_DefaultInterruptHandler                  text75       0063B
_TMR2_ISR                                      text72       00497
_TMR2_Initialize                               text3        004AA
_TMR2_InterruptHandler                         nvBANK1      000A6
_TMR2_SetInterruptHandler                      text4        0055E
_TRISA                                         (abs)        0008C
_TRISB                                         (abs)        0008D
_TRISC                                         (abs)        0008E
_TXREG                                         (abs)        0019A
_TXSTA                                         (abs)        0019E
_TXSTAbits                                     (abs)        0019E
_Temp                                          bssBANK0     00053
_U8Message                                     dataCOMMON   0007A
_UartDisplay                                   text16       0059C
_WDTCON                                        (abs)        00097
_WDT_Initialize                                text2        005E9
_WPUA                                          (abs)        0020C
_WPUB                                          (abs)        0020D
__Habs1                                        abs1         00000
__Hbank0                                       bank0        00000
__Hbank1                                       bank1        00000
__Hbank10                                      bank10       00000
__Hbank11                                      bank11       00000
__Hbank12                                      bank12       00000
__Hbank13                                      bank13       00000
__Hbank14                                      bank14       00000
__Hbank15                                      bank15       00000
__Hbank16                                      bank16       00000
__Hbank17                                      bank17       00000
__Hbank18                                      bank18       00000
__Hbank19                                      bank19       00000
__Hbank2                                       bank2        00000
__Hbank20                                      bank20       00000
__Hbank21                                      bank21       00000
__Hbank22                                      bank22       00000
__Hbank23                                      bank23       00000
__Hbank24                                      bank24       00000
__Hbank25                                      bank25       00000
__Hbank26                                      bank26       00000
__Hbank27                                      bank27       00000
__Hbank28                                      bank28       00000
__Hbank29                                      bank29       00000
__Hbank3                                       bank3        00000
__Hbank30                                      bank30       00000
__Hbank31                                      bank31       00000
__Hbank4                                       bank4        00000
__Hbank5                                       bank5        00000
__Hbank6                                       bank6        00000
__Hbank7                                       bank7        00000
__Hbank8                                       bank8        00000
__Hbank9                                       bank9        00000
__Hbigram                                      bigram       00000
__HbssBANK0                                    bssBANK0     00000
__HbssCOMMON                                   bssCOMMON    00000
__Hcinit                                       cinit        0002F
__Hclrtext                                     clrtext      00000
__Hcode                                        code         00000
__Hcommon                                      common       00000
__Hconfig                                      config       08009
__HcstackBANK0                                 cstackBANK0  00000
__HcstackBANK1                                 cstackBANK1  00000
__HcstackCOMMON                                cstackCOMMON 00000
__HdataBANK0                                   dataBANK0    00000
__HdataCOMMON                                  dataCOMMON   00000
__Heeprom_data                                 eeprom_data  00000
__Hend_init                                    end_init     00014
__Hfunctab                                     functab      00000
__HidataBANK0                                  idataBANK0   00000
__HidataCOMMON                                 idataCOMMON  00000
__Hinit                                        init         00012
__Hintentry                                    intentry     00012
__Hmaintext                                    maintext     00000
__HnvBANK0                                     nvBANK0      00000
__HnvBANK1                                     nvBANK1      00000
__Hpowerup                                     powerup      00000
__Hram                                         ram          00000
__Hreset_vec                                   reset_vec    00002
__Hsfr0                                        sfr0         00000
__Hsfr1                                        sfr1         00000
__Hsfr10                                       sfr10        00000
__Hsfr11                                       sfr11        00000
__Hsfr12                                       sfr12        00000
__Hsfr13                                       sfr13        00000
__Hsfr14                                       sfr14        00000
__Hsfr15                                       sfr15        00000
__Hsfr16                                       sfr16        00000
__Hsfr17                                       sfr17        00000
__Hsfr18                                       sfr18        00000
__Hsfr19                                       sfr19        00000
__Hsfr2                                        sfr2         00000
__Hsfr20                                       sfr20        00000
__Hsfr21                                       sfr21        00000
__Hsfr22                                       sfr22        00000
__Hsfr23                                       sfr23        00000
__Hsfr24                                       sfr24        00000
__Hsfr25                                       sfr25        00000
__Hsfr26                                       sfr26        00000
__Hsfr27                                       sfr27        00000
__Hsfr28                                       sfr28        00000
__Hsfr29                                       sfr29        00000
__Hsfr3                                        sfr3         00000
__Hsfr30                                       sfr30        00000
__Hsfr31                                       sfr31        00000
__Hsfr4                                        sfr4         00000
__Hsfr5                                        sfr5         00000
__Hsfr6                                        sfr6         00000
__Hsfr7                                        sfr7         00000
__Hsfr8                                        sfr8         00000
__Hsfr9                                        sfr9         00000
__Hspace_0                                     (abs)        0063C
__Hspace_1                                     (abs)        000AB
__Hspace_2                                     (abs)        00000
__Hspace_3                                     (abs)        00000
__Hspace_4                                     (abs)        10010
__Hstack                                       stack        00000
__Hstrings                                     strings      00000
__Hstringtext1                                 stringtext1  00000
__Hstringtext2                                 stringtext2  00000
__Htext                                        text         00000
__Labs1                                        abs1         00000
__Lbank0                                       bank0        00000
__Lbank1                                       bank1        00000
__Lbank10                                      bank10       00000
__Lbank11                                      bank11       00000
__Lbank12                                      bank12       00000
__Lbank13                                      bank13       00000
__Lbank14                                      bank14       00000
__Lbank15                                      bank15       00000
__Lbank16                                      bank16       00000
__Lbank17                                      bank17       00000
__Lbank18                                      bank18       00000
__Lbank19                                      bank19       00000
__Lbank2                                       bank2        00000
__Lbank20                                      bank20       00000
__Lbank21                                      bank21       00000
__Lbank22                                      bank22       00000
__Lbank23                                      bank23       00000
__Lbank24                                      bank24       00000
__Lbank25                                      bank25       00000
__Lbank26                                      bank26       00000
__Lbank27                                      bank27       00000
__Lbank28                                      bank28       00000
__Lbank29                                      bank29       00000
__Lbank3                                       bank3        00000
__Lbank30                                      bank30       00000
__Lbank31                                      bank31       00000
__Lbank4                                       bank4        00000
__Lbank5                                       bank5        00000
__Lbank6                                       bank6        00000
__Lbank7                                       bank7        00000
__Lbank8                                       bank8        00000
__Lbank9                                       bank9        00000
__Lbigram                                      bigram       00000
__LbssBANK0                                    bssBANK0     00000
__LbssCOMMON                                   bssCOMMON    00000
__Lcinit                                       cinit        00014
__Lclrtext                                     clrtext      00000
__Lcode                                        code         00000
__Lcommon                                      common       00000
__Lconfig                                      config       00000
__LcstackBANK0                                 cstackBANK0  00000
__LcstackBANK1                                 cstackBANK1  00000
__LcstackCOMMON                                cstackCOMMON 00000
__LdataBANK0                                   dataBANK0    00000
__LdataCOMMON                                  dataCOMMON   00000
__Leeprom_data                                 eeprom_data  00000
__Lend_init                                    end_init     00012
__Lfunctab                                     functab      00000
__LidataBANK0                                  idataBANK0   00000
__LidataCOMMON                                 idataCOMMON  00000
__Linit                                        init         00012
__Lintentry                                    intentry     00004
__Lmaintext                                    maintext     00000
__LnvBANK0                                     nvBANK0      00000
__LnvBANK1                                     nvBANK1      00000
__Lpowerup                                     powerup      00000
__Lram                                         ram          00000
__Lreset_vec                                   reset_vec    00000
__Lsfr0                                        sfr0         00000
__Lsfr1                                        sfr1         00000
__Lsfr10                                       sfr10        00000
__Lsfr11                                       sfr11        00000
__Lsfr12                                       sfr12        00000
__Lsfr13                                       sfr13        00000
__Lsfr14                                       sfr14        00000
__Lsfr15                                       sfr15        00000
__Lsfr16                                       sfr16        00000
__Lsfr17                                       sfr17        00000
__Lsfr18                                       sfr18        00000
__Lsfr19                                       sfr19        00000
__Lsfr2                                        sfr2         00000
__Lsfr20                                       sfr20        00000
__Lsfr21                                       sfr21        00000
__Lsfr22                                       sfr22        00000
__Lsfr23                                       sfr23        00000
__Lsfr24                                       sfr24        00000
__Lsfr25                                       sfr25        00000
__Lsfr26                                       sfr26        00000
__Lsfr27                                       sfr27        00000
__Lsfr28                                       sfr28        00000
__Lsfr29                                       sfr29        00000
__Lsfr3                                        sfr3         00000
__Lsfr30                                       sfr30        00000
__Lsfr31                                       sfr31        00000
__Lsfr4                                        sfr4         00000
__Lsfr5                                        sfr5         00000
__Lsfr6                                        sfr6         00000
__Lsfr7                                        sfr7         00000
__Lsfr8                                        sfr8         00000
__Lsfr9                                        sfr9         00000
__Lspace_0                                     (abs)        00000
__Lspace_1                                     (abs)        00000
__Lspace_2                                     (abs)        00000
__Lspace_3                                     (abs)        00000
__Lspace_4                                     (abs)        00000
__Lstack                                       stack        00000
__Lstrings                                     strings      00000
__Lstringtext1                                 stringtext1  00000
__Lstringtext2                                 stringtext2  00000
__Ltext                                        text         00000
__S0                                           (abs)        0063C
__S1                                           (abs)        000AB
__S2                                           (abs)        00000
___int_sp                                      stack        00000
___latbits                                     (abs)        00002
___sp                                          stack        00000
___stackhi                                     (abs)        021EF
___stacklo                                     (abs)        0205B
___wmul                                        text14       003D0
___wmul@multiplicand                           cstackBANK0  00057
___wmul@multiplier                             cstackBANK0  00055
___wmul@product                                cstackBANK0  00059
__end_of_COS_Init                              text69       00293
__end_of_COS_TimerSetup                        text70       005DF
__end_of_COS_TmrHandler                        text68       00173
__end_of_COS_TskMan                            text13       000AD
__end_of_COS_tsk                               stringtext2  00523
__end_of_Delay                                 text67       00514
__end_of_EUSART_Initialize                     text9        00393
__end_of_EUSART_SetErrorHandler                text12       0058B
__end_of_EUSART_SetFramingErrorHandler         text11       00582
__end_of_EUSART_SetOverrunErrorHandler         text10       00579
__end_of_EUSART_Write                          text17       005AC
__end_of_GetTemp                               text15       001C5
__end_of_I2C_CallbackReturnReset               text50       00638
__end_of_I2C_CallbackReturnStop                text51       0063A
__end_of_I2C_Close                             text63       0046C
__end_of_I2C_DO_ADDRESS_NACK                   text27       00323
__end_of_I2C_DO_IDLE                           text41       005E9
__end_of_I2C_DO_RCEN                           text36       005CD
__end_of_I2C_DO_RESET                          text28       005E4
__end_of_I2C_DO_RX                             text37       00256
__end_of_I2C_DO_RX_ACK                         text31       00601
__end_of_I2C_DO_RX_NACK_RESTART                text29       005F9
__end_of_I2C_DO_RX_NACK_STOP                   text30       005FD
__end_of_I2C_DO_SEND_ADR_READ                  text40       005B4
__end_of_I2C_DO_SEND_ADR_WRITE                 text39       005BB
__end_of_I2C_DO_SEND_RESTART                   text33       00609
__end_of_I2C_DO_SEND_RESTART_READ              text35       00611
__end_of_I2C_DO_SEND_RESTART_WRITE             text34       0060D
__end_of_I2C_DO_SEND_STOP                      text32       00605
__end_of_I2C_DO_TX                             text38       00214
__end_of_I2C_DO_TX_EMPTY                       text42       002F8
__end_of_I2C_Initialize                        text8        00570
__end_of_I2C_MasterClearIrq                    text66       00634
__end_of_I2C_MasterClose                       text65       00631
__end_of_I2C_MasterDisableIrq                  text64       0062E
__end_of_I2C_MasterEnableRestart               text61       00628
__end_of_I2C_MasterFsm                         text26       0034A
__end_of_I2C_MasterGetRxData                   text47       0061F
__end_of_I2C_MasterIsNack                      text44       005D3
__end_of_I2C_MasterOpen                        text21       00549
__end_of_I2C_MasterOperation                   text23       00421
__end_of_I2C_MasterRead                        text22       005F1
__end_of_I2C_MasterSendAck                     text46       00615
__end_of_I2C_MasterSendNack                    text48       00619
__end_of_I2C_MasterSendTxData                  text45       005D9
__end_of_I2C_MasterSetIrq                      text43       0061C
__end_of_I2C_MasterStart                       text62       0062B
__end_of_I2C_MasterStartRx                     text49       00622
__end_of_I2C_MasterStop                        text60       00625
__end_of_I2C_MasterWaitForEvent                text25       005F5
__end_of_I2C_Open                              text20       002CB
__end_of_I2C_Poller                            text24       0055E
__end_of_I2C_ReadNBytes                        text19       003D0
__end_of_I2C_SetBuffer                         text59       00531
__end_of_I2C_SetCallback                       text58       0036F
__end_of_I2C_SetDataCompleteCallback           text57       0053E
__end_of_INTERRUPT_InterruptManager            intentry     00012
__end_of_Led2_PWM                              text74       00113
__end_of_OSCILLATOR_Initialize                 text7        005C7
__end_of_PIN_MANAGER_Initialize                text6        0043A
__end_of_PWM1_Initialize                       text5        0059C
__end_of_PWM1_LoadDutyValue                    text76       00482
__end_of_SYSTEM_Initialize                     text1        00497
__end_of_SendByUart                            text18       00594
__end_of_TMR2_CallBack                         text73       00554
__end_of_TMR2_DefaultInterruptHandler          text75       0063C
__end_of_TMR2_ISR                              text72       004AA
__end_of_TMR2_Initialize                       text3        004BC
__end_of_TMR2_SetInterruptHandler              text4        00567
__end_of_UartDisplay                           text16       005A4
__end_of_WDT_Initialize                        text2        005ED
__end_of___wmul                                text14       003EC
__end_of__initialization                       cinit        0002B
__end_of_fsmStateTable                         stringtext1  003B3
__end_of_main                                  maintext     00407
__end_of_rd1RegCompleteHandler                 text55       004F2
__end_of_rd2RegCompleteHandler                 text54       004E0
__end_of_rdBlkRegCompleteHandler               text52       00453
__end_of_wr1RegCompleteHandler                 text53       004CE
__end_of_wr2RegCompleteHandler                 text56       00504
__initialization                               cinit        00014
__pbssBANK0                                    bssBANK0     00020
__pbssCOMMON                                   bssCOMMON    00076
__pcstackBANK0                                 cstackBANK0  00055
__pcstackBANK1                                 cstackBANK1  000A9
__pcstackCOMMON                                cstackCOMMON 00070
__pdataBANK0                                   dataBANK0    0006F
__pdataCOMMON                                  dataCOMMON   0007A
__pidataBANK0                                  idataBANK0   0063A
__pidataCOMMON                                 idataCOMMON  00634
__pintentry                                    intentry     00004
__pmaintext                                    maintext     003EC
__pnvBANK0                                     nvBANK0      0006E
__pnvBANK1                                     nvBANK1      000A0
__pstringtext1                                 stringtext1  00393
__pstringtext2                                 stringtext2  00514
__ptext1                                       text1        00482
__ptext10                                      text10       00570
__ptext11                                      text11       00579
__ptext12                                      text12       00582
__ptext13                                      text13       0002F
__ptext14                                      text14       003D0
__ptext15                                      text15       00173
__ptext16                                      text16       0059C
__ptext17                                      text17       005A4
__ptext18                                      text18       0058B
__ptext19                                      text19       003B3
__ptext2                                       text2        005E9
__ptext20                                      text20       00293
__ptext21                                      text21       0053E
__ptext22                                      text22       005ED
__ptext23                                      text23       00407
__ptext24                                      text24       00554
__ptext25                                      text25       005F1
__ptext26                                      text26       00323
__ptext27                                      text27       002F8
__ptext28                                      text28       005DF
__ptext29                                      text29       005F5
__ptext3                                       text3        004AA
__ptext30                                      text30       005F9
__ptext31                                      text31       005FD
__ptext32                                      text32       00601
__ptext33                                      text33       00605
__ptext34                                      text34       00609
__ptext35                                      text35       0060D
__ptext36                                      text36       005C7
__ptext37                                      text37       00214
__ptext38                                      text38       001C5
__ptext39                                      text39       005B4
__ptext4                                       text4        0055E
__ptext40                                      text40       005AC
__ptext41                                      text41       005E4
__ptext42                                      text42       002CB
__ptext43                                      text43       00619
__ptext44                                      text44       005CD
__ptext45                                      text45       005D3
__ptext46                                      text46       00611
__ptext47                                      text47       0061C
__ptext48                                      text48       00615
__ptext49                                      text49       0061F
__ptext5                                       text5        00594
__ptext50                                      text50       00636
__ptext51                                      text51       00638
__ptext52                                      text52       0043A
__ptext53                                      text53       004BC
__ptext54                                      text54       004CE
__ptext55                                      text55       004E0
__ptext56                                      text56       004F2
__ptext57                                      text57       00531
__ptext58                                      text58       0034A
__ptext59                                      text59       00523
__ptext6                                       text6        00421
__ptext60                                      text60       00622
__ptext61                                      text61       00625
__ptext62                                      text62       00628
__ptext63                                      text63       00453
__ptext64                                      text64       0062B
__ptext65                                      text65       0062E
__ptext66                                      text66       00631
__ptext67                                      text67       00504
__ptext68                                      text68       00113
__ptext69                                      text69       00256
__ptext7                                       text7        005C1
__ptext70                                      text70       005D9
__ptext72                                      text72       00497
__ptext73                                      text73       00549
__ptext74                                      text74       000AD
__ptext75                                      text75       0063B
__ptext76                                      text76       0046C
__ptext8                                       text8        00567
__ptext9                                       text9        0036F
__size_of_COS_Init                             (abs)        00000
__size_of_COS_TimerSetup                       (abs)        00000
__size_of_COS_TmrHandler                       (abs)        00000
__size_of_COS_TskMan                           (abs)        00000
__size_of_Delay                                (abs)        00000
__size_of_EUSART_Initialize                    (abs)        00000
__size_of_EUSART_SetErrorHandler               (abs)        00000
__size_of_EUSART_SetFramingErrorHandler        (abs)        00000
__size_of_EUSART_SetOverrunErrorHandler        (abs)        00000
__size_of_EUSART_Write                         (abs)        00000
__size_of_GetTemp                              (abs)        00000
__size_of_I2C_CallbackReturnReset              (abs)        00000
__size_of_I2C_CallbackReturnStop               (abs)        00000
__size_of_I2C_Close                            (abs)        00000
__size_of_I2C_DO_ADDRESS_NACK                  (abs)        00000
__size_of_I2C_DO_IDLE                          (abs)        00000
__size_of_I2C_DO_RCEN                          (abs)        00000
__size_of_I2C_DO_RESET                         (abs)        00000
__size_of_I2C_DO_RX                            (abs)        00000
__size_of_I2C_DO_RX_ACK                        (abs)        00000
__size_of_I2C_DO_RX_NACK_RESTART               (abs)        00000
__size_of_I2C_DO_RX_NACK_STOP                  (abs)        00000
__size_of_I2C_DO_SEND_ADR_READ                 (abs)        00000
__size_of_I2C_DO_SEND_ADR_WRITE                (abs)        00000
__size_of_I2C_DO_SEND_RESTART                  (abs)        00000
__size_of_I2C_DO_SEND_RESTART_READ             (abs)        00000
__size_of_I2C_DO_SEND_RESTART_WRITE            (abs)        00000
__size_of_I2C_DO_SEND_STOP                     (abs)        00000
__size_of_I2C_DO_TX                            (abs)        00000
__size_of_I2C_DO_TX_EMPTY                      (abs)        00000
__size_of_I2C_Initialize                       (abs)        00000
__size_of_I2C_MasterClearIrq                   (abs)        00000
__size_of_I2C_MasterClose                      (abs)        00000
__size_of_I2C_MasterDisableIrq                 (abs)        00000
__size_of_I2C_MasterEnableRestart              (abs)        00000
__size_of_I2C_MasterFsm                        (abs)        00000
__size_of_I2C_MasterGetRxData                  (abs)        00000
__size_of_I2C_MasterIsNack                     (abs)        00000
__size_of_I2C_MasterOpen                       (abs)        00000
__size_of_I2C_MasterOperation                  (abs)        00000
__size_of_I2C_MasterRead                       (abs)        00000
__size_of_I2C_MasterSendAck                    (abs)        00000
__size_of_I2C_MasterSendNack                   (abs)        00000
__size_of_I2C_MasterSendTxData                 (abs)        00000
__size_of_I2C_MasterSetIrq                     (abs)        00000
__size_of_I2C_MasterStart                      (abs)        00000
__size_of_I2C_MasterStartRx                    (abs)        00000
__size_of_I2C_MasterStop                       (abs)        00000
__size_of_I2C_MasterWaitForEvent               (abs)        00000
__size_of_I2C_Open                             (abs)        00000
__size_of_I2C_Poller                           (abs)        00000
__size_of_I2C_ReadNBytes                       (abs)        00000
__size_of_I2C_SetBuffer                        (abs)        00000
__size_of_I2C_SetCallback                      (abs)        00000
__size_of_I2C_SetDataCompleteCallback          (abs)        00000
__size_of_INTERRUPT_InterruptManager           (abs)        00000
__size_of_Led2_PWM                             (abs)        00000
__size_of_OSCILLATOR_Initialize                (abs)        00000
__size_of_PIN_MANAGER_Initialize               (abs)        00000
__size_of_PWM1_Initialize                      (abs)        00000
__size_of_PWM1_LoadDutyValue                   (abs)        00000
__size_of_SYSTEM_Initialize                    (abs)        00000
__size_of_SendByUart                           (abs)        00000
__size_of_TMR2_CallBack                        (abs)        00000
__size_of_TMR2_DefaultInterruptHandler         (abs)        00000
__size_of_TMR2_ISR                             (abs)        00000
__size_of_TMR2_Initialize                      (abs)        00000
__size_of_TMR2_SetInterruptHandler             (abs)        00000
__size_of_UartDisplay                          (abs)        00000
__size_of_WDT_Initialize                       (abs)        00000
__size_of___wmul                               (abs)        00000
__size_of_main                                 (abs)        00000
__size_of_rd1RegCompleteHandler                (abs)        00000
__size_of_rd2RegCompleteHandler                (abs)        00000
__size_of_rdBlkRegCompleteHandler              (abs)        00000
__size_of_wr1RegCompleteHandler                (abs)        00000
__size_of_wr2RegCompleteHandler                (abs)        00000
_counter                                       bssBANK0     00041
_dutyValue                                     bssBANK0     0003F
_eusartRxLastError                             bssCOMMON    00079
_fsmStateTable                                 stringtext1  00393
_main                                          maintext     003EC
_rd1RegCompleteHandler                         text55       004E0
_rd2RegCompleteHandler                         text54       004CE
_rdBlkRegCompleteHandler                       text52       0043A
_wr1RegCompleteHandler                         text53       004BC
_wr2RegCompleteHandler                         text56       004F2
btemp                                          (abs)        0007E
clear_ram0                                     clrtext      005BB
end_of_initialization                          cinit        0002B
int$flags                                      (abs)        0007E
intlevel0                                      functab      00000
intlevel1                                      functab      00000
intlevel2                                      functab      00000
intlevel3                                      functab      00000
intlevel4                                      functab      00000
intlevel5                                      functab      00000
rd1RegCompleteHandler@ptr                      cstackBANK0  0005E
rd2RegCompleteHandler@ptr                      cstackBANK0  0005E
rdBlkRegCompleteHandler@ptr                    cstackBANK0  0005E
reset_vec                                      reset_vec    00000
start                                          init         00012
start_initialization                           cinit        00014
wr1RegCompleteHandler@ptr                      cstackBANK0  0005E
wr2RegCompleteHandler@ptr                      cstackBANK0  0005E
wtemp0                                         (abs)        0007E


FUNCTION INFORMATION:

 *************** function _main *****************
 Defined at:
		line 52 in file "main.c"
 Parameters:    Size  Location     Type
		None
 Auto vars:     Size  Location     Type
		None
 Return value:  Size  Location     Type
                  1    wreg      void 
 Registers used:
		wreg, fsr0l, fsr0h, fsr1l, fsr1h, status,2, status,0, pclath, cstack
 Tracked objects:
		On entry : 
		On exit  : 
		Unchanged: 
 Data sizes:     COMMON   BANK0   BANK1   BANK2   BANK3   BANK4   BANK5   BANK6
      Params:         0       0       0       0       0       0       0       0
      Locals:         0       0       0       0       0       0       0       0
      Temps:          0       0       0       0       0       0       0       0
      Totals:         0       0       0       0       0       0       0       0
Total ram usage:        0 bytes
 Hardware stack levels required when called:   16
 This function calls:
		_COS_Init
		_COS_TmrHandler
		_COS_TskMan
		_SYSTEM_Initialize
		_TMR2_SetInterruptHandler
 This function is called by:
		Startup code after reset
 This function uses a non-reentrant model


 *************** function _SYSTEM_Initialize *****************
 Defined at:
		line 50 in file "mcc_generated_files/mcc.c"
 Parameters:    Size  Location     Type
		None
 Auto vars:     Size  Location     Type
		None
 Return value:  Size  Location     Type
                  1    wreg      void 
 Registers used:
		wreg, status,2, status,0, pclath, cstack
 Tracked objects:
		On entry : 
		On exit  : 
		Unchanged: 
 Data sizes:     COMMON   BANK0   BANK1   BANK2   BANK3   BANK4   BANK5   BANK6
      Params:         0       0       0       0       0       0       0       0
      Locals:         0       0       0       0       0       0       0       0
      Temps:          0       0       0       0       0       0       0       0
      Totals:         0       0       0       0       0       0       0       0
Total ram usage:        0 bytes
 Hardware stack levels used:    1
 Hardware stack levels required when called:    7
 This function calls:
		_EUSART_Initialize
		_I2C_Initialize
		_OSCILLATOR_Initialize
		_PIN_MANAGER_Initialize
		_PWM1_Initialize
		_TMR2_Initialize
		_WDT_Initialize
 This function is called by:
		_main
 This function uses a non-reentrant model


 *************** function _WDT_Initialize *****************
 Defined at:
		line 70 in file "mcc_generated_files/mcc.c"
 Parameters:    Size  Location     Type
		None
 Auto vars:     Size  Location     Type
		None
 Return value:  Size  Location     Type
                  1    wreg      void 
 Registers used:
		wreg
 Tracked objects:
		On entry : 
		On exit  : 
		Unchanged: 
 Data sizes:     COMMON   BANK0   BANK1   BANK2   BANK3   BANK4   BANK5   BANK6
      Params:         0       0       0       0       0       0       0       0
      Locals:         0       0       0       0       0       0       0       0
      Temps:          0       0       0       0       0       0       0       0
      Totals:         0       0       0       0       0       0       0       0
Total ram usage:        0 bytes
 Hardware stack levels used:    1
 Hardware stack levels required when called:    5
 This function calls:
		Nothing
 This function is called by:
		_SYSTEM_Initialize
 This function uses a non-reentrant model


 *************** function _TMR2_Initialize *****************
 Defined at:
		line 64 in file "mcc_generated_files/tmr2.c"
 Parameters:    Size  Location     Type
		None
 Auto vars:     Size  Location     Type
		None
 Return value:  Size  Location     Type
                  1    wreg      void 
 Registers used:
		wreg, status,2, status,0, pclath, cstack
 Tracked objects:
		On entry : 
		On exit  : 
		Unchanged: 
 Data sizes:     COMMON   BANK0   BANK1   BANK2   BANK3   BANK4   BANK5   BANK6
      Params:         0       0       0       0       0       0       0       0
      Locals:         0       0       0       0       0       0       0       0
      Temps:          0       0       0       0       0       0       0       0
      Totals:         0       0       0       0       0       0       0       0
Total ram usage:        0 bytes
 Hardware stack levels used:    1
 Hardware stack levels required when called:    6
 This function calls:
		_TMR2_SetInterruptHandler
 This function is called by:
		_SYSTEM_Initialize
 This function uses a non-reentrant model


 *************** function _TMR2_SetInterruptHandler *****************
 Defined at:
		line 147 in file "mcc_generated_files/tmr2.c"
 Parameters:    Size  Location     Type
  InterruptHan    2    0[BANK0 ] PTR FTN()void 
		 -> Led2_PWM(1), TMR2_DefaultInterruptHandler(1), 
 Auto vars:     Size  Location     Type
		None
 Return value:  Size  Location     Type
                  1    wreg      void 
 Registers used:
		wreg
 Tracked objects:
		On entry : 
		On exit  : 
		Unchanged: 
 Data sizes:     COMMON   BANK0   BANK1   BANK2   BANK3   BANK4   BANK5   BANK6
      Params:         0       2       0       0       0       0       0       0
      Locals:         0       0       0       0       0       0       0       0
      Temps:          0       0       0       0       0       0       0       0
      Totals:         0       2       0       0       0       0       0       0
Total ram usage:        2 bytes
 Hardware stack levels used:    1
 Hardware stack levels required when called:    5
 This function calls:
		Nothing
 This function is called by:
		_TMR2_Initialize
		_main
 This function uses a non-reentrant model


 *************** function _PWM1_Initialize *****************
 Defined at:
		line 58 in file "mcc_generated_files/pwm1.c"
 Parameters:    Size  Location     Type
		None
 Auto vars:     Size  Location     Type
		None
 Return value:  Size  Location     Type
                  1    wreg      void 
 Registers used:
		wreg
 Tracked objects:
		On entry : 
		On exit  : 
		Unchanged: 
 Data sizes:     COMMON   BANK0   BANK1   BANK2   BANK3   BANK4   BANK5   BANK6
      Params:         0       0       0       0       0       0       0       0
      Locals:         0       0       0       0       0       0       0       0
      Temps:          0       0       0       0       0       0       0       0
      Totals:         0       0       0       0       0       0       0       0
Total ram usage:        0 bytes
 Hardware stack levels used:    1
 Hardware stack levels required when called:    5
 This function calls:
		Nothing
 This function is called by:
		_SYSTEM_Initialize
 This function uses a non-reentrant model


 *************** function _PIN_MANAGER_Initialize *****************
 Defined at:
		line 55 in file "mcc_generated_files/pin_manager.c"
 Parameters:    Size  Location     Type
		None
 Auto vars:     Size  Location     Type
		None
 Return value:  Size  Location     Type
                  1    wreg      void 
 Registers used:
		wreg, status,2
 Tracked objects:
		On entry : 
		On exit  : 
		Unchanged: 
 Data sizes:     COMMON   BANK0   BANK1   BANK2   BANK3   BANK4   BANK5   BANK6
      Params:         0       0       0       0       0       0       0       0
      Locals:         0       0       0       0       0       0       0       0
      Temps:          0       0       0       0       0       0       0       0
      Totals:         0       0       0       0       0       0       0       0
Total ram usage:        0 bytes
 Hardware stack levels used:    1
 Hardware stack levels required when called:    5
 This function calls:
		Nothing
 This function is called by:
		_SYSTEM_Initialize
 This function uses a non-reentrant model


 *************** function _OSCILLATOR_Initialize *****************
 Defined at:
		line 62 in file "mcc_generated_files/mcc.c"
 Parameters:    Size  Location     Type
		None
 Auto vars:     Size  Location     Type
		None
 Return value:  Size  Location     Type
                  1    wreg      void 
 Registers used:
		wreg, status,2
 Tracked objects:
		On entry : 
		On exit  : 
		Unchanged: 
 Data sizes:     COMMON   BANK0   BANK1   BANK2   BANK3   BANK4   BANK5   BANK6
      Params:         0       0       0       0       0       0       0       0
      Locals:         0       0       0       0       0       0       0       0
      Temps:          0       0       0       0       0       0       0       0
      Totals:         0       0       0       0       0       0       0       0
Total ram usage:        0 bytes
 Hardware stack levels used:    1
 Hardware stack levels required when called:    5
 This function calls:
		Nothing
 This function is called by:
		_SYSTEM_Initialize
 This function uses a non-reentrant model


 *************** function _I2C_Initialize *****************
 Defined at:
		line 167 in file "mcc_generated_files/i2c_master.c"
 Parameters:    Size  Location     Type
		None
 Auto vars:     Size  Location     Type
		None
 Return value:  Size  Location     Type
                  1    wreg      void 
 Registers used:
		wreg, status,2
 Tracked objects:
		On entry : 
		On exit  : 
		Unchanged: 
 Data sizes:     COMMON   BANK0   BANK1   BANK2   BANK3   BANK4   BANK5   BANK6
      Params:         0       0       0       0       0       0       0       0
      Locals:         0       0       0       0       0       0       0       0
      Temps:          0       0       0       0       0       0       0       0
      Totals:         0       0       0       0       0       0       0       0
Total ram usage:        0 bytes
 Hardware stack levels used:    1
 Hardware stack levels required when called:    5
 This function calls:
		Nothing
 This function is called by:
		_SYSTEM_Initialize
 This function uses a non-reentrant model


 *************** function _EUSART_Initialize *****************
 Defined at:
		line 66 in file "mcc_generated_files/eusart.c"
[...]
      Locals:         0       1       0       0       0       0       0       0
      Temps:          0       1       0       0       0       0       0       0
      Totals:         0       2       0       0       0       0       0       0
Total ram usage:        2 bytes
 Hardware stack levels used:    1
 Hardware stack levels required when called:    6
 This function calls:
		_I2C_MasterClearIrq
		_I2C_MasterClose
		_I2C_MasterDisableIrq
 This function is called by:
		_I2C_ReadNBytes
		_I2C_Read1ByteRegister
		_I2C_Read2ByteRegister
		_I2C_Write1ByteRegister
		_I2C_Write2ByteRegister
		_I2C_WriteNBytes
		_I2C_ReadDataBlock
 This function uses a non-reentrant model


 *************** function _I2C_MasterDisableIrq *****************
 Defined at:
		line 635 in file "mcc_generated_files/i2c_master.c"
 Parameters:    Size  Location     Type
		None
 Auto vars:     Size  Location     Type
		None
 Return value:  Size  Location     Type
                  1    wreg      void 
 Registers used:
		None
 Tracked objects:
		On entry : 
		On exit  : 
		Unchanged: 
 Data sizes:     COMMON   BANK0   BANK1   BANK2   BANK3   BANK4   BANK5   BANK6
      Params:         0       0       0       0       0       0       0       0
      Locals:         0       0       0       0       0       0       0       0
      Temps:          0       0       0       0       0       0       0       0
      Totals:         0       0       0       0       0       0       0       0
Total ram usage:        0 bytes
 Hardware stack levels used:    1
 Hardware stack levels required when called:    5
 This function calls:
		Nothing
 This function is called by:
		_I2C_Close
		_I2C_SetTimeOut
 This function uses a non-reentrant model


 *************** function _I2C_MasterClose *****************
 Defined at:
		line 557 in file "mcc_generated_files/i2c_master.c"
 Parameters:    Size  Location     Type
		None
 Auto vars:     Size  Location     Type
		None
 Return value:  Size  Location     Type
                  1    wreg      void 
 Registers used:
		None
 Tracked objects:
		On entry : 
		On exit  : 
		Unchanged: 
 Data sizes:     COMMON   BANK0   BANK1   BANK2   BANK3   BANK4   BANK5   BANK6
      Params:         0       0       0       0       0       0       0       0
      Locals:         0       0       0       0       0       0       0       0
      Temps:          0       0       0       0       0       0       0       0
      Totals:         0       0       0       0       0       0       0       0
Total ram usage:        0 bytes
 Hardware stack levels used:    1
 Hardware stack levels required when called:    5
 This function calls:
		Nothing
 This function is called by:
		_I2C_Close
 This function uses a non-reentrant model


 *************** function _I2C_MasterClearIrq *****************
 Defined at:
		line 640 in file "mcc_generated_files/i2c_master.c"
 Parameters:    Size  Location     Type
		None
 Auto vars:     Size  Location     Type
		None
 Return value:  Size  Location     Type
                  1    wreg      void 
 Registers used:
		None
 Tracked objects:
		On entry : 
		On exit  : 
		Unchanged: 
 Data sizes:     COMMON   BANK0   BANK1   BANK2   BANK3   BANK4   BANK5   BANK6
      Params:         0       0       0       0       0       0       0       0
      Locals:         0       0       0       0       0       0       0       0
      Temps:          0       0       0       0       0       0       0       0
      Totals:         0       0       0       0       0       0       0       0
Total ram usage:        0 bytes
 Hardware stack levels used:    1
 Hardware stack levels required when called:    5
 This function calls:
		Nothing
 This function is called by:
		_I2C_Open
		_I2C_Close
		_I2C_MasterFsm
 This function uses a non-reentrant model


 *************** function _Delay *****************
 Defined at:
		line 28 in file "SourceFiles/SunSensor/SHT25.c"
 Parameters:    Size  Location     Type
  Timecounter     2    0[BANK0 ] unsigned short 
 Auto vars:     Size  Location     Type
  i               2    2[BANK0 ] unsigned short 
 Return value:  Size  Location     Type
                  1    wreg      void 
 Registers used:
		wreg, status,2
 Tracked objects:
		On entry : 
		On exit  : 
		Unchanged: 
 Data sizes:     COMMON   BANK0   BANK1   BANK2   BANK3   BANK4   BANK5   BANK6
      Params:         0       2       0       0       0       0       0       0
      Locals:         0       2       0       0       0       0       0       0
      Temps:          0       0       0       0       0       0       0       0
      Totals:         0       4       0       0       0       0       0       0
Total ram usage:        4 bytes
 Hardware stack levels used:    1
 Hardware stack levels required when called:    5
 This function calls:
		Nothing
 This function is called by:
		_GetTemp
 This function uses a non-reentrant model


 *************** function _COS_TmrHandler *****************
 Defined at:
		line 92 in file "SourceFiles/COS/COS_Main.c"
 Parameters:    Size  Location     Type
		None
 Auto vars:     Size  Location     Type
  tempbyte2       1    4[BANK0 ] unsigned char 
  tempbyte1       1    3[BANK0 ] unsigned char 
 Return value:  Size  Location     Type
                  1    wreg      void 
 Registers used:
		wreg, status,2, status,0
 Tracked objects:
		On entry : 
		On exit  : 
		Unchanged: 
 Data sizes:     COMMON   BANK0   BANK1   BANK2   BANK3   BANK4   BANK5   BANK6
      Params:         0       0       0       0       0       0       0       0
      Locals:         0       2       0       0       0       0       0       0
      Temps:          0       3       0       0       0       0       0       0
      Totals:         0       5       0       0       0       0       0       0
Total ram usage:        5 bytes
 Hardware stack levels used:    1
 Hardware stack levels required when called:    5
 This function calls:
		Nothing
 This function is called by:
		_main
 This function uses a non-reentrant model


 *************** function _COS_Init *****************
 Defined at:
		line 32 in file "SourceFiles/COS/COS_Main.c"
 Parameters:    Size  Location     Type
		None
 Auto vars:     Size  Location     Type
  tempbyte2       1    4[BANK0 ] unsigned char 
  tempbyte1       1    3[BANK0 ] unsigned char 
 Return value:  Size  Location     Type
                  1    wreg      void 
 Registers used:
		wreg, status,2, status,0, pclath, cstack
 Tracked objects:
		On entry : 
		On exit  : 
		Unchanged: 
 Data sizes:     COMMON   BANK0   BANK1   BANK2   BANK3   BANK4   BANK5   BANK6
      Params:         0       0       0       0       0       0       0       0
      Locals:         0       2       0       0       0       0       0       0
      Temps:          0       3       0       0       0       0       0       0
      Totals:         0       5       0       0       0       0       0       0
Total ram usage:        5 bytes
 Hardware stack levels used:    1
 Hardware stack levels required when called:    6
 This function calls:
		_COS_TimerSetup
 This function is called by:
		_main
 This function uses a non-reentrant model


 *************** function _COS_TimerSetup *****************
 Defined at:
		line 68 in file "SourceFiles/COS/COS_Main.c"
 Parameters:    Size  Location     Type
		None
 Auto vars:     Size  Location     Type
		None
 Return value:  Size  Location     Type
                  1    wreg      void 
 Registers used:
		wreg, status,2
 Tracked objects:
		On entry : 
		On exit  : 
		Unchanged: 
 Data sizes:     COMMON   BANK0   BANK1   BANK2   BANK3   BANK4   BANK5   BANK6
      Params:         0       0       0       0       0       0       0       0
      Locals:         0       0       0       0       0       0       0       0
      Temps:          0       0       0       0       0       0       0       0
      Totals:         0       0       0       0       0       0       0       0
Total ram usage:        0 bytes
 Hardware stack levels used:    1
 Hardware stack levels required when called:    5
 This function calls:
		Nothing
 This function is called by:
		_COS_Init
 This function uses a non-reentrant model


 *************** function _INTERRUPT_InterruptManager *****************
 Defined at:
		line 52 in file "mcc_generated_files/interrupt_manager.c"
 Parameters:    Size  Location     Type
		None
 Auto vars:     Size  Location     Type
		None
 Return value:  Size  Location     Type
                  1    wreg      void 
 Registers used:
		wreg, fsr0l, fsr0h, status,2, status,0, pclath, cstack
 Tracked objects:
		On entry : 
		On exit  : 
		Unchanged: 
 Data sizes:     COMMON   BANK0   BANK1   BANK2   BANK3   BANK4   BANK5   BANK6
      Params:         0       0       0       0       0       0       0       0
      Locals:         0       0       0       0       0       0       0       0
      Temps:          0       0       0       0       0       0       0       0
      Totals:         0       0       0       0       0       0       0       0
Total ram usage:        0 bytes
 Hardware stack levels used:    1
 Hardware stack levels required when called:    4
 This function calls:
		_TMR2_ISR
 This function is called by:
		Interrupt level 1
 This function uses a non-reentrant model


 *************** function _TMR2_ISR *****************
 Defined at:
		line 119 in file "mcc_generated_files/tmr2.c"
 Parameters:    Size  Location     Type
		None
 Auto vars:     Size  Location     Type
		None
 Return value:  Size  Location     Type
                  1    wreg      void 
 Registers used:
		wreg, fsr0l, fsr0h, status,2, status,0, pclath, cstack
 Tracked objects:
		On entry : 
		On exit  : 
		Unchanged: 
 Data sizes:     COMMON   BANK0   BANK1   BANK2   BANK3   BANK4   BANK5   BANK6
      Params:         0       0       0       0       0       0       0       0
      Locals:         0       0       0       0       0       0       0       0
      Temps:          0       0       0       0       0       0       0       0
      Totals:         0       0       0       0       0       0       0       0
Total ram usage:        0 bytes
 Hardware stack levels used:    1
 Hardware stack levels required when called:    3
 This function calls:
		_TMR2_CallBack
 This function is called by:
		_INTERRUPT_InterruptManager
 This function uses a non-reentrant model


 *************** function _TMR2_CallBack *****************
 Defined at:
		line 137 in file "mcc_generated_files/tmr2.c"
 Parameters:    Size  Location     Type
		None
 Auto vars:     Size  Location     Type
		None
 Return value:  Size  Location     Type
                  1    wreg      void 
 Registers used:
		wreg, fsr0l, fsr0h, status,2, status,0, pclath, cstack
 Tracked objects:
		On entry : 
		On exit  : 
		Unchanged: 
 Data sizes:     COMMON   BANK0   BANK1   BANK2   BANK3   BANK4   BANK5   BANK6
      Params:         0       0       0       0       0       0       0       0
      Locals:         0       0       0       0       0       0       0       0
      Temps:          0       0       0       0       0       0       0       0
      Totals:         0       0       0       0       0       0       0       0
Total ram usage:        0 bytes
 Hardware stack levels used:    1
 Hardware stack levels required when called:    2
 This function calls:
		Absolute function
		_Led2_PWM
		_TMR2_DefaultInterruptHandler
 This function is called by:
		_TMR2_ISR
 This function uses a non-reentrant model


 *************** function _Led2_PWM *****************
 Defined at:
		line 30 in file "SourceFiles/SunSensor/Led.c"
 Parameters:    Size  Location     Type
		None
 Auto vars:     Size  Location     Type
		None
 Return value:  Size  Location     Type
                  1    wreg      void 
 Registers used:
		wreg, fsr0l, fsr0h, status,2, status,0, pclath, cstack
 Tracked objects:
		On entry : 
		On exit  : 
		Unchanged: 
 Data sizes:     COMMON   BANK0   BANK1   BANK2   BANK3   BANK4   BANK5   BANK6
      Params:         0       0       0       0       0       0       0       0
      Locals:         0       0       0       0       0       0       0       0
      Temps:          2       0       0       0       0       0       0       0
      Totals:         2       0       0       0       0       0       0       0
Total ram usage:        2 bytes
 Hardware stack levels used:    1
 Hardware stack levels required when called:    1
 This function calls:
		_PWM1_LoadDutyValue
 This function is called by:
		_main
		_TMR2_CallBack
 This function uses a non-reentrant model


 *************** function _TMR2_DefaultInterruptHandler *****************
 Defined at:
		line 151 in file "mcc_generated_files/tmr2.c"
 Parameters:    Size  Location     Type
		None
 Auto vars:     Size  Location     Type
		None
 Return value:  Size  Location     Type
                  1    wreg      void 
 Registers used:
		None
 Tracked objects:
		On entry : 
		On exit  : 
		Unchanged: 
 Data sizes:     COMMON   BANK0   BANK1   BANK2   BANK3   BANK4   BANK5   BANK6
      Params:         0       0       0       0       0       0       0       0
      Locals:         0       0       0       0       0       0       0       0
      Temps:          0       0       0       0       0       0       0       0
      Totals:         0       0       0       0       0       0       0       0
Total ram usage:        0 bytes
 Hardware stack levels used:    1
 This function calls:
		Nothing
 This function is called by:
		_TMR2_Initialize
		_TMR2_CallBack
 This function uses a non-reentrant model


 *************** function _PWM1_LoadDutyValue *****************
 Defined at:
		line 72 in file "mcc_generated_files/pwm1.c"
 Parameters:    Size  Location     Type
  dutyValue       2    0[COMMON] unsigned short 
 Auto vars:     Size  Location     Type
		None
 Return value:  Size  Location     Type
                  1    wreg      void 
 Registers used:
		wreg, status,2, status,0
 Tracked objects:
		On entry : 
		On exit  : 
		Unchanged: 
 Data sizes:     COMMON   BANK0   BANK1   BANK2   BANK3   BANK4   BANK5   BANK6
      Params:         2       0       0       0       0       0       0       0
      Locals:         0       0       0       0       0       0       0       0
      Temps:          2       0       0       0       0       0       0       0
      Totals:         4       0       0       0       0       0       0       0
Total ram usage:        4 bytes
 Hardware stack levels used:    1
 This function calls:
		Nothing
 This function is called by:
		_Led2_PWM
 This function uses a non-reentrant model



MODULE INFORMATION

Module		Function		Class		Link	Load	Size
SourceFiles/SunSensor/Led.c
		_Led2_PWM      		CODE           	00AD	0000	103

SourceFiles/SunSensor/Led.c estimated size: 103

SourceFiles/SunSensor/UART_Display.c
		_UartDisplay   		CODE           	059C	0000	9
		_SendByUart    		CODE           	058B	0000	10

SourceFiles/SunSensor/UART_Display.c estimated size: 19

mcc_generated_files/tmr2.c
		_TMR2_ISR      		CODE           	0497	0000	20
		_TMR2_Initialize		CODE           	04AA	0000	19
		_TMR2_SetInterruptHandler		CODE           	055E	0000	10
		_TMR2_DefaultInterruptHandler		CODE           	063B	0000	2
		_TMR2_CallBack 		CODE           	0549	0000	12

mcc_generated_files/tmr2.c estimated size: 63

mcc_generated_files/interrupt_manager.c
		_INTERRUPT_InterruptManager		CODE           	0004	0000	15

mcc_generated_files/interrupt_manager.c estimated size: 15

SourceFiles/SunSensor/SHT25.c
		_GetTemp       		CODE           	0173	0000	83
		_Delay         		CODE           	0504	0000	17

SourceFiles/SunSensor/SHT25.c estimated size: 100

mcc_generated_files/examples/i2c_master_example.c
		_wr1RegCompleteHandler		CODE           	04BC	0000	19
		_wr2RegCompleteHandler		CODE           	04F2	0000	19
		_rdBlkRegCompleteHandler		CODE           	043A	0000	26
		_rd1RegCompleteHandler		CODE           	04E0	0000	19
		_rd2RegCompleteHandler		CODE           	04CE	0000	19
		_I2C_ReadNBytes		CODE           	03B3	0000	30

mcc_generated_files/examples/i2c_master_example.c estimated size: 132

C:\Program Files\Microchip\xc8\v2.20\pic\sources\c99\common\Umul16.c
		___wmul        		CODE           	03D0	0000	29

C:\Program Files\Microchip\xc8\v2.20\pic\sources\c99\common\Umul16.c estimated size: 29

mcc_generated_files/pin_manager.c
		_PIN_MANAGER_Initialize		CODE           	0421	0000	26

mcc_generated_files/pin_manager.c estimated size: 26

shared
		_COS_tsk       		STRCODE        	0514	0000	16
		__initialization		CODE           	0014	0000	24
		_fsmStateTable 		STRCODE        	0393	0000	33

shared estimated size: 73

mcc_generated_files/mcc.c
		_WDT_Initialize		CODE           	05E9	0000	5
		_OSCILLATOR_Initialize		CODE           	05C1	0000	7
		_SYSTEM_Initialize		CODE           	0482	0000	22

mcc_generated_files/mcc.c estimated size: 34

mcc_generated_files/pwm1.c
		_PWM1_Initialize		CODE           	0594	0000	9
		_PWM1_LoadDutyValue		CODE           	046C	0000	23

mcc_generated_files/pwm1.c estimated size: 32

SourceFiles/COS/COS_Main.c
		_COS_TimerSetup		CODE           	05D9	0000	7
		_COS_Init      		CODE           	0256	0000	62
		_COS_TskMan    		CODE           	002F	0000	127
		_COS_TmrHandler		CODE           	0113	0000	97

SourceFiles/COS/COS_Main.c estimated size: 293

mcc_generated_files/i2c_master.c
		_I2C_Close     		CODE           	0453	0000	26
		_I2C_MasterStartRx		CODE           	061F	0000	4
		_I2C_DO_SEND_ADR_WRITE		CODE           	05B4	0000	8
		_I2C_MasterWaitForEvent		CODE           	05F1	0000	5
		_I2C_DO_SEND_STOP		CODE           	0601	0000	5
		_I2C_MasterSendNack		CODE           	0615	0000	5
		_I2C_MasterDisableIrq		CODE           	062B	0000	4
		_I2C_CallbackReturnStop		CODE           	0638	0000	3
		_I2C_MasterOperation		CODE           	0407	0000	27
		_I2C_DO_SEND_ADR_READ		CODE           	05AC	0000	9
		_I2C_DO_RX_NACK_STOP		CODE           	05F9	0000	5
		_I2C_DO_SEND_RESTART		CODE           	0605	0000	5
		_I2C_DO_RX     		CODE           	0214	0000	67
		_I2C_DO_TX     		CODE           	01C5	0000	80
		_I2C_DO_IDLE   		CODE           	05E4	0000	6
		_I2C_DO_RCEN   		CODE           	05C7	0000	7
		_I2C_Poller    		CODE           	0554	0000	11
		_I2C_DO_RESET  		CODE           	05DF	0000	6
		_I2C_MasterClose		CODE           	062E	0000	4
		_I2C_DO_RX_ACK 		CODE           	05FD	0000	5
		_I2C_MasterStart		CODE           	0628	0000	4
		_I2C_MasterClearIrq		CODE           	0631	0000	4
		_I2C_MasterGetRxData		CODE           	061C	0000	4
		_I2C_SetCallback		CODE           	034A	0000	38
		_I2C_DO_ADDRESS_NACK		CODE           	02F8	0000	44
		_I2C_MasterEnableRestart		CODE           	0625	0000	4
		_I2C_CallbackReturnReset		CODE           	0636	0000	3
		_I2C_Open      		CODE           	0293	0000	57
		_I2C_DO_TX_EMPTY		CODE           	02CB	0000	46
		_I2C_DO_SEND_RESTART_WRITE		CODE           	0609	0000	5
		_I2C_MasterIsNack		CODE           	05CD	0000	7
		_I2C_SetDataCompleteCallback		CODE           	0531	0000	14
		_I2C_DO_RX_NACK_RESTART		CODE           	05F5	0000	5
		_I2C_MasterSendAck		CODE           	0611	0000	5
		_I2C_MasterFsm 		CODE           	0323	0000	40
		_I2C_MasterSetIrq		CODE           	0619	0000	4
		_I2C_DO_SEND_RESTART_READ		CODE           	060D	0000	5
		_I2C_Initialize		CODE           	0567	0000	10
		_I2C_SetBuffer 		CODE           	0523	0000	15
		_I2C_MasterRead		CODE           	05ED	0000	5
		_I2C_MasterOpen		CODE           	053E	0000	12
		_I2C_MasterSendTxData		CODE           	05D3	0000	7
		_I2C_MasterStop		CODE           	0622	0000	4

mcc_generated_files/i2c_master.c estimated size: 634

mcc_generated_files/eusart.c
		_EUSART_Write  		CODE           	05A4	0000	9
		_EUSART_Initialize		CODE           	036F	0000	37
		_EUSART_SetFramingErrorHandler		CODE           	0579	0000	10
		_EUSART_SetErrorHandler		CODE           	0582	0000	10
		_EUSART_SetOverrunErrorHandler		CODE           	0570	0000	10

mcc_generated_files/eusart.c estimated size: 76

main.c
		_main          		CODE           	03EC	0000	28

main.c estimated size: 28

