Microchip MPLAB XC8 Compiler V2.20

Linker command line:

-W-3 --edf=C:\Program Files\Microchip\xc8\v2.20\pic\dat\en_msgs.txt -cn \
  -h+dist/default/production\Mcc_1509.X.production.sym \
  --cmf=dist/default/production\Mcc_1509.X.production.cmf -z -Q16F1509 \
  -oC:\Users\zkata\AppData\Local\Temp\s8nc.2 --defsym=__MPLAB_BUILD=1 \
  -Mdist/default/production/Mcc_1509.X.production.map -E1 -ver=XC8 Compiler \
  --acfsm=1493 -ASTACK=0206Dh-021EFh -pstack=STACK -ACODE=00h-07FFhx4 \
  -ASTRCODE=00h-01FFFh -ASTRING=00h-0FFhx32 -ACONST=00h-0FFhx32 \
  -AENTRY=00h-0FFhx32 -ACOMMON=070h-07Fh -ABANK0=020h-06Fh \
  -ABANK1=0A0h-0EFh -ABANK2=0120h-016Fh -ABANK3=01A0h-01EFh \
  -ABANK4=0220h-026Fh -ABANK5=02A0h-02EFh -ABANK6=0320h-032Fh \
  -ABIGRAM=02000h-021EFh \
  -ARAM=020h-06Fh,0A0h-0EFh,0120h-016Fh,01A0h-01EFh,0220h-026Fh,02A0h-02EFh,0320h-032Fh \
  -AABS1=020h-07Fh,0A0h-0EFh,0120h-016Fh,01A0h-01EFh,0220h-026Fh,02A0h-02EFh,0320h-032Fh \
  -ASFR0=00h-01Fh -ASFR1=080h-09Fh -ASFR2=0100h-011Fh -ASFR3=0180h-019Fh \
  -ASFR4=0200h-021Fh -ASFR5=0280h-029Fh -ASFR6=0300h-031Fh \
  -ASFR7=0380h-03EFh -ASFR8=0400h-046Fh -ASFR9=0480h-04EFh \
  -ASFR10=0500h-056Fh -ASFR11=0580h-05EFh -ASFR12=0600h-066Fh \
  -ASFR13=0680h-06EFh -ASFR14=0700h-076Fh -ASFR15=0780h-07EFh \
  -ASFR16=0800h-086Fh -ASFR17=0880h-08EFh -ASFR18=0900h-096Fh \
  -ASFR19=0980h-09EFh -ASFR20=0A00h-0A6Fh -ASFR21=0A80h-0AEFh \
  -ASFR22=0B00h-0B6Fh -ASFR23=0B80h-0BEFh -ASFR24=0C00h-0C6Fh \
  -ASFR25=0C80h-0CEFh -ASFR26=0D00h-0D6Fh -ASFR27=0D80h-0DEFh \
  -ASFR28=0E00h-0E6Fh -ASFR29=0E80h-0EEFh -ASFR30=0F00h-0F6Fh \
  -ASFR31=0F80h-0FEFh -ACONFIG=08007h-08008h -DCONFIG=2 \
  -AIDLOC=08000h-08003h -DIDLOC=2 \
  -preset_vec=00h,intentry=04h,init,end_init -ppowerup=CODE -pcinit=CODE \
  -pfunctab=ENTRY -DCODE=2 -DSTRCODE=2 -DSTRING=2 -DCONST=2 -DENTRY=2 -k \
  C:\Users\zkata\AppData\Local\Temp\s8nc.o \
  dist/default/production\Mcc_1509.X.production.o 

Object code version is 3.11

Machine type is 16F1509



                Name                               Link     Load   Length Selector   Space Scale
C:\Users\zkata\AppData\Local\Temp\s8nc.o
                end_init                             12       12        2        8       0
                reset_vec                             0        0        2        0       0
                config                             8007     8007        2        0       4
dist/default/production\Mcc_1509.X.production.o
                cinit                                14       14       23        8       0
                intentry                              4        4        E        8       0
                config                             8007     8007        2        0       4
                text33                              42F      42F       16      77C       0
                text32                              515      515        1      94E       0
                text31                              1B4      1B4       66        8       0
                text30                              4B3      4B3        B      94E       0
                text29                              45A      45A       13      77C       0
                text27                              50C      50C        6      94E       0
                text26                              30E      30E       3B        8       0
                text25                              21A      21A       5D        8       0
                text24                              48E      48E        D      77C       0
                text23                              3BE      3BE       20      77C       0
                text22                              4C7      4C7        9      94E       0
                text21                              4BE      4BE        9      94E       0
                text20                              445      445       15      77C       0
                text19                              4A7      4A7        C      94E       0
                text18                              349      349       30        8       0
                text17                              277      277       51        8       0
                text16                              2C8      2C8       46        8       0
                text15                              4E0      4E0        8      94E       0
                text14                              4D8      4D8        8      94E       0
                text13                               37       37      10E        8       0
                text12                              3DE      3DE       1C      77C       0
                text11                              145      145       6F        8       0
                text10                              506      506        6      94E       0
                text9                               500      500        6      94E       0
                text8                               4FA      4FA        6      94E       0
                text7                               379      379       25        8       0
                text6                               4F4      4F4        6      94E       0
                text5                               415      415       1A      77C       0
                text4                               4D0      4D0        8      94E       0
                text3                               4EE      4EE        6      94E       0
                text2                               46D      46D       12      77C       0
                text1                               47F      47F        F      77C       0
                maintext                            3FA      3FA       1B      77C       0
                cstackBANK0                          48       48       19       20       1
                cstackCOMMON                         70       70        6       70       1
                clrtext                             4E8      4E8        6      94E       0
                bssBANK1                             A0       A0       1D       A0       1
                dataBANK0                            6B       6B        1       20       1
                bssBANK0                             20       20       28       20       1
                dataCOMMON                           7A       7A        2       70       1
                bssCOMMON                            76       76        4       70       1
                nvBANK0                              61       61        A       20       1
                stringtext2                         49B      49B        C      936       0
                stringtext1                         39E      39E       20      73C       0
                idataBANK0                          514      514        1      94E       0
                idataCOMMON                         512      512        2      94E       0

TOTAL           Name                               Link     Load   Length     Space
        CLASS   STACK          

        CLASS   CODE           
                end_init                             12       12        2         0
                cinit                                14       14       23         0
                intentry                              4        4        E         0
                reset_vec                             0        0        2         0
                text33                              42F      42F       16         0
                text32                              515      515        1         0
                text31                              1B4      1B4       66         0
                text30                              4B3      4B3        B         0
                text29                              45A      45A       13         0
                text27                              50C      50C        6         0
                text26                              30E      30E       3B         0
                text25                              21A      21A       5D         0
                text24                              48E      48E        D         0
                text23                              3BE      3BE       20         0
                text22                              4C7      4C7        9         0
                text21                              4BE      4BE        9         0
                text20                              445      445       15         0
                text19                              4A7      4A7        C         0
                text18                              349      349       30         0
                text17                              277      277       51         0
                text16                              2C8      2C8       46         0
                text15                              4E0      4E0        8         0
                text14                              4D8      4D8        8         0
                text13                               37       37      10E         0
                text12                              3DE      3DE       1C         0
                text11                              145      145       6F         0
                text10                              506      506        6         0
                text9                               500      500        6         0
                text8                               4FA      4FA        6         0
                text7                               379      379       25         0
                text6                               4F4      4F4        6         0
                text5                               415      415       1A         0
                text4                               4D0      4D0        8         0
                text3                               4EE      4EE        6         0
                text2                               46D      46D       12         0
                text1                               47F      47F        F         0
                maintext                            3FA      3FA       1B         0
                clrtext                             4E8      4E8        6         0
                idataBANK0                          514      514        1         0
                idataCOMMON                         512      512        2         0

        CLASS   STRCODE        
                stringtext2                         49B      49B        C         0
                stringtext1                         39E      39E       20         0

        CLASS   STRING         

        CLASS   CONST          

        CLASS   ENTRY          

        CLASS   COMMON         
                cstackCOMMON                         70       70        6         1
                dataCOMMON                           7A       7A        2         1
                bssCOMMON                            76       76        4         1

        CLASS   BANK0          
                cstackBANK0                          48       48       19         1
                dataBANK0                            6B       6B        1         1
                bssBANK0                             20       20       28         1
                nvBANK0                              61       61        A         1

        CLASS   BANK1          
                bssBANK1                             A0       A0       1D         1

        CLASS   BANK2          

        CLASS   BANK3          

        CLASS   BANK4          

        CLASS   BANK5          

        CLASS   BANK6          

        CLASS   BIGRAM         

        CLASS   RAM            

        CLASS   ABS1           
                abs_s1                               7E       7E        2         1

        CLASS   SFR0           

        CLASS   SFR1           

        CLASS   SFR2           

        CLASS   SFR3           

        CLASS   SFR4           

        CLASS   SFR5           

        CLASS   SFR6           

        CLASS   SFR7           

        CLASS   SFR8           

        CLASS   SFR9           

        CLASS   SFR10          

        CLASS   SFR11          

        CLASS   SFR12          

        CLASS   SFR13          

        CLASS   SFR14          

        CLASS   SFR15          

        CLASS   SFR16          

        CLASS   SFR17          

        CLASS   SFR18          

        CLASS   SFR19          

        CLASS   SFR20          

        CLASS   SFR21          

        CLASS   SFR22          

        CLASS   SFR23          

        CLASS   SFR24          

        CLASS   SFR25          

        CLASS   SFR26          

        CLASS   SFR27          

        CLASS   SFR28          

        CLASS   SFR29          

        CLASS   SFR30          

        CLASS   SFR31          

        CLASS   CONFIG         
                config                             8007     8007        2         4

        CLASS   IDLOC          

        CLASS   BANK31         

        CLASS   BANK30         

        CLASS   BANK29         

        CLASS   BANK28         

        CLASS   BANK27         

        CLASS   BANK26         

        CLASS   BANK25         

        CLASS   BANK24         

        CLASS   BANK23         

        CLASS   BANK22         

        CLASS   BANK21         

        CLASS   BANK20         

        CLASS   BANK19         

        CLASS   BANK18         

        CLASS   BANK17         

        CLASS   BANK16         

        CLASS   BANK15         

        CLASS   BANK14         

        CLASS   BANK13         

        CLASS   BANK12         

        CLASS   BANK11         

        CLASS   BANK10         

        CLASS   BANK9          

        CLASS   BANK8          

        CLASS   BANK7          

        CLASS   EEDATA         



SEGMENTS        Name                           Load    Length   Top    Selector   Space  Class     Delta

                reset_vec                      000000  000002  000002         0       0  CODE        2
                intentry                       000004  00039A  00039E         8       0  CODE        2
                bssBANK0                       000020  00004C  00006C        20       1  BANK0       1
                cstackCOMMON                   000070  00000C  00007C        70       1  COMMON      1
                bssBANK1                       0000A0  00001D  0000BD        A0       1  BANK1       1
                stringtext1                    00039E  000020  0003BE       73C       0  STRCODE     2
                text23                         0003BE  0000DD  00049B       77C       0  CODE        2
                stringtext2                    00049B  00000C  0004A7       936       0  STRCODE     2
                text19                         0004A7  00006F  000516       94E       0  CODE        2


UNUSED ADDRESS RANGES

        Name                Unused          Largest block    Delta
        BANK0            0006C-0006F               4           1
        BANK1            000BD-000EF              33           1
        BANK2            00120-0016F              50           1
        BANK3            001A0-001EF              50           1
        BANK4            00220-0026F              50           1
        BANK5            002A0-002EF              50           1
        BANK6            00320-0032F              10           1
        BIGRAM           02000-021EF             1F0           1
        CODE             00002-00003               2           2
                         00516-01FFF             800
        COMMON           0007C-0007D               2           1
        CONST            00002-00003               2           2
                         00516-01FFF             100
        ENTRY            00002-00003               2           2
                         00516-01FFF             100
        IDLOC            08000-08003               4           2
        RAM              0006C-0006F               4           1
                         000BD-000EF              33
                         00120-0016F              50
                         001A0-001EF              50
                         00220-0026F              50
                         002A0-002EF              50
                         00320-0032F              10
        SFR0             00000-0001F              20           1
        SFR1             00080-0009F              20           1
        SFR10            00500-0056F              70           1
        SFR11            00580-005EF              70           1
        SFR12            00600-0066F              70           1
        SFR13            00680-006EF              70           1
        SFR14            00700-0076F              70           1
        SFR15            00780-007EF              70           1
        SFR16            00800-0086F              70           1
        SFR17            00880-008EF              70           1
        SFR18            00900-0096F              70           1
        SFR19            00980-009EF              70           1
        SFR2             00100-0011F              20           1
        SFR20            00A00-00A6F              70           1
        SFR21            00A80-00AEF              70           1
        SFR22            00B00-00B6F              70           1
        SFR23            00B80-00BEF              70           1
        SFR24            00C00-00C6F              70           1
        SFR25            00C80-00CEF              70           1
        SFR26            00D00-00D6F              70           1
        SFR27            00D80-00DEF              70           1
        SFR28            00E00-00E6F              70           1
        SFR29            00E80-00EEF              70           1
        SFR3             00180-0019F              20           1
        SFR30            00F00-00F6F              70           1
        SFR31            00F80-00FEF              70           1
        SFR4             00200-0021F              20           1
        SFR5             00280-0029F              20           1
        SFR6             00300-0031F              20           1
        SFR7             00380-003EF              70           1
        SFR8             00400-0046F              70           1
        SFR9             00480-004EF              70           1
        STACK            0206D-021EF             183           1
        STRCODE          00002-00003               2           2
                         00516-01FFF            1AEA
        STRING           00002-00003               2           2
                         00516-01FFF             100

                                  Symbol Table

?_SHT2x_CalcRelativeHumidity                     cstackBANK0  00054
?_SHT2x_CalcTemperatureC                         cstackBANK0  00054
?___lmul                                         cstackBANK0  00048
?___wmul                                         cstackBANK0  00048
COS_Init@tempbyte1                               cstackBANK0  0004B
COS_Init@tempbyte2                               cstackBANK0  0004C
COS_TmrHandler@tempbyte1                         cstackBANK0  0004B
COS_TmrHandler@tempbyte2                         cstackBANK0  0004C
EUSART_SetErrorHandler@interruptHandler          cstackBANK0  00048
EUSART_SetFramingErrorHandler@interruptHandler   cstackBANK0  00048
EUSART_SetOverrunErrorHandler@interruptHandler   cstackBANK0  00048
EUSART_Write@txData                              cstackBANK0  00048
I2C_ReadByte@ack                                 cstackBANK0  00049
I2C_ReadByte@rxByte                              cstackBANK0  0004A
I2C_WriteByte@ack                                cstackBANK0  0004A
I2C_WriteByte@txByte                             cstackBANK0  00049
PWM1_LoadDutyValue@dutyValue                     cstackCOMMON 00070
SHT2x_CalcRelativeHumidity@RelativeHumidityTemp  cstackBANK0  00059
SHT2x_CalcRelativeHumidity@RelativeHumidity_UBP8 cstackBANK0  00057
SHT2x_CalcTemperatureC@TemperatureTemp           cstackBANK0  00059
SHT2x_CalcTemperatureC@Temperature_UBP8          cstackBANK0  00057
TMR2_ISR@CountCallBack                           bssBANK0     00030
TMR2_SetInterruptHandler@InterruptHandler        cstackBANK0  00048
_ADCON0                                          (abs)        0009D
_ADCON0bits                                      (abs)        0009D
_ADCON1                                          (abs)        0009E
_ADCON2                                          (abs)        0009F
_ADRESH                                          (abs)        0009C
_ADRESL                                          (abs)        0009B
_ANSELA                                          (abs)        0018C
_ANSELB                                          (abs)        0018D
_ANSELC                                          (abs)        0018E
_APFCON                                          (abs)        0011D
_BAUDCON                                         (abs)        0019F
_BORCON                                          (abs)        00116
_BreathState                                     dataCOMMON   0007B
_COS_Init                                        text26       0030E
_COS_TimerSetup                                  text27       0050C
_COS_TmrHandler                                  text25       0021A
_COS_TskMan                                      text11       00145
_COS_ms_tmr                                      bssBANK0     0003A
_COS_sec_tmr                                     bssBANK0     00038
_COS_tcnt_lst                                    bssBANK0     00034
_COS_tcnt_val                                    bssCOMMON    00076
_COS_tsk                                         stringtext2  0049B
_COS_tsk_ena                                     nvBANK0      00069
_COS_tsk_ind                                     bssBANK0     00047
_COS_tsk_msk                                     nvBANK0      0006A
_COS_tsk_tmr                                     bssBANK0     00036
_EUSART_DefaultErrorHandler                      (abs)        00000
_EUSART_DefaultFramingErrorHandler               (abs)        00000
_EUSART_DefaultOverrunErrorHandler               (abs)        00000
_EUSART_ErrorHandler                             nvBANK0      00061
_EUSART_FramingErrorHandler                      nvBANK0      00065
_EUSART_Initialize                               text7        00379
_EUSART_OverrunErrorHandler                      nvBANK0      00063
_EUSART_SetErrorHandler                          text10       00506
_EUSART_SetFramingErrorHandler                   text9        00500
_EUSART_SetOverrunErrorHandler                   text8        004FA
_EUSART_Write                                    text15       004E0
_ErrorStat                                       bssCOMMON    00078
_I2C_CallbackReturnReset                         (abs)        00000
_I2C_CallbackReturnStop                          (abs)        00000
_I2C_DO_ADDRESS_NACK                             (abs)        00000
_I2C_DO_IDLE                                     (abs)        00000
_I2C_DO_RCEN                                     (abs)        00000
_I2C_DO_RESET                                    (abs)        00000
_I2C_DO_RX                                       (abs)        00000
_I2C_DO_RX_ACK                                   (abs)        00000
_I2C_DO_RX_NACK_RESTART                          (abs)        00000
_I2C_DO_RX_NACK_STOP                             (abs)        00000
_I2C_DO_SEND_ADR_READ                            (abs)        00000
_I2C_DO_SEND_ADR_WRITE                           (abs)        00000
_I2C_DO_SEND_RESTART                             (abs)        00000
_I2C_DO_SEND_RESTART_READ                        (abs)        00000
_I2C_DO_SEND_RESTART_WRITE                       (abs)        00000
_I2C_DO_SEND_STOP                                (abs)        00000
_I2C_DO_TX                                       (abs)        00000
_I2C_DO_TX_EMPTY                                 (abs)        00000
_I2C_Init                                        text24       0048E
_I2C_MasterIsr                                   (abs)        00000
_I2C_ReadByte                                    text23       003BE
_I2C_StartCondition                              text22       004C7
_I2C_Status                                      bssBANK1     000A0
_I2C_StopCondition                               text21       004BE
_I2C_Timer                                       bssBANK0     00026
_I2C_WriteByte                                   text20       00445
_INTCONbits                                      (abs)        0000B
_INTERRUPT_InterruptManager                      intentry     00004
_LATA                                            (abs)        0010C
_LATB                                            (abs)        0010D
_LATC                                            (abs)        0010E
_LATCbits                                        (abs)        0010E
_Led2_PWM                                        text31       001B4
_MSSP_InterruptHandler                           bssBANK0     00032
_NewMessageFlag                                  bssCOMMON    00079
_OPTION_REGbits                                  (abs)        00095
_OSCCON                                          (abs)        00099
_OSCILLATOR_Initialize                           text6        004F4
_PIE1bits                                        (abs)        00091
_PIN_MANAGER_Initialize                          text5        00415
_PIR1bits                                        (abs)        00011
_PIR2bits                                        (abs)        00012
_PMADRH                                          (abs)        00192
_PMADRL                                          (abs)        00191
_PMCON1bits                                      (abs)        00195
_PMCON2                                          (abs)        00196
_PMDATH                                          (abs)        00194
_PMDATL                                          (abs)        00193
_PR2                                             (abs)        0001B
_PWM1CON                                         (abs)        00613
_PWM1DCH                                         (abs)        00612
_PWM1DCL                                         (abs)        00611
_PWM1_Initialize                                 text4        004D0
_PWM1_LoadDutyValue                              text33       0042F
_RCREG                                           (abs)        00199
_RCSTA                                           (abs)        0019D
_RCSTAbits                                       (abs)        0019D
_RelativeHumidityRaw                             bssBANK0     00022
_RelativeHumidityRaw_H                           bssBANK0     0003E
_RelativeHumidityRaw_L                           bssBANK0     0003D
_SHT25_Fault                                     bssBANK0     00042
_SHT25_FaultHand                                 text19       004A7
_SHT25_State                                     bssBANK0     0003C
_SHT25_StateMachine                              text13       00037
_SHT2x_CalcRelativeHumidity                      text17       00277
_SHT2x_CalcTemperatureC                          text16       002C8
_SPBRGH                                          (abs)        0019C
_SPBRGL                                          (abs)        0019B
_SSP1ADD                                         (abs)        00212
_SSP1BUF                                         (abs)        00211
_SSP1CON1                                        (abs)        00215
_SSP1CON1bits                                    (abs)        00215
_SSP1CON2                                        (abs)        00216
_SSP1CON2bits                                    (abs)        00216
_SSP1IF                                          (abs)        0008B
_SSP1STAT                                        (abs)        00214
_SSP1STATbits                                    (abs)        00214
_SYSTEM_Initialize                               text1        0047F
_SensirionRH_UBP8                                bssBANK0     00028
_SensirionTemperature_UBP8                       bssBANK0     0002A
_T1CON                                           (abs)        00018
_T2CON                                           (abs)        0001C
_T2CONbits                                       (abs)        0001C
_TMR1H                                           (abs)        00017
_TMR1L                                           (abs)        00016
_TMR2                                            (abs)        0001A
_TMR2_CallBack                                   text30       004B3
_TMR2_DefaultInterruptHandler                    text32       00515
_TMR2_ISR                                        text29       0045A
_TMR2_Initialize                                 text2        0046D
_TMR2_InterruptHandler                           nvBANK0      00067
_TMR2_SetInterruptHandler                        text3        004EE
_TRISA                                           (abs)        0008C
_TRISB                                           (abs)        0008D
_TRISC                                           (abs)        0008E
_TXREG                                           (abs)        0019A
_TXSTA                                           (abs)        0019E
_TXSTAbits                                       (abs)        0019E
_TemperatureRaw                                  bssBANK0     00024
_TemperatureRaw_H                                bssBANK0     00040
_TemperatureRaw_L                                bssBANK0     0003F
_U8Message                                       dataCOMMON   0007A
_UartDisplay                                     text14       004D8
_WDTCON                                          (abs)        00097
_WPUA                                            (abs)        0020C
_WPUB                                            (abs)        0020D
__Habs1                                          abs1         00000
__Hbank0                                         bank0        00000
__Hbank1                                         bank1        00000
__Hbank10                                        bank10       00000
__Hbank11                                        bank11       00000
__Hbank12                                        bank12       00000
__Hbank13                                        bank13       00000
__Hbank14                                        bank14       00000
__Hbank15                                        bank15       00000
__Hbank16                                        bank16       00000
__Hbank17                                        bank17       00000
__Hbank18                                        bank18       00000
__Hbank19                                        bank19       00000
__Hbank2                                         bank2        00000
__Hbank20                                        bank20       00000
__Hbank21                                        bank21       00000
__Hbank22                                        bank22       00000
__Hbank23                                        bank23       00000
__Hbank24                                        bank24       00000
__Hbank25                                        bank25       00000
__Hbank26                                        bank26       00000
__Hbank27                                        bank27       00000
__Hbank28                                        bank28       00000
__Hbank29                                        bank29       00000
__Hbank3                                         bank3        00000
__Hbank30                                        bank30       00000
__Hbank31                                        bank31       00000
__Hbank4                                         bank4        00000
__Hbank5                                         bank5        00000
__Hbank6                                         bank6        00000
__Hbank7                                         bank7        00000
__Hbank8                                         bank8        00000
__Hbank9                                         bank9        00000
__Hbigram                                        bigram       00000
__HbssBANK0                                      bssBANK0     00000
__HbssBANK1                                      bssBANK1     00000
__HbssCOMMON                                     bssCOMMON    00000
__Hcinit                                         cinit        00037
__Hclrtext                                       clrtext      00000
__Hcode                                          code         00000
__Hcommon                                        common       00000
__Hconfig                                        config       08009
__HcstackBANK0                                   cstackBANK0  00000
__HcstackCOMMON                                  cstackCOMMON 00000
__HdataBANK0                                     dataBANK0    00000
__HdataCOMMON                                    dataCOMMON   00000
__Heeprom_data                                   eeprom_data  00000
__Hend_init                                      end_init     00014
__Hfunctab                                       functab      00000
__HidataBANK0                                    idataBANK0   00000
__HidataCOMMON                                   idataCOMMON  00000
__Hinit                                          init         00012
__Hintentry                                      intentry     00012
__Hmaintext                                      maintext     00000
__HnvBANK0                                       nvBANK0      00000
__Hpowerup                                       powerup      00000
__Hram                                           ram          00000
__Hreset_vec                                     reset_vec    00002
__Hsfr0                                          sfr0         00000
__Hsfr1                                          sfr1         00000
__Hsfr10                                         sfr10        00000
__Hsfr11                                         sfr11        00000
__Hsfr12                                         sfr12        00000
__Hsfr13                                         sfr13        00000
__Hsfr14                                         sfr14        00000
__Hsfr15                                         sfr15        00000
__Hsfr16                                         sfr16        00000
__Hsfr17                                         sfr17        00000
__Hsfr18                                         sfr18        00000
__Hsfr19                                         sfr19        00000
__Hsfr2                                          sfr2         00000
__Hsfr20                                         sfr20        00000
__Hsfr21                                         sfr21        00000
__Hsfr22                                         sfr22        00000
__Hsfr23                                         sfr23        00000
__Hsfr24                                         sfr24        00000
__Hsfr25                                         sfr25        00000
__Hsfr26                                         sfr26        00000
__Hsfr27                                         sfr27        00000
__Hsfr28                                         sfr28        00000
__Hsfr29                                         sfr29        00000
__Hsfr3                                          sfr3         00000
__Hsfr30                                         sfr30        00000
__Hsfr31                                         sfr31        00000
__Hsfr4                                          sfr4         00000
__Hsfr5                                          sfr5         00000
__Hsfr6                                          sfr6         00000
__Hsfr7                                          sfr7         00000
__Hsfr8                                          sfr8         00000
__Hsfr9                                          sfr9         00000
__Hspace_0                                       (abs)        00516
__Hspace_1                                       (abs)        000BD
__Hspace_2                                       (abs)        00000
__Hspace_3                                       (abs)        00000
__Hspace_4                                       (abs)        10010
__Hstack                                         stack        00000
__Hstrings                                       strings      00000
__Hstringtext1                                   stringtext1  00000
__Hstringtext2                                   stringtext2  00000
__Htext                                          text         00000
__Labs1                                          abs1         00000
__Lbank0                                         bank0        00000
__Lbank1                                         bank1        00000
__Lbank10                                        bank10       00000
__Lbank11                                        bank11       00000
__Lbank12                                        bank12       00000
__Lbank13                                        bank13       00000
__Lbank14                                        bank14       00000
__Lbank15                                        bank15       00000
__Lbank16                                        bank16       00000
__Lbank17                                        bank17       00000
__Lbank18                                        bank18       00000
__Lbank19                                        bank19       00000
__Lbank2                                         bank2        00000
__Lbank20                                        bank20       00000
__Lbank21                                        bank21       00000
__Lbank22                                        bank22       00000
__Lbank23                                        bank23       00000
__Lbank24                                        bank24       00000
__Lbank25                                        bank25       00000
__Lbank26                                        bank26       00000
__Lbank27                                        bank27       00000
__Lbank28                                        bank28       00000
__Lbank29                                        bank29       00000
__Lbank3                                         bank3        00000
__Lbank30                                        bank30       00000
__Lbank31                                        bank31       00000
__Lbank4                                         bank4        00000
__Lbank5                                         bank5        00000
__Lbank6                                         bank6        00000
__Lbank7                                         bank7        00000
__Lbank8                                         bank8        00000
__Lbank9                                         bank9        00000
__Lbigram                                        bigram       00000
__LbssBANK0                                      bssBANK0     00000
__LbssBANK1                                      bssBANK1     00000
__LbssCOMMON                                     bssCOMMON    00000
__Lcinit                                         cinit        00014
__Lclrtext                                       clrtext      00000
__Lcode                                          code         00000
__Lcommon                                        common       00000
__Lconfig                                        config       00000
__LcstackBANK0                                   cstackBANK0  00000
__LcstackCOMMON                                  cstackCOMMON 00000
__LdataBANK0                                     dataBANK0    00000
__LdataCOMMON                                    dataCOMMON   00000
__Leeprom_data                                   eeprom_data  00000
__Lend_init                                      end_init     00012
__Lfunctab                                       functab      00000
__LidataBANK0                                    idataBANK0   00000
__LidataCOMMON                                   idataCOMMON  00000
__Linit                                          init         00012
__Lintentry                                      intentry     00004
__Lmaintext                                      maintext     00000
__LnvBANK0                                       nvBANK0      00000
__Lpowerup                                       powerup      00000
__Lram                                           ram          00000
__Lreset_vec                                     reset_vec    00000
__Lsfr0                                          sfr0         00000
__Lsfr1                                          sfr1         00000
__Lsfr10                                         sfr10        00000
__Lsfr11                                         sfr11        00000
__Lsfr12                                         sfr12        00000
__Lsfr13                                         sfr13        00000
__Lsfr14                                         sfr14        00000
__Lsfr15                                         sfr15        00000
__Lsfr16                                         sfr16        00000
__Lsfr17                                         sfr17        00000
__Lsfr18                                         sfr18        00000
__Lsfr19                                         sfr19        00000
__Lsfr2                                          sfr2         00000
__Lsfr20                                         sfr20        00000
__Lsfr21                                         sfr21        00000
__Lsfr22                                         sfr22        00000
__Lsfr23                                         sfr23        00000
__Lsfr24                                         sfr24        00000
__Lsfr25                                         sfr25        00000
__Lsfr26                                         sfr26        00000
__Lsfr27                                         sfr27        00000
__Lsfr28                                         sfr28        00000
__Lsfr29                                         sfr29        00000
__Lsfr3                                          sfr3         00000
__Lsfr30                                         sfr30        00000
__Lsfr31                                         sfr31        00000
__Lsfr4                                          sfr4         00000
__Lsfr5                                          sfr5         00000
__Lsfr6                                          sfr6         00000
__Lsfr7                                          sfr7         00000
__Lsfr8                                          sfr8         00000
__Lsfr9                                          sfr9         00000
__Lspace_0                                       (abs)        00000
__Lspace_1                                       (abs)        00000
__Lspace_2                                       (abs)        00000
__Lspace_3                                       (abs)        00000
__Lspace_4                                       (abs)        00000
__Lstack                                         stack        00000
__Lstrings                                       strings      00000
__Lstringtext1                                   stringtext1  00000
__Lstringtext2                                   stringtext2  00000
__Ltext                                          text         00000
__S0                                             (abs)        00516
__S1                                             (abs)        000BD
__S2                                             (abs)        00000
___int_sp                                        stack        00000
___latbits                                       (abs)        00002
___lmul                                          text18       00349
___lmul@multiplicand                             cstackBANK0  0004C
___lmul@multiplier                               cstackBANK0  00048
___lmul@product                                  cstackBANK0  00050
___sp                                            stack        00000
___stackhi                                       (abs)        021EF
___stacklo                                       (abs)        0206D
___wmul                                          text12       003DE
___wmul@multiplicand                             cstackBANK0  0004A
___wmul@multiplier                               cstackBANK0  00048
___wmul@product                                  cstackBANK0  0004C
__end_of_COS_Init                                text26       00349
__end_of_COS_TimerSetup                          text27       00512
__end_of_COS_TmrHandler                          text25       00277
__end_of_COS_TskMan                              text11       001B4
__end_of_COS_tsk                                 stringtext2  004A7
__end_of_EUSART_Initialize                       text7        0039E
__end_of_EUSART_SetErrorHandler                  text10       0050C
__end_of_EUSART_SetFramingErrorHandler           text9        00506
__end_of_EUSART_SetOverrunErrorHandler           text8        00500
__end_of_EUSART_Write                            text15       004E8
__end_of_I2C_Init                                text24       0049B
__end_of_I2C_ReadByte                            text23       003DE
__end_of_I2C_StartCondition                      text22       004D0
__end_of_I2C_StopCondition                       text21       004C7
__end_of_I2C_WriteByte                           text20       0045A
__end_of_INTERRUPT_InterruptManager              intentry     00012
__end_of_Led2_PWM                                text31       0021A
__end_of_OSCILLATOR_Initialize                   text6        004FA
__end_of_PIN_MANAGER_Initialize                  text5        0042F
__end_of_PWM1_Initialize                         text4        004D8
__end_of_PWM1_LoadDutyValue                      text33       00445
__end_of_SHT25_FaultHand                         text19       004B3
__end_of_SHT25_StateMachine                      text13       00145
__end_of_SHT2x_CalcRelativeHumidity              text17       002C8
__end_of_SHT2x_CalcTemperatureC                  text16       0030E
__end_of_SYSTEM_Initialize                       text1        0048E
__end_of_TMR2_CallBack                           text30       004BE
__end_of_TMR2_DefaultInterruptHandler            text32       00516
__end_of_TMR2_ISR                                text29       0046D
__end_of_TMR2_Initialize                         text2        0047F
__end_of_TMR2_SetInterruptHandler                text3        004F4
__end_of_UartDisplay                             text14       004E0
__end_of___lmul                                  text18       00379
__end_of___wmul                                  text12       003FA
__end_of__initialization                         cinit        00033
__end_of_fsmStateTable                           stringtext1  003BE
__end_of_main                                    maintext     00415
__initialization                                 cinit        00014
__pbssBANK0                                      bssBANK0     00020
__pbssBANK1                                      bssBANK1     000A0
__pbssCOMMON                                     bssCOMMON    00076
__pcstackBANK0                                   cstackBANK0  00048
__pcstackCOMMON                                  cstackCOMMON 00070
__pdataBANK0                                     dataBANK0    0006B
__pdataCOMMON                                    dataCOMMON   0007A
__pidataBANK0                                    idataBANK0   00514
__pidataCOMMON                                   idataCOMMON  00512
__pintentry                                      intentry     00004
__pmaintext                                      maintext     003FA
__pnvBANK0                                       nvBANK0      00061
__pstringtext1                                   stringtext1  0039E
__pstringtext2                                   stringtext2  0049B
__ptext1                                         text1        0047F
__ptext10                                        text10       00506
__ptext11                                        text11       00145
__ptext12                                        text12       003DE
__ptext13                                        text13       00037
__ptext14                                        text14       004D8
__ptext15                                        text15       004E0
__ptext16                                        text16       002C8
__ptext17                                        text17       00277
__ptext18                                        text18       00349
__ptext19                                        text19       004A7
__ptext2                                         text2        0046D
__ptext20                                        text20       00445
__ptext21                                        text21       004BE
__ptext22                                        text22       004C7
__ptext23                                        text23       003BE
__ptext24                                        text24       0048E
__ptext25                                        text25       0021A
__ptext26                                        text26       0030E
__ptext27                                        text27       0050C
__ptext29                                        text29       0045A
__ptext3                                         text3        004EE
__ptext30                                        text30       004B3
__ptext31                                        text31       001B4
__ptext32                                        text32       00515
__ptext33                                        text33       0042F
__ptext4                                         text4        004D0
__ptext5                                         text5        00415
__ptext6                                         text6        004F4
__ptext7                                         text7        00379
__ptext8                                         text8        004FA
__ptext9                                         text9        00500
__size_of_COS_Init                               (abs)        00000
__size_of_COS_TimerSetup                         (abs)        00000
__size_of_COS_TmrHandler                         (abs)        00000
__size_of_COS_TskMan                             (abs)        00000
__size_of_EUSART_Initialize                      (abs)        00000
__size_of_EUSART_SetErrorHandler                 (abs)        00000
__size_of_EUSART_SetFramingErrorHandler          (abs)        00000
__size_of_EUSART_SetOverrunErrorHandler          (abs)        00000
__size_of_EUSART_Write                           (abs)        00000
__size_of_I2C_Init                               (abs)        00000
__size_of_I2C_ReadByte                           (abs)        00000
__size_of_I2C_StartCondition                     (abs)        00000
__size_of_I2C_StopCondition                      (abs)        00000
__size_of_I2C_WriteByte                          (abs)        00000
__size_of_INTERRUPT_InterruptManager             (abs)        00000
__size_of_Led2_PWM                               (abs)        00000
__size_of_OSCILLATOR_Initialize                  (abs)        00000
__size_of_PIN_MANAGER_Initialize                 (abs)        00000
__size_of_PWM1_Initialize                        (abs)        00000
__size_of_PWM1_LoadDutyValue                     (abs)        00000
__size_of_SHT25_FaultHand                        (abs)        00000
__size_of_SHT25_StateMachine                     (abs)        00000
__size_of_SHT2x_CalcRelativeHumidity             (abs)        00000
__size_of_SHT2x_CalcTemperatureC                 (abs)        00000
__size_of_SYSTEM_Initialize                      (abs)        00000
__size_of_TMR2_CallBack                          (abs)        00000
__size_of_TMR2_DefaultInterruptHandler           (abs)        00000
__size_of_TMR2_ISR                               (abs)        00000
__size_of_TMR2_Initialize                        (abs)        00000
__size_of_TMR2_SetInterruptHandler               (abs)        00000
__size_of_UartDisplay                            (abs)        00000
__size_of___lmul                                 (abs)        00000
__size_of___wmul                                 (abs)        00000
__size_of_main                                   (abs)        00000
_checksum                                        bssBANK0     00041
_counter                                         bssBANK0     0002E
_dutyValue                                       bssBANK0     0002C
_eusartRxLastError                               bssBANK0     00046
_fsmStateTable                                   stringtext1  0039E
_main                                            maintext     003FA
_rd1RegCompleteHandler                           (abs)        00000
_rd2RegCompleteHandler                           (abs)        00000
_rdBlkRegCompleteHandler                         (abs)        00000
_wr1RegCompleteHandler                           (abs)        00000
_wr2RegCompleteHandler                           (abs)        00000
btemp                                            (abs)        0007E
clear_ram0                                       clrtext      004E8
end_of_initialization                            cinit        00033
int$flags                                        (abs)        0007E
intlevel0                                        functab      00000
intlevel1                                        functab      00000
intlevel2                                        functab      00000
intlevel3                                        functab      00000
intlevel4                                        functab      00000
intlevel5                                        functab      00000
reset_vec                                        reset_vec    00000
start                                            init         00012
start_initialization                             cinit        00014
wtemp0                                           (abs)        0007E


FUNCTION INFORMATION:

 *************** function _main *****************
 Defined at:
		line 52 in file "main.c"
 Parameters:    Size  Location     Type
		None
 Auto vars:     Size  Location     Type
		None
 Return value:  Size  Location     Type
                  1    wreg      void 
 Registers used:
		wreg, fsr0l, fsr0h, status,2, status,0, pclath, cstack
 Tracked objects:
		On entry : 
		On exit  : 
		Unchanged: 
 Data sizes:     COMMON   BANK0   BANK1   BANK2   BANK3   BANK4   BANK5   BANK6
      Params:         0       0       0       0       0       0       0       0
      Locals:         0       0       0       0       0       0       0       0
      Temps:          0       0       0       0       0       0       0       0
      Totals:         0       0       0       0       0       0       0       0
Total ram usage:        0 bytes
 Hardware stack levels required when called:    9
 This function calls:
		_COS_Init
		_COS_TmrHandler
		_COS_TskMan
		_SYSTEM_Initialize
		_TMR2_SetInterruptHandler
 This function is called by:
		Startup code after reset
 This function uses a non-reentrant model


 *************** function _SYSTEM_Initialize *****************
 Defined at:
		line 50 in file "mcc_generated_files/mcc.c"
 Parameters:    Size  Location     Type
		None
 Auto vars:     Size  Location     Type
		None
 Return value:  Size  Location     Type
                  1    wreg      void 
 Registers used:
		wreg, status,2, status,0, pclath, cstack
 Tracked objects:
		On entry : 
		On exit  : 
		Unchanged: 
 Data sizes:     COMMON   BANK0   BANK1   BANK2   BANK3   BANK4   BANK5   BANK6
      Params:         0       0       0       0       0       0       0       0
      Locals:         0       0       0       0       0       0       0       0
      Temps:          0       0       0       0       0       0       0       0
      Totals:         0       0       0       0       0       0       0       0
Total ram usage:        0 bytes
 Hardware stack levels used:    1
 Hardware stack levels required when called:    7
 This function calls:
		_EUSART_Initialize
		_OSCILLATOR_Initialize
		_PIN_MANAGER_Initialize
		_PWM1_Initialize
		_TMR2_Initialize
 This function is called by:
		_main
 This function uses a non-reentrant model


 *************** function _TMR2_Initialize *****************
 Defined at:
		line 64 in file "mcc_generated_files/tmr2.c"
 Parameters:    Size  Location     Type
		None
 Auto vars:     Size  Location     Type
		None
 Return value:  Size  Location     Type
                  1    wreg      void 
 Registers used:
		wreg, status,2, status,0, pclath, cstack
 Tracked objects:
		On entry : 
		On exit  : 
		Unchanged: 
 Data sizes:     COMMON   BANK0   BANK1   BANK2   BANK3   BANK4   BANK5   BANK6
      Params:         0       0       0       0       0       0       0       0
      Locals:         0       0       0       0       0       0       0       0
      Temps:          0       0       0       0       0       0       0       0
      Totals:         0       0       0       0       0       0       0       0
Total ram usage:        0 bytes
 Hardware stack levels used:    1
 Hardware stack levels required when called:    6
 This function calls:
		_TMR2_SetInterruptHandler
 This function is called by:
		_SYSTEM_Initialize
 This function uses a non-reentrant model


 *************** function _TMR2_SetInterruptHandler *****************
 Defined at:
		line 147 in file "mcc_generated_files/tmr2.c"
 Parameters:    Size  Location     Type
  InterruptHan    2    0[BANK0 ] PTR FTN()void 
		 -> Led2_PWM(1), TMR2_DefaultInterruptHandler(1), 
 Auto vars:     Size  Location     Type
		None
 Return value:  Size  Location     Type
                  1    wreg      void 
 Registers used:
		wreg
 Tracked objects:
		On entry : 
		On exit  : 
		Unchanged: 
 Data sizes:     COMMON   BANK0   BANK1   BANK2   BANK3   BANK4   BANK5   BANK6
      Params:         0       2       0       0       0       0       0       0
      Locals:         0       0       0       0       0       0       0       0
      Temps:          0       0       0       0       0       0       0       0
      Totals:         0       2       0       0       0       0       0       0
Total ram usage:        2 bytes
 Hardware stack levels used:    1
 Hardware stack levels required when called:    5
 This function calls:
		Nothing
 This function is called by:
		_TMR2_Initialize
		_main
 This function uses a non-reentrant model


 *************** function _PWM1_Initialize *****************
 Defined at:
		line 58 in file "mcc_generated_files/pwm1.c"
 Parameters:    Size  Location     Type
		None
 Auto vars:     Size  Location     Type
		None
 Return value:  Size  Location     Type
                  1    wreg      void 
 Registers used:
		wreg
 Tracked objects:
		On entry : 
		On exit  : 
		Unchanged: 
 Data sizes:     COMMON   BANK0   BANK1   BANK2   BANK3   BANK4   BANK5   BANK6
      Params:         0       0       0       0       0       0       0       0
      Locals:         0       0       0       0       0       0       0       0
      Temps:          0       0       0       0       0       0       0       0
      Totals:         0       0       0       0       0       0       0       0
Total ram usage:        0 bytes
 Hardware stack levels used:    1
 Hardware stack levels required when called:    5
 This function calls:
		Nothing
 This function is called by:
		_SYSTEM_Initialize
 This function uses a non-reentrant model


 *************** function _PIN_MANAGER_Initialize *****************
 Defined at:
		line 55 in file "mcc_generated_files/pin_manager.c"
 Parameters:    Size  Location     Type
		None
 Auto vars:     Size  Location     Type
		None
 Return value:  Size  Location     Type
                  1    wreg      void 
 Registers used:
		wreg, status,2
 Tracked objects:
		On entry : 
		On exit  : 
		Unchanged: 
 Data sizes:     COMMON   BANK0   BANK1   BANK2   BANK3   BANK4   BANK5   BANK6
      Params:         0       0       0       0       0       0       0       0
      Locals:         0       0       0       0       0       0       0       0
      Temps:          0       0       0       0       0       0       0       0
      Totals:         0       0       0       0       0       0       0       0
Total ram usage:        0 bytes
 Hardware stack levels used:    1
 Hardware stack levels required when called:    5
 This function calls:
		Nothing
 This function is called by:
		_SYSTEM_Initialize
 This function uses a non-reentrant model


 *************** function _OSCILLATOR_Initialize *****************
 Defined at:
		line 63 in file "mcc_generated_files/mcc.c"
 Parameters:    Size  Location     Type
		None
 Auto vars:     Size  Location     Type
		None
 Return value:  Size  Location     Type
                  1    wreg      void 
 Registers used:
		wreg, status,2
 Tracked objects:
		On entry : 
		On exit  : 
		Unchanged: 
 Data sizes:     COMMON   BANK0   BANK1   BANK2   BANK3   BANK4   BANK5   BANK6
      Params:         0       0       0       0       0       0       0       0
      Locals:         0       0       0       0       0       0       0       0
      Temps:          0       0       0       0       0       0       0       0
      Totals:         0       0       0       0       0       0       0       0
Total ram usage:        0 bytes
 Hardware stack levels used:    1
 Hardware stack levels required when called:    5
 This function calls:
		Nothing
 This function is called by:
		_SYSTEM_Initialize
 This function uses a non-reentrant model


 *************** function _EUSART_Initialize *****************
 Defined at:
		line 66 in file "mcc_generated_files/eusart.c"
 Parameters:    Size  Location     Type
		None
 Auto vars:     Size  Location     Type
		None
 Return value:  Size  Location     Type
                  1    wreg      void 
 Registers used:
		wreg, status,2, status,0, pclath, cstack
 Tracked objects:
		On entry : 
		On exit  : 
		Unchanged: 
 Data sizes:     COMMON   BANK0   BANK1   BANK2   BANK3   BANK4   BANK5   BANK6
      Params:         0       0       0       0       0       0       0       0
      Locals:         0       0       0       0       0       0       0       0
      Temps:          0       0       0       0       0       0       0       0
      Totals:         0       0       0       0       0       0       0       0
Total ram usage:        0 bytes
 Hardware stack levels used:    1
 Hardware stack levels required when called:    6
 This function calls:
		_EUSART_SetErrorHandler
		_EUSART_SetFramingErrorHandler
		_EUSART_SetOverrunErrorHandler
 This function is called by:
		_SYSTEM_Initialize
 This function uses a non-reentrant model


 *************** function _EUSART_SetOverrunErrorHandler *****************
 Defined at:
		line 161 in file "mcc_generated_files/eusart.c"
 Parameters:    Size  Location     Type
  interruptHan    2    0[BANK0 ] PTR FTN()void 
		 -> EUSART_DefaultOverrunErrorHandler(1), 
 Auto vars:     Size  Location     Type
		None
 Return value:  Size  Location     Type
                  1    wreg      void 
 Registers used:
		wreg
 Tracked objects:
		On entry : 
		On exit  : 
		Unchanged: 
 Data sizes:     COMMON   BANK0   BANK1   BANK2   BANK3   BANK4   BANK5   BANK6
      Params:         0       2       0       0       0       0       0       0
      Locals:         0       0       0       0       0       0       0       0
      Temps:          0       0       0       0       0       0       0       0
      Totals:         0       2       0       0       0       0       0       0
Total ram usage:        2 bytes
 Hardware stack levels used:    1
 Hardware stack levels required when called:    5
 This function calls:
		Nothing
 This function is called by:
		_EUSART_Initialize
 This function uses a non-reentrant model


 *************** function _EUSART_SetFramingErrorHandler *****************
 Defined at:
		line 157 in file "mcc_generated_files/eusart.c"
 Parameters:    Size  Location     Type
  interruptHan    2    0[BANK0 ] PTR FTN()void 
		 -> EUSART_DefaultFramingErrorHandler(1), 
 Auto vars:     Size  Location     Type
		None
 Return value:  Size  Location     Type
                  1    wreg      void 
 Registers used:
		wreg
 Tracked objects:
		On entry : 
		On exit  : 
		Unchanged: 
 Data sizes:     COMMON   BANK0   BANK1   BANK2   BANK3   BANK4   BANK5   BANK6
      Params:         0       2       0       0       0       0       0       0
      Locals:         0       0       0       0       0       0       0       0
      Temps:          0       0       0       0       0       0       0       0
      Totals:         0       2       0       0       0       0       0       0
Total ram usage:        2 bytes
 Hardware stack levels used:    1
 Hardware stack levels required when called:    5
 This function calls:
		Nothing
 This function is called by:
		_EUSART_Initialize
 This function uses a non-reentrant model


 *************** function _EUSART_SetErrorHandler *****************
 Defined at:
		line 165 in file "mcc_generated_files/eusart.c"
 Parameters:    Size  Location     Type
  interruptHan    2    0[BANK0 ] PTR FTN()void 
		 -> EUSART_DefaultErrorHandler(1), 
 Auto vars:     Size  Location     Type
		None
 Return value:  Size  Location     Type
                  1    wreg      void 
 Registers used:
		wreg
 Tracked objects:
		On entry : 
		On exit  : 
		Unchanged: 
 Data sizes:     COMMON   BANK0   BANK1   BANK2   BANK3   BANK4   BANK5   BANK6
      Params:         0       2       0       0       0       0       0       0
      Locals:         0       0       0       0       0       0       0       0
      Temps:          0       0       0       0       0       0       0       0
      Totals:         0       2       0       0       0       0       0       0
Total ram usage:        2 bytes
 Hardware stack levels used:    1
 Hardware stack levels required when called:    5
 This function calls:
		Nothing
 This function is called by:
		_EUSART_Initialize
 This function uses a non-reentrant model


 *************** function _COS_TskMan *****************
 Defined at:
		line 133 in file "SourceFiles/COS/COS_Main.c"
 Parameters:    Size  Location     Type
		None
 Auto vars:     Size  Location     Type
		None
 Return value:  Size  Location     Type
                  1    wreg      void 
 Registers used:
		wreg, fsr0l, fsr0h, status,2, status,0, pclath, cstack
 Tracked objects:
		On entry : 
		On exit  : 
		Unchanged: 
 Data sizes:     COMMON   BANK0   BANK1   BANK2   BANK3   BANK4   BANK5   BANK6
      Params:         0       0       0       0       0       0       0       0
      Locals:         0       0       0       0       0       0       0       0
      Temps:          0       2       0       0       0       0       0       0
      Totals:         0       2       0       0       0       0       0       0
Total ram usage:        2 bytes
 Hardware stack levels used:    1
 Hardware stack levels required when called:    8
 This function calls:
		_SHT25_StateMachine
		_UartDisplay
		___wmul
 This function is called by:
		_main
 This function uses a non-reentrant model


 *************** function ___wmul *****************
 Defined at:
		line 15 in file "C:\Program Files\Microchip\xc8\v2.20\pic\sources\c99\common\Umul16.c"
 Parameters:    Size  Location     Type
  multiplier      2    0[BANK0 ] unsigned int 
  multiplicand    2    2[BANK0 ] unsigned int 
 Auto vars:     Size  Location     Type
  product         2    4[BANK0 ] unsigned int 
 Return value:  Size  Location     Type
                  2    0[BANK0 ] unsigned int 
 Registers used:
		wreg, status,2, status,0
 Tracked objects:
		On entry : 
		On exit  : 
		Unchanged: 
 Data sizes:     COMMON   BANK0   BANK1   BANK2   BANK3   BANK4   BANK5   BANK6
      Params:         0       4       0       0       0       0       0       0
      Locals:         0       2       0       0       0       0       0       0
      Temps:          0       0       0       0       0       0       0       0
      Totals:         0       6       0       0       0       0       0       0
Total ram usage:        6 bytes
 Hardware stack levels used:    1
 Hardware stack levels required when called:    5
 This function calls:
		Nothing
 This function is called by:
		_COS_TskMan
 This function uses a non-reentrant model


 *************** function _SHT25_StateMachine *****************
 Defined at:
		line 34 in file "SourceFiles/SunSensor/SHT25.c"
 Parameters:    Size  Location     Type
		None
 Auto vars:     Size  Location     Type
		None
 Return value:  Size  Location     Type
                  1    wreg      void 
 Registers used:
		wreg, fsr0l, fsr0h, status,2, status,0, pclath, cstack
 Tracked objects:
		On entry : 
		On exit  : 
		Unchanged: 
 Data sizes:     COMMON   BANK0   BANK1   BANK2   BANK3   BANK4   BANK5   BANK6
      Params:         0       0       0       0       0       0       0       0
      Locals:         0       0       0       0       0       0       0       0
      Temps:          0       2       0       0       0       0       0       0
      Totals:         0       2       0       0       0       0       0       0
Total ram usage:        2 bytes
 Hardware stack levels used:    1
 Hardware stack levels required when called:    7
 This function calls:
		_I2C_Init
		_I2C_ReadByte
		_I2C_StartCondition
		_I2C_StopCondition
		_I2C_WriteByte
		_SHT25_FaultHand
		_SHT2x_CalcRelativeHumidity
		_SHT2x_CalcTemperatureC
 This function is called by:
		_COS_TskMan
 This function uses a non-reentrant model


 *************** function _UartDisplay *****************
 Defined at:
		line 23 in file "SourceFiles/SunSensor/UART_Display.c"
 Parameters:    Size  Location     Type
		None
 Auto vars:     Size  Location     Type
		None
 Return value:  Size  Location     Type
                  1    wreg      void 
 Registers used:
		wreg, status,2, status,0, pclath, cstack
 Tracked objects:
		On entry : 
		On exit  : 
		Unchanged: 
 Data sizes:     COMMON   BANK0   BANK1   BANK2   BANK3   BANK4   BANK5   BANK6
      Params:         0       0       0       0       0       0       0       0
      Locals:         0       0       0       0       0       0       0       0
      Temps:          0       0       0       0       0       0       0       0
      Totals:         0       0       0       0       0       0       0       0
Total ram usage:        0 bytes
 Hardware stack levels used:    1
 Hardware stack levels required when called:    6
 This function calls:
		_EUSART_Write
 This function is called by:
		_COS_TskMan
 This function uses a non-reentrant model


 *************** function _EUSART_Write *****************
 Defined at:
		line 132 in file "mcc_generated_files/eusart.c"
 Parameters:    Size  Location     Type
  txData          1    wreg     unsigned char 
 Auto vars:     Size  Location     Type
  txData          1    0[BANK0 ] unsigned char 
 Return value:  Size  Location     Type
                  1    wreg      void 
 Registers used:
		wreg
 Tracked objects:
		On entry : 
		On exit  : 
		Unchanged: 
 Data sizes:     COMMON   BANK0   BANK1   BANK2   BANK3   BANK4   BANK5   BANK6
      Params:         0       0       0       0       0       0       0       0
      Locals:         0       1       0       0       0       0       0       0
      Temps:          0       0       0       0       0       0       0       0
      Totals:         0       1       0       0       0       0       0       0
Total ram usage:        1 bytes
 Hardware stack levels used:    1
 Hardware stack levels required when called:    5
 This function calls:
		Nothing
 This function is called by:
		_UartDisplay
 This function uses a non-reentrant model


 *************** function _SHT2x_CalcTemperatureC *****************
 Defined at:
		line 142 in file "SourceFiles/SunSensor/SHT25.c"
 Parameters:    Size  Location     Type
		None
 Auto vars:     Size  Location     Type
  TemperatureT    4   17[BANK0 ] long 
  Temperature_    2   15[BANK0 ] unsigned short 
 Return value:  Size  Location     Type
                  2   12[BANK0 ] unsigned short 
 Registers used:
		wreg, status,2, status,0, pclath, cstack
 Tracked objects:
		On entry : 
		On exit  : 
		Unchanged: 
 Data sizes:     COMMON   BANK0   BANK1   BANK2   BANK3   BANK4   BANK5   BANK6
      Params:         0       2       0       0       0       0       0       0
      Locals:         0       6       0       0       0       0       0       0
      Temps:          0       1       0       0       0       0       0       0
      Totals:         0       9       0       0       0       0       0       0
Total ram usage:        9 bytes
 Hardware stack levels used:    1
 Hardware stack levels required when called:    6
 This function calls:
		___lmul
 This function is called by:
		_SHT25_StateMachine
 This function uses a non-reentrant model


 *************** function _SHT2x_CalcRelativeHumidity *****************
 Defined at:
		line 158 in file "SourceFiles/SunSensor/SHT25.c"
 Parameters:    Size  Location     Type
		None
 Auto vars:     Size  Location     Type
  RelativeHumi    4   17[BANK0 ] long 
  RelativeHumi    2   15[BANK0 ] unsigned short 
 Return value:  Size  Location     Type
                  2   12[BANK0 ] unsigned short 
 Registers used:
		wreg, status,2, status,0, pclath, cstack
 Tracked objects:
		On entry : 
		On exit  : 
		Unchanged: 
 Data sizes:     COMMON   BANK0   BANK1   BANK2   BANK3   BANK4   BANK5   BANK6
      Params:         0       2       0       0       0       0       0       0
      Locals:         0       6       0       0       0       0       0       0
      Temps:          0       1       0       0       0       0       0       0
      Totals:         0       9       0       0       0       0       0       0
Total ram usage:        9 bytes
 Hardware stack levels used:    1
 Hardware stack levels required when called:    6
 This function calls:
		___lmul
 This function is called by:
		_SHT25_StateMachine
 This function uses a non-reentrant model


 *************** function ___lmul *****************
 Defined at:
		line 15 in file "C:\Program Files\Microchip\xc8\v2.20\pic\sources\c99\common\Umul32.c"
 Parameters:    Size  Location     Type
  multiplier      4    0[BANK0 ] unsigned long 
  multiplicand    4    4[BANK0 ] unsigned long 
 Auto vars:     Size  Location     Type
  product         4    8[BANK0 ] unsigned long 
 Return value:  Size  Location     Type
                  4    0[BANK0 ] unsigned long 
 Registers used:
		wreg, status,2, status,0
 Tracked objects:
		On entry : 
		On exit  : 
		Unchanged: 
 Data sizes:     COMMON   BANK0   BANK1   BANK2   BANK3   BANK4   BANK5   BANK6
      Params:         0       8       0       0       0       0       0       0
      Locals:         0       4       0       0       0       0       0       0
      Temps:          0       0       0       0       0       0       0       0
      Totals:         0      12       0       0       0       0       0       0
Total ram usage:       12 bytes
 Hardware stack levels used:    1
 Hardware stack levels required when called:    5
 This function calls:
		Nothing
 This function is called by:
		_SHT2x_CalcTemperatureC
		_SHT2x_CalcRelativeHumidity
 This function uses a non-reentrant model


 *************** function _SHT25_FaultHand *****************
 Defined at:
		line 133 in file "SourceFiles/SunSensor/SHT25.c"
 Parameters:    Size  Location     Type
		None
 Auto vars:     Size  Location     Type
		None
 Return value:  Size  Location     Type
                  1    wreg      void 
 Registers used:
		wreg, status,2
 Tracked objects:
		On entry : 
		On exit  : 
		Unchanged: 
 Data sizes:     COMMON   BANK0   BANK1   BANK2   BANK3   BANK4   BANK5   BANK6
      Params:         0       0       0       0       0       0       0       0
      Locals:         0       0       0       0       0       0       0       0
      Temps:          0       1       0       0       0       0       0       0
      Totals:         0       1       0       0       0       0       0       0
Total ram usage:        1 bytes
 Hardware stack levels used:    1
 Hardware stack levels required when called:    5
 This function calls:
		Nothing
 This function is called by:
		_SHT25_StateMachine
 This function uses a non-reentrant model


 *************** function _I2C_WriteByte *****************
 Defined at:
		line 43 in file "SourceFiles/SunSensor/I2C_Driver.c"
 Parameters:    Size  Location     Type
  txByte          1    wreg     unsigned char 
 Auto vars:     Size  Location     Type
  txByte          1    1[BANK0 ] unsigned char 
  ack             1    2[BANK0 ] unsigned char 
 Return value:  Size  Location     Type
                  1    wreg      unsigned char 
 Registers used:
		wreg, status,2, status,0
 Tracked objects:
		On entry : 
		On exit  : 
		Unchanged: 
 Data sizes:     COMMON   BANK0   BANK1   BANK2   BANK3   BANK4   BANK5   BANK6
      Params:         0       0       0       0       0       0       0       0
      Locals:         0       2       0       0       0       0       0       0
      Temps:          0       1       0       0       0       0       0       0
      Totals:         0       3       0       0       0       0       0       0
Total ram usage:        3 bytes
 Hardware stack levels used:    1
 Hardware stack levels required when called:    5
 This function calls:
		Nothing
 This function is called by:
		_SHT25_StateMachine
 This function uses a non-reentrant model


 *************** function _I2C_StopCondition *****************
 Defined at:
		line 23 in file "SourceFiles/SunSensor/I2C_Driver.c"
 Parameters:    Size  Location     Type
		None
 Auto vars:     Size  Location     Type
		None
 Return value:  Size  Location     Type
                  1    wreg      void 
 Registers used:
		None
 Tracked objects:
		On entry : 
		On exit  : 
		Unchanged: 
 Data sizes:     COMMON   BANK0   BANK1   BANK2   BANK3   BANK4   BANK5   BANK6
      Params:         0       0       0       0       0       0       0       0
      Locals:         0       0       0       0       0       0       0       0
      Temps:          0       0       0       0       0       0       0       0
      Totals:         0       0       0       0       0       0       0       0
Total ram usage:        0 bytes
 Hardware stack levels used:    1
 Hardware stack levels required when called:    5
 This function calls:
		Nothing
 This function is called by:
		_SHT25_StateMachine
 This function uses a non-reentrant model


 *************** function _I2C_StartCondition *****************
 Defined at:
		line 15 in file "SourceFiles/SunSensor/I2C_Driver.c"
 Parameters:    Size  Location     Type
		None
 Auto vars:     Size  Location     Type
		None
 Return value:  Size  Location     Type
                  1    wreg      void 
 Registers used:
		None
 Tracked objects:
		On entry : 
		On exit  : 
		Unchanged: 
 Data sizes:     COMMON   BANK0   BANK1   BANK2   BANK3   BANK4   BANK5   BANK6
      Params:         0       0       0       0       0       0       0       0
      Locals:         0       0       0       0       0       0       0       0
      Temps:          0       0       0       0       0       0       0       0
      Totals:         0       0       0       0       0       0       0       0
Total ram usage:        0 bytes
 Hardware stack levels used:    1
 Hardware stack levels required when called:    5
 This function calls:
		Nothing
 This function is called by:
		_SHT25_StateMachine
 This function uses a non-reentrant model


 *************** function _I2C_ReadByte *****************
 Defined at:
		line 56 in file "SourceFiles/SunSensor/I2C_Driver.c"
 Parameters:    Size  Location     Type
  ack             1    wreg     unsigned char 
 Auto vars:     Size  Location     Type
  ack             1    1[BANK0 ] unsigned char 
  rxByte          1    2[BANK0 ] unsigned char 
 Return value:  Size  Location     Type
                  1    wreg      unsigned char 
 Registers used:
		wreg, status,2, status,0
 Tracked objects:
		On entry : 
		On exit  : 
		Unchanged: 
 Data sizes:     COMMON   BANK0   BANK1   BANK2   BANK3   BANK4   BANK5   BANK6
      Params:         0       0       0       0       0       0       0       0
      Locals:         0       2       0       0       0       0       0       0
      Temps:          0       1       0       0       0       0       0       0
      Totals:         0       3       0       0       0       0       0       0
Total ram usage:        3 bytes
 Hardware stack levels used:    1
 Hardware stack levels required when called:    5
 This function calls:
		Nothing
 This function is called by:
		_SHT25_StateMachine
 This function uses a non-reentrant model


 *************** function _I2C_Init *****************
 Defined at:
		line 4 in file "SourceFiles/SunSensor/I2C_Driver.c"
 Parameters:    Size  Location     Type
		None
 Auto vars:     Size  Location     Type
		None
 Return value:  Size  Location     Type
                  1    wreg      void 
 Registers used:
		wreg, status,2
 Tracked objects:
		On entry : 
		On exit  : 
		Unchanged: 
 Data sizes:     COMMON   BANK0   BANK1   BANK2   BANK3   BANK4   BANK5   BANK6
      Params:         0       0       0       0       0       0       0       0
      Locals:         0       0       0       0       0       0       0       0
      Temps:          0       0       0       0       0       0       0       0
      Totals:         0       0       0       0       0       0       0       0
Total ram usage:        0 bytes
 Hardware stack levels used:    1
 Hardware stack levels required when called:    5
 This function calls:
		Nothing
 This function is called by:
		_SHT25_StateMachine
 This function uses a non-reentrant model


 *************** function _COS_TmrHandler *****************
 Defined at:
		line 92 in file "SourceFiles/COS/COS_Main.c"
 Parameters:    Size  Location     Type
		None
 Auto vars:     Size  Location     Type
  tempbyte2       1    4[BANK0 ] unsigned char 
  tempbyte1       1    3[BANK0 ] unsigned char 
 Return value:  Size  Location     Type
                  1    wreg      void 
 Registers used:
		wreg, status,2, status,0
 Tracked objects:
		On entry : 
		On exit  : 
		Unchanged: 
 Data sizes:     COMMON   BANK0   BANK1   BANK2   BANK3   BANK4   BANK5   BANK6
      Params:         0       0       0       0       0       0       0       0
      Locals:         0       2       0       0       0       0       0       0
      Temps:          0       3       0       0       0       0       0       0
      Totals:         0       5       0       0       0       0       0       0
Total ram usage:        5 bytes
 Hardware stack levels used:    1
 Hardware stack levels required when called:    5
 This function calls:
		Nothing
 This function is called by:
		_main
 This function uses a non-reentrant model


 *************** function _COS_Init *****************
 Defined at:
		line 32 in file "SourceFiles/COS/COS_Main.c"
 Parameters:    Size  Location     Type
		None
 Auto vars:     Size  Location     Type
  tempbyte2       1    4[BANK0 ] unsigned char 
  tempbyte1       1    3[BANK0 ] unsigned char 
 Return value:  Size  Location     Type
                  1    wreg      void 
 Registers used:
		wreg, status,2, status,0, pclath, cstack
 Tracked objects:
		On entry : 
		On exit  : 
		Unchanged: 
 Data sizes:     COMMON   BANK0   BANK1   BANK2   BANK3   BANK4   BANK5   BANK6
      Params:         0       0       0       0       0       0       0       0
      Locals:         0       2       0       0       0       0       0       0
      Temps:          0       3       0       0       0       0       0       0
      Totals:         0       5       0       0       0       0       0       0
Total ram usage:        5 bytes
 Hardware stack levels used:    1
 Hardware stack levels required when called:    6
 This function calls:
		_COS_TimerSetup
 This function is called by:
		_main
 This function uses a non-reentrant model


 *************** function _COS_TimerSetup *****************
 Defined at:
		line 68 in file "SourceFiles/COS/COS_Main.c"
 Parameters:    Size  Location     Type
		None
 Auto vars:     Size  Location     Type
		None
 Return value:  Size  Location     Type
                  1    wreg      void 
 Registers used:
		wreg, status,2
 Tracked objects:
		On entry : 
		On exit  : 
		Unchanged: 
 Data sizes:     COMMON   BANK0   BANK1   BANK2   BANK3   BANK4   BANK5   BANK6
      Params:         0       0       0       0       0       0       0       0
      Locals:         0       0       0       0       0       0       0       0
      Temps:          0       0       0       0       0       0       0       0
      Totals:         0       0       0       0       0       0       0       0
Total ram usage:        0 bytes
 Hardware stack levels used:    1
 Hardware stack levels required when called:    5
 This function calls:
		Nothing
 This function is called by:
		_COS_Init
 This function uses a non-reentrant model


 *************** function _INTERRUPT_InterruptManager *****************
 Defined at:
		line 52 in file "mcc_generated_files/interrupt_manager.c"
 Parameters:    Size  Location     Type
		None
 Auto vars:     Size  Location     Type
		None
 Return value:  Size  Location     Type
                  1    wreg      void 
 Registers used:
		wreg, fsr0l, fsr0h, status,2, status,0, pclath, cstack
 Tracked objects:
		On entry : 
		On exit  : 
		Unchanged: 
 Data sizes:     COMMON   BANK0   BANK1   BANK2   BANK3   BANK4   BANK5   BANK6
      Params:         0       0       0       0       0       0       0       0
      Locals:         0       0       0       0       0       0       0       0
      Temps:          0       0       0       0       0       0       0       0
      Totals:         0       0       0       0       0       0       0       0
Total ram usage:        0 bytes
 Hardware stack levels used:    1
 Hardware stack levels required when called:    4
 This function calls:
		_TMR2_ISR
 This function is called by:
		Interrupt level 1
 This function uses a non-reentrant model


 *************** function _TMR2_ISR *****************
 Defined at:
		line 119 in file "mcc_generated_files/tmr2.c"
 Parameters:    Size  Location     Type
		None
 Auto vars:     Size  Location     Type
		None
 Return value:  Size  Location     Type
                  1    wreg      void 
 Registers used:
		wreg, fsr0l, fsr0h, status,2, status,0, pclath, cstack
 Tracked objects:
		On entry : 
		On exit  : 
		Unchanged: 
 Data sizes:     COMMON   BANK0   BANK1   BANK2   BANK3   BANK4   BANK5   BANK6
      Params:         0       0       0       0       0       0       0       0
      Locals:         0       0       0       0       0       0       0       0
      Temps:          0       0       0       0       0       0       0       0
      Totals:         0       0       0       0       0       0       0       0
Total ram usage:        0 bytes
 Hardware stack levels used:    1
 Hardware stack levels required when called:    3
 This function calls:
		_TMR2_CallBack
 This function is called by:
		_INTERRUPT_InterruptManager
 This function uses a non-reentrant model


 *************** function _TMR2_CallBack *****************
 Defined at:
		line 137 in file "mcc_generated_files/tmr2.c"
 Parameters:    Size  Location     Type
		None
 Auto vars:     Size  Location     Type
		None
 Return value:  Size  Location     Type
                  1    wreg      void 
 Registers used:
		wreg, fsr0l, fsr0h, status,2, status,0, pclath, cstack
 Tracked objects:
		On entry : 
		On exit  : 
		Unchanged: 
 Data sizes:     COMMON   BANK0   BANK1   BANK2   BANK3   BANK4   BANK5   BANK6
      Params:         0       0       0       0       0       0       0       0
      Locals:         0       0       0       0       0       0       0       0
      Temps:          0       0       0       0       0       0       0       0
      Totals:         0       0       0       0       0       0       0       0
Total ram usage:        0 bytes
 Hardware stack levels used:    1
 Hardware stack levels required when called:    2
 This function calls:
		Absolute function
		_Led2_PWM
		_TMR2_DefaultInterruptHandler
 This function is called by:
		_TMR2_ISR
 This function uses a non-reentrant model


 *************** function _Led2_PWM *****************
 Defined at:
		line 30 in file "SourceFiles/SunSensor/Led.c"
 Parameters:    Size  Location     Type
		None
 Auto vars:     Size  Location     Type
		None
 Return value:  Size  Location     Type
                  1    wreg      void 
 Registers used:
		wreg, fsr0l, fsr0h, status,2, status,0, pclath, cstack
 Tracked objects:
		On entry : 
		On exit  : 
		Unchanged: 
 Data sizes:     COMMON   BANK0   BANK1   BANK2   BANK3   BANK4   BANK5   BANK6
      Params:         0       0       0       0       0       0       0       0
      Locals:         0       0       0       0       0       0       0       0
      Temps:          2       0       0       0       0       0       0       0
      Totals:         2       0       0       0       0       0       0       0
Total ram usage:        2 bytes
 Hardware stack levels used:    1
 Hardware stack levels required when called:    1
 This function calls:
		_PWM1_LoadDutyValue
 This function is called by:
		_main
		_TMR2_CallBack
 This function uses a non-reentrant model


 *************** function _TMR2_DefaultInterruptHandler *****************
 Defined at:
		line 151 in file "mcc_generated_files/tmr2.c"
 Parameters:    Size  Location     Type
		None
 Auto vars:     Size  Location     Type
		None
 Return value:  Size  Location     Type
                  1    wreg      void 
 Registers used:
		None
 Tracked objects:
		On entry : 
		On exit  : 
		Unchanged: 
 Data sizes:     COMMON   BANK0   BANK1   BANK2   BANK3   BANK4   BANK5   BANK6
      Params:         0       0       0       0       0       0       0       0
      Locals:         0       0       0       0       0       0       0       0
      Temps:          0       0       0       0       0       0       0       0
      Totals:         0       0       0       0       0       0       0       0
Total ram usage:        0 bytes
 Hardware stack levels used:    1
 This function calls:
		Nothing
 This function is called by:
		_TMR2_Initialize
		_TMR2_CallBack
 This function uses a non-reentrant model


 *************** function _PWM1_LoadDutyValue *****************
 Defined at:
		line 72 in file "mcc_generated_files/pwm1.c"
 Parameters:    Size  Location     Type
  dutyValue       2    0[COMMON] unsigned short 
 Auto vars:     Size  Location     Type
		None
 Return value:  Size  Location     Type
                  1    wreg      void 
 Registers used:
		wreg, status,2, status,0
 Tracked objects:
		On entry : 
		On exit  : 
		Unchanged: 
 Data sizes:     COMMON   BANK0   BANK1   BANK2   BANK3   BANK4   BANK5   BANK6
      Params:         2       0       0       0       0       0       0       0
      Locals:         0       0       0       0       0       0       0       0
      Temps:          2       0       0       0       0       0       0       0
      Totals:         4       0       0       0       0       0       0       0
Total ram usage:        4 bytes
 Hardware stack levels used:    1
 This function calls:
		Nothing
 This function is called by:
		_Led2_PWM
 This function uses a non-reentrant model



MODULE INFORMATION

Module		Function		Class		Link	Load	Size
SourceFiles/SunSensor/Led.c
		_Led2_PWM      		CODE           	01B4	0000	103

SourceFiles/SunSensor/Led.c estimated size: 103

SourceFiles/SunSensor/UART_Display.c
		_UartDisplay   		CODE           	04D8	0000	9

SourceFiles/SunSensor/UART_Display.c estimated size: 9

mcc_generated_files/tmr2.c
		_TMR2_ISR      		CODE           	045A	0000	20
		_TMR2_Initialize		CODE           	046D	0000	19
		_TMR2_SetInterruptHandler		CODE           	04EE	0000	7
		_TMR2_DefaultInterruptHandler		CODE           	0515	0000	2
		_TMR2_CallBack 		CODE           	04B3	0000	12

mcc_generated_files/tmr2.c estimated size: 60

mcc_generated_files/interrupt_manager.c
		_INTERRUPT_InterruptManager		CODE           	0004	0000	15

mcc_generated_files/interrupt_manager.c estimated size: 15

SourceFiles/SunSensor/SHT25.c
		_SHT2x_CalcRelativeHumidity		CODE           	0277	0000	82
		_SHT25_StateMachine		CODE           	0037	0000	271
		_SHT2x_CalcTemperatureC		CODE           	02C8	0000	71
		_SHT25_FaultHand		CODE           	04A7	0000	13

SourceFiles/SunSensor/SHT25.c estimated size: 437

SourceFiles/SunSensor/I2C_Driver.c
		_I2C_WriteByte 		CODE           	0445	0000	22
		_I2C_StartCondition		CODE           	04C7	0000	10
		_I2C_Init      		CODE           	048E	0000	14
		_I2C_ReadByte  		CODE           	03BE	0000	33
		_I2C_StopCondition		CODE           	04BE	0000	10

SourceFiles/SunSensor/I2C_Driver.c estimated size: 89

C:\Program Files\Microchip\xc8\v2.20\pic\sources\c99\common\Umul16.c
		___wmul        		CODE           	03DE	0000	29

C:\Program Files\Microchip\xc8\v2.20\pic\sources\c99\common\Umul16.c estimated size: 29

mcc_generated_files/pin_manager.c
		_PIN_MANAGER_Initialize		CODE           	0415	0000	27

mcc_generated_files/pin_manager.c estimated size: 27

C:\Program Files\Microchip\xc8\v2.20\pic\sources\c99\common\Umul32.c
		___lmul        		CODE           	0349	0000	49

C:\Program Files\Microchip\xc8\v2.20\pic\sources\c99\common\Umul32.c estimated size: 49

shared
		_COS_tsk       		STRCODE        	049B	0000	13
		__initialization		CODE           	0014	0000	32
		_fsmStateTable 		STRCODE        	039E	0000	33

shared estimated size: 78

mcc_generated_files/mcc.c
		_OSCILLATOR_Initialize		CODE           	04F4	0000	7
		_SYSTEM_Initialize		CODE           	047F	0000	16

mcc_generated_files/mcc.c estimated size: 23

mcc_generated_files/pwm1.c
		_PWM1_Initialize		CODE           	04D0	0000	9
		_PWM1_LoadDutyValue		CODE           	042F	0000	23

mcc_generated_files/pwm1.c estimated size: 32

SourceFiles/COS/COS_Main.c
		_COS_TimerSetup		CODE           	050C	0000	7
		_COS_Init      		CODE           	030E	0000	60
		_COS_TskMan    		CODE           	0145	0000	112
		_COS_TmrHandler		CODE           	021A	0000	94

SourceFiles/COS/COS_Main.c estimated size: 273

mcc_generated_files/eusart.c
		_EUSART_Write  		CODE           	04E0	0000	9
		_EUSART_Initialize		CODE           	0379	0000	38
		_EUSART_SetFramingErrorHandler		CODE           	0500	0000	7
		_EUSART_SetErrorHandler		CODE           	0506	0000	7
		_EUSART_SetOverrunErrorHandler		CODE           	04FA	0000	7

mcc_generated_files/eusart.c estimated size: 68

main.c
		_main          		CODE           	03FA	0000	28

main.c estimated size: 28

